 LoaderGfx

 Timestamp is 41a2387e (Mon Nov 22 20:05:34 2004)

 Preferred load address is 00400000

 Start         Length     Name                   Class
 0001:00000000 0008abeaH .textbss                DATA
 0002:00000000 00042186H .text                   CODE
 0002:00042190 00001e8bH .text$x                 CODE
 0002:00044020 000010acH .text$yc                CODE
 0002:000450d0 0000104bH .text$yd                CODE
 0003:00000000 0003e67bH D3D                     CODE
 0003:0003e680 0001f724H D3D_RD                  CODE
 0003:0005ddb0 00009b80H D3D_URW                 CODE
 0004:00000000 0002c555H D3DX                    CODE
 0004:0002c558 000065f6H D3DX_RD                 CODE
 0005:00000000 00034f02H XGRPH                   CODE
 0005:00034f08 0000a057H XGRPH_RD                CODE
 0005:0003ef60 00002046H XGRPH_RW                CODE
 0006:00000000 00001005H .XID$A                  CODE
 0006:00001008 00001005H .XID$Gamepad            CODE
 0006:00002010 00001005H .XID$IrRemote           CODE
 0006:00003018 00001005H .XID$ZZZ                CODE
 0006:00004020 00001005H .XPP$ClassA             CODE
 0006:00005028 0000100aH .XPP$ClassXID           CODE
 0006:00006034 00001005H .XPP$ClassZZHub         CODE
 0006:0000703c 00001005H .XPP$ClassZZZ           CODE
 0006:00008041 00001001H .XPP$DATA               CODE
 0006:00009044 0000115cH .XPP$Data               CODE
 0006:0000a1a0 00002255H .XPPCINIT               CODE
 0006:0000c3f5 0000a283H .XPPCODE                CODE
 0006:00016678 000038e6H .XPPRDATA               CODE
 0006:00019f60 00001160H .XPPRINIT               CODE
 0007:00000000 00008683H .rdata                  DATA
 0007:00008684 00000157H .rdata$debug            DATA
 0007:000087dc 00000104H .rtc$IAA                DATA
 0007:000088e0 0000011cH .rtc$IMZ                DATA
 0007:000089fc 00000104H .rtc$IZZ                DATA
 0007:00008b00 00000104H .rtc$TAA                DATA
 0007:00008c04 0000011cH .rtc$TMZ                DATA
 0007:00008d20 00000104H .rtc$TZZ                DATA
 0007:00008e24 0000158fH .xdata$x                DATA
 0007:0000a3b3 00000000H .edata                  DATA
 0008:00000000 00000104H .CRT$RIA                DATA
 0008:00000104 00000104H .CRT$RII10              DATA
 0008:00000208 00000104H .CRT$RII15              DATA
 0008:0000030c 00000104H .CRT$RII20              DATA
 0008:00000410 00000104H .CRT$RIZ                DATA
 0008:00000514 00000104H .CRT$XCA                DATA
 0008:00000618 0000011bH .CRT$XCU                DATA
 0008:00000734 00000104H .CRT$XCZ                DATA
 0008:00000838 00000104H .CRT$XIA                DATA
 0008:0000093c 0000010eH .CRT$XIC                DATA
 0008:00000a4c 00000104H .CRT$XIY                DATA
 0008:00000b50 00000104H .CRT$XIZ                DATA
 0008:00000c54 00000104H .CRT$XPA                DATA
 0008:00000d58 00000104H .CRT$XPX                DATA
 0008:00000e5c 00000104H .CRT$XPZ                DATA
 0008:00000f60 00000104H .CRT$XTA                DATA
 0008:00001064 00000104H .CRT$XTB                DATA
 0008:00001168 00000104H .CRT$XTZ                DATA
 0008:0000126c 00000104H .XAPI$LNA               DATA
 0008:00001370 00000104H .XAPI$LNZ               DATA
 0008:00001480 00049450H .data                   DATA
 0008:0004a8e0 0001c514H .bss                    DATA
 0009:00000000 00000014H .idata$2                DATA
 0009:00000014 00000014H .idata$3                DATA
 0009:00000028 000002e8H .idata$4                DATA
 0009:00000310 000002e8H .idata$5                DATA
 0009:000005f8 0000010fH .idata$6                DATA
 000a:00000000 00000101H .tls                    DATA
 000a:00000108 000001a3H .tls$                   DATA
 000a:000002ab 00000101H .tls$ZZZ                DATA
 000b:00000000 00000113H .XBLD$A                 DATA
 000b:00000114 00000164H .XBLD$V                 DATA

  Address         Publics by Value              Rva+Base     Lib:Object

 0000:00000000       ___safe_se_handler_count   00000000     <absolute>
 0000:00000000       __except_list              00000000     <absolute>
 0000:00000000       ___safe_se_handler_table   00000000     <absolute>
 0000:00000004       __tls_array                00000004     <absolute>
 0001:00000000       __enc$textbss$begin        004003c0     <linker-defined>
 0001:0008abea       __enc$textbss$end          0048afaa     <linker-defined>
 0002:00009720       ??0cGifImage@@QAE@XZ       004946e0 f   cGif.obj
 0002:000098e0       ??1cGifImage@@QAE@XZ       004948a0 f   cGif.obj
 0002:000099d0       ?Clear@cGifImage@@AAEXXZ   00494990 f   cGif.obj
 0002:00009a30       ?PutColorData@cGifImage@@AAEXPAEH@Z 004949f0 f   cGif.obj
 0002:00009ad0       ?Mget_next_code@cGifImage@@AAEHXZ 00494a90 f   cGif.obj
 0002:00009dc0       ?GetSize@cGifImage@@QAEHPAEPAH1@Z 00494d80 f   cGif.obj
 0002:00009e60       ?LoadGifFromMemory@cGifImage@@QAEHPAE0@Z 00494e20 f   cGif.obj
 0002:0000a2b0       ?Initialize@KStarField@@QAEXHHPAM0@Z 00495270 f   KStars.obj
 0002:0000a4e0       ?Update@KStarField@@QAEXXZ 004954a0 f   KStars.obj
 0002:0000a810       ?Init@GifTexture@@QAEHPAEH@Z 004957d0 f   Main.obj
 0002:0000ab10       ?CreateTexture@D3DDevice@@SGJIIIKW4_D3DFORMAT@@KPAPAUD3DTexture@@@Z 00495ad0 f i Main.obj
 0002:0000aba0       ?LockRect@D3DTexture@@QAGJIPAU_D3DLOCKED_RECT@@PBUtagRECT@@K@Z 00495b60 f i Main.obj
 0002:0000ac10       ?UnlockRect@D3DTexture@@QAGJI@Z 00495bd0 f i Main.obj
 0002:0000aca0       ?InitPNG@GifTexture@@QAEHPAD@Z 00495c60 f   Main.obj
 0002:0000ad70       ?TrainerLaunch@@YAXXZ      00495d30 f   Main.obj
 0002:0000ae30       ?TrainerStart@@YAXXZ       00495df0 f   Main.obj
 0002:0000ae80       ?OptionStrLen@@YAHH@Z      00495e40 f   Main.obj
 0002:0000af20       ?OptionsInit@@YAXXZ        00495ee0 f   Main.obj
 0002:0000b000       ?OptionsWriteChar@@YAXHHMMDHH@Z 00495fc0 f   Main.obj
 0002:0000b0d0       ?OptionsWriteStringZ@@YAXHHMMPADHH@Z 00496090 f   Main.obj
 0002:0000b190       ?OptionsWriteStringZCenteredShift@@YAXHMMPADHH@Z 00496150 f   Main.obj
 0002:0000b260       ?OptionsWriteStringZCentered@@YAXHPADHH@Z 00496220 f   Main.obj
 0002:0000b330       ?OptionsWriteItem@@YAXHHHHH@Z 004962f0 f   Main.obj
 0002:0000b4e0       ?DrawOptions@@YAXXZ        004964a0 f   Main.obj
 0002:0000b620       ?CursorUp@@YAXXZ           004965e0 f   Main.obj
 0002:0000b690       ?CursorDown@@YAXXZ         00496650 f   Main.obj
 0002:0000b710       ?CursorDo@@YAXH@Z          004966d0 f   Main.obj
 0002:0000b7e0       _main                      004967a0 f   Main.obj
 0002:0000b850       ??0CXBoxSample@@QAE@XZ     00496810 f   Main.obj
 0002:0000b9c0       ?Cleanup@CXBApplication@@MAEJXZ 00496980 f i Main.obj
 0002:0000ba00       ?cutcols@@YAXPAH00@Z       004969c0 f   Main.obj
 0002:0000bac0       ?SetRGBtexture@CXBoxSample@@QAEJH@Z 00496a80 f   Main.obj
 0002:0000bbd0       ?Initialize@CXBoxSample@@UAEJXZ 00496b90 f   Main.obj
 0002:0000c410       ?CreateVertexBuffer@D3DDevice@@SGJIKKKPAPAUD3DVertexBuffer@@@Z 004973d0 f i Main.obj
 0002:0000c480       ?FrameMove@CXBoxSample@@UAEJXZ 00497440 f   Main.obj
 0002:0000c4c0       ?BandColor@CXBoxSample@@QAEJPAUD3DVertexBuffer@@HHHHKK@Z 00497480 f   Main.obj
 0002:0000c7e0       ?SetRenderState@D3DDevice@@SGJW4_D3DRENDERSTATETYPE@@K@Z 004977a0 f i Main.obj
 0002:0000cc50       ?SetTexture@D3DDevice@@SGJKPAUD3DBaseTexture@@@Z 00497c10 f i Main.obj
 0002:0000ccb0       ?SetTextureStageState@D3DDevice@@SGJKW4_D3DTEXTURESTAGESTATETYPE@@K@Z 00497c70 f i Main.obj
 0002:0000ce60       ?DrawPrimitive@D3DDevice@@SGJW4_D3DPRIMITIVETYPE@@II@Z 00497e20 f i Main.obj
 0002:0000cee0       ?SetVertexShader@D3DDevice@@SGJK@Z 00497ea0 f i Main.obj
 0002:0000cf30       ?SetStreamSource@D3DDevice@@SGJIPAUD3DVertexBuffer@@I@Z 00497ef0 f i Main.obj
 0002:0000cf90       ?Lock@D3DVertexBuffer@@QAGJIIPAPAEK@Z 00497f50 f i Main.obj
 0002:0000cff0       ?Unlock@D3DVertexBuffer@@QAGJXZ 00497fb0 f i Main.obj
 0002:0000d070       ??0D3DXVECTOR4@@QAE@MMMM@Z 00498030 f i Main.obj
 0002:0000d0f0       ?RasterLine@CXBoxSample@@QAEJPAUD3DVertexBuffer@@HPAUD3DTexture@@H@Z 004980b0 f   Main.obj
 0002:0000d480       ?BandFade@CXBoxSample@@QAEJPAUD3DVertexBuffer@@H@Z 00498440 f   Main.obj
 0002:0000d7e0       ?RenderState@CXBoxSample@@QAEJXZ 004987a0 f   Main.obj
 0002:0000d940       ?tFont_DrawLetter@CXBoxSample@@QAEJHHDHHH@Z 00498900 f   Main.obj
 0002:0000dab0       ?SetTexture@GifTexture@@QAEXXZ 00498a70 f i Main.obj
 0002:0000db10       ?tFont_DrawString@CXBoxSample@@QAEJHHPADHH@Z 00498ad0 f   Main.obj
 0002:0000dbb0       ?DrawQuad@CXBoxSample@@QAEJMMHHHHHHHHK@Z 00498b70 f   Main.obj
 0002:0000e140       ?DoIntro@CXBoxSample@@QAEJXZ 00499100 f   Main.obj
 0002:0000eca0       ?Render@CXBoxSample@@UAEJXZ 00499c60 f   Main.obj
 0002:0000ed30       ?Present@D3DDevice@@SGJPBUtagRECT@@0PAX1@Z 00499cf0 f i Main.obj
 0002:0000ed80       ?Clear@D3DDevice@@SGJKPBU_D3DRECT@@KKMK@Z 00499d40 f i Main.obj
 0002:0000edf0       ??0CXBApplication@@QAE@XZ  00499db0 f   xbapp.obj
 0002:0000ef90       ?Initialize@CXBApplication@@MAEJXZ 00499f50 f i xbapp.obj
 0002:0000efd0       ?FrameMove@CXBApplication@@MAEJXZ 00499f90 f i xbapp.obj
 0002:0000f010       ?Render@CXBApplication@@MAEJXZ 00499fd0 f i xbapp.obj
 0002:0000f050       ?Create@CXBApplication@@QAEJXZ 0049a010 f   xbapp.obj
 0002:0000f200       ?CreateDevice@Direct3D@@SGJIW4_D3DDEVTYPE@@PAXKPAU_D3DPRESENT_PARAMETERS_@@PAPAUD3DDevice@@@Z 0049a1c0 f i xbapp.obj
 0002:0000f270       ?GetBackBuffer@D3DDevice@@SGJHKPAPAUD3DSurface@@@Z 0049a230 f i xbapp.obj
 0002:0000f2d0       ?GetDepthStencilSurface@D3DDevice@@SGJPAPAUD3DSurface@@@Z 0049a290 f i xbapp.obj
 0002:0000f340       ?Destroy@CXBApplication@@QAEXXZ 0049a300 f   xbapp.obj
 0002:0000f3e0       ?Release@Direct3D@@SGKXZ   0049a3a0 f i xbapp.obj
 0002:0000f470       ?Release@D3DDevice@@SGKXZ  0049a430 f i xbapp.obj
 0002:0000f4c0       ?Run@CXBApplication@@QAEHXZ 0049a480 f   xbapp.obj
 0002:0000ff60       ?XBProfiling_IsFastCAPRequested@@YAHXZ 0049af20 f i xbapp.obj
 0002:0000ff90       ??0CXBSimpleFastCapProfile@@QAE@XZ 0049af50 f i xbapp.obj
 0002:0000ffd0       ??1CXBSimpleFastCapProfile@@QAE@XZ 0049af90 f i xbapp.obj
 0002:00010020       ?BeginProfiling@CXBSimpleFastCapProfile@@QAEXK@Z 0049afe0 f i xbapp.obj
 0002:00010060       ?EndProfiling@CXBSimpleFastCapProfile@@QAEXXZ 0049b020 f i xbapp.obj
 0002:000100a0       ?RenderGradientBackground@CXBApplication@@IAEJKK@Z 0049b060 f   xbapp.obj
 0002:000102c0       ?GetDisplayMode@D3DDevice@@SGJPAU_D3DDISPLAYMODE@@@Z 0049b280 f i xbapp.obj
 0002:00010870       ?SetVertexData4f@D3DDevice@@SGJHMMMM@Z 0049b830 f i xbapp.obj
 0002:000108e0       ?SetVertexDataColor@D3DDevice@@SGJHK@Z 0049b8a0 f i xbapp.obj
 0002:00010940       ?Begin@D3DDevice@@SGJW4_D3DPRIMITIVETYPE@@@Z 0049b900 f i xbapp.obj
 0002:00010990       ?End@D3DDevice@@SGJXZ      0049b950 f i xbapp.obj
 0002:000109e0       ?XBInput_CreateGamepads@@YAJPAPAUXBGAMEPAD@@@Z 0049b9a0 f   xbinput.obj
 0002:00010bd0       ?XBInput_RefreshDeviceList@@YAXPAUXBGAMEPAD@@@Z 0049bb90 f   xbinput.obj
 0002:00010f20       ?XBInput_GetInput@@YAXPAUXBGAMEPAD@@@Z 0049bee0 f   xbinput.obj
 0002:000118e0       _fabsf                     0049c8a0 f i xbinput.obj
 0002:00011940       ?XBUtil_DebugPrint@@YAXPBDZZ 0049c900 f   xbutil.obj
 0002:00011a10       ?XBUtil_SetMediaPath@@YAXPBD@Z 0049c9d0 f   xbutil.obj
 0002:00011a70       ?XBUtil_FindMediaFile@@YAJPADPBD@Z 0049ca30 f   xbutil.obj
 0002:00011bc0       ?XBUtil_Timer@@YAMW4TIMER_COMMAND@@@Z 0049cb80 f   xbutil.obj
 0002:00011db0       ?XBUtil_DrawRect@@YAXMMMMKK@Z 0049cd70 f   xbutil.obj
 0002:000125f0       ?DrawVerticesUP@D3DDevice@@SGJW4_D3DPRIMITIVETYPE@@IPBXI@Z 0049d5b0 f i xbutil.obj
 0002:00012650       ??0D3DXVECTOR4@@QAE@XZ     0049d610 f i xbutil.obj
 0002:00012690       ??_H@YGXPAXIHP6EPAX0@Z@Z   0049d650 f i xbutil.obj
 0002:00012700       ?XBUtil_InitMaterial@@YAXAAU_D3DMATERIAL8@@MMMM@Z 0049d6c0 f   xbutil.obj
 0002:000127e0       ?XBUtil_InitLight@@YAXAAU_D3DLIGHT8@@W4_D3DLIGHTTYPE@@MMM@Z 0049d7a0 f   xbutil.obj
 0002:00012950       ??0D3DXVECTOR3@@QAE@MMM@Z  0049d910 f i xbutil.obj
 0002:000129c0       ?XBUtil_CreateTexture@@YAJPAUD3DDevice@@PBDPAPAUD3DTexture@@W4_D3DFORMAT@@@Z 0049d980 f   xbutil.obj
 0002:00012aa0       ?XBUtil_UnswizzleTexture2D@@YAXPAU_D3DLOCKED_RECT@@PBU_D3DSURFACE_DESC@@@Z 0049da60 f   xbutil.obj
 0002:00012ba0       ?XBUtil_UnswizzleTexture3D@@YAXPAU_D3DLOCKED_BOX@@PBU_D3DVOLUME_DESC@@@Z 0049db60 f   xbutil.obj
 0002:00012cc0       ?XBUtil_SwizzleTexture2D@@YAXPAU_D3DLOCKED_RECT@@PBU_D3DSURFACE_DESC@@@Z 0049dc80 f   xbutil.obj
 0002:00012dc0       ?XBUtil_SwizzleTexture3D@@YAXPAU_D3DLOCKED_BOX@@PBU_D3DVOLUME_DESC@@@Z 0049dd80 f   xbutil.obj
 0002:00012ee0       ?XBUtil_CreateVertexShader@@YAJPBDPBKPAK@Z 0049dea0 f   xbutil.obj
 0002:00013100       ?CreateVertexShader@D3DDevice@@SGJPBK0PAKK@Z 0049e0c0 f i xbutil.obj
 0002:00013160       ?XBUtil_CreatePixelShader@@YAJPBDPAK@Z 0049e120 f   xbutil.obj
 0002:00013340       ?CreatePixelShader@D3DDevice@@SGJPBU_D3DPixelShaderDef@@PAK@Z 0049e300 f i xbutil.obj
 0002:000133a0       ?XBUtil_GetCubeMapViewMatrix@@YA?AUD3DXMATRIX@@K@Z 0049e360 f   xbutil.obj
 0002:00013770       ??0D3DXMATRIX@@QAE@XZ      0049e730 f i xbutil.obj
 0002:000137b0       ?XBUtil_CreateNormalizationCubeMap@@YAJKPAPAUD3DCubeTexture@@@Z 0049e770 f   xbutil.obj
 0002:00013c90       ?CreateCubeTexture@D3DDevice@@SGJIIKW4_D3DFORMAT@@KPAPAUD3DCubeTexture@@@Z 0049ec50 f i xbutil.obj
 0002:00013d20       ?Release@D3DResource@@QAGKXZ 0049ece0 f i xbutil.obj
 0002:00013d70       ?GetCubeMapSurface@D3DCubeTexture@@QAGJW4_D3DCUBEMAP_FACES@@IPAPAUD3DSurface@@@Z 0049ed30 f i xbutil.obj
 0002:00013df0       ?LockRect@D3DSurface@@QAGJPAU_D3DLOCKED_RECT@@PBUtagRECT@@K@Z 0049edb0 f i xbutil.obj
 0002:00013e50       ?UnlockRect@D3DSurface@@QAGJXZ 0049ee10 f i xbutil.obj
 0002:00013ed0       ??0D3DXVECTOR3@@QAE@XZ     0049ee90 f i xbutil.obj
 0002:00013f10       ?XBUtil_VectorToRGBA@@YAKPBUD3DXVECTOR3@@M@Z 0049eed0 f i xbutil.obj
 0002:00013fe0       ?XBUtil_DumpSurface@@YAJPAUD3DSurface@@PBDH@Z 0049efa0 f   xbutil.obj
 0002:00014260       ?GetDesc@D3DSurface@@QAGJPAU_D3DSURFACE_DESC@@@Z 0049f220 f i xbutil.obj
 0002:000142c0       ?XBUtil_EvaluateHermite@@YA?AUD3DXVECTOR3@@ABU1@000M@Z 0049f280 f   xbutil.obj
 0002:00014530       ??HD3DXVECTOR3@@QBE?AU0@ABU0@@Z 0049f4f0 f i xbutil.obj
 0002:000145e0       ??GD3DXVECTOR3@@QBE?AU0@ABU0@@Z 0049f5a0 f i xbutil.obj
 0002:00014690       ??DD3DXVECTOR3@@QBE?AU0@M@Z 0049f650 f i xbutil.obj
 0002:00014730       ??D@YA?AUD3DXVECTOR3@@MABU0@@Z 0049f6f0 f i xbutil.obj
 0002:000147d0       ?XBUtil_EvaluateCatmullRom@@YA?AUD3DXVECTOR3@@ABU1@000M@Z 0049f790 f   xbutil.obj
 0002:00014a70       ??GD3DXVECTOR3@@QBE?AU0@XZ 0049fa30 f i xbutil.obj
 0002:00014b20       ?XBUtil_GetSplinePoint@@YAXPBUD3DXVECTOR3@@KMPAU1@1@Z 0049fae0 f   xbutil.obj
 0002:00014dc0       _floorf                    0049fd80 f i xbutil.obj
 0002:00014e20       ?XBUtil_RenderSpline@@YAXPBUD3DXVECTOR3@@KKH@Z 0049fde0 f   xbutil.obj
 0002:000151d0       ?DrawPrimitiveUP@D3DDevice@@SGJW4_D3DPRIMITIVETYPE@@IPBXI@Z 004a0190 f i xbutil.obj
 0002:00015250       ??KD3DXVECTOR3@@QBE?AU0@M@Z 004a0210 f i xbutil.obj
 0002:00015310       ?D3DXVec3Cross@@YAPAUD3DXVECTOR3@@PAU1@PBU1@1@Z 004a02d0 f i xbutil.obj
 0002:00015440       ?XBUtil_DeclaratorFromFVF@@YAJKQAK@Z 004a0400 f   xbutil.obj
 0002:00015700       ?XBUtil_GetWide@@YAXPBDPAGK@Z 004a06c0 f   xbutil.obj
 0002:00015840       ?XBUtil_LoadFile@@YAJPBDPAPAXPAK@Z 004a0800 f   xbutil.obj
 0002:00015aeb       _XLaunchNewImageA@8        004a0aab f   xapilibd:launch.obj
 0002:00015b3d       _XWriteTitleInfoNoReboot@24 004a0afd f   xapilibd:launch.obj
 0002:00015c56       _XGetLaunchInfo@8          004a0c16 f   xapilibd:launch.obj
 0002:00015d32       _XWriteTitleInfoAndRebootA@20 004a0cf2 f   xapilibd:launch.obj
 0002:00015dad       _XGetVideoFlags@0          004a0d6d f   xapilibd:xgetvideoflags.obj
 0002:00015e08       _XGetVideoStandard@0       004a0dc8 f   xapilibd:xgetvideostandard.obj
 0002:00015e3b       _OutputDebugStringA@4      004a0dfb f   xapilibd:outputdebugstringa.obj
 0002:00015e79       _vXDebugPrint@16           004a0e39 f   xapilibd:outputdebugstringa.obj
 0002:00015efb       _XDebugPrint               004a0ebb f   xapilibd:outputdebugstringa.obj
 0002:00015f17       _XDebugError               004a0ed7 f   xapilibd:outputdebugstringa.obj
 0002:00015f32       _XDebugWarning             004a0ef2 f   xapilibd:outputdebugstringa.obj
 0002:00015f4d       _XDebugTrace               004a0f0d f   xapilibd:outputdebugstringa.obj
 0002:00015f68       _XDebugEntry               004a0f28 f   xapilibd:outputdebugstringa.obj
 0002:00015f83       _XDebugExit                004a0f43 f   xapilibd:outputdebugstringa.obj
 0002:00015f9e       _QueryPerformanceCounter@4 004a0f5e f   xapilibd:perfctr.obj
 0002:00015fb3       _QueryPerformanceFrequency@4 004a0f73 f   xapilibd:perfctr.obj
 0002:00015fda       _CloseHandle@4             004a0f9a f   xapilibd:handle.obj
 0002:00016003       _DuplicateHandle@28        004a0fc3 f   xapilibd:handle.obj
 0002:00016033       _CreateFileA@28            004a0ff3 f   xapilibd:fileopcr.obj
 0002:00016238       _CopyFileExA@24            004a11f8 f   xapilibd:fileopcr.obj
 0002:000165ee       _CopyFileA@12              004a15ae f   xapilibd:fileopcr.obj
 0002:00016616       _ReadFile@20               004a15d6 f   xapilibd:filehops.obj
 0002:0001673e       _WriteFile@20              004a16fe f   xapilibd:filehops.obj
 0002:00016849       _SetEndOfFile@4            004a1809 f   xapilibd:filehops.obj
 0002:000168ee       _SetFilePointer@16         004a18ae f   xapilibd:filehops.obj
 0002:00016a3a       _SetFilePointerEx@20       004a19fa f   xapilibd:filehops.obj
 0002:00016b45       _GetFileInformationByHandle@8 004a1b05 f   xapilibd:filehops.obj
 0002:00016c54       _GetFileTime@16            004a1c14 f   xapilibd:filehops.obj
 0002:00016cd3       _SetFileTime@16            004a1c93 f   xapilibd:filehops.obj
 0002:00016d61       _FlushFileBuffers@4        004a1d21 f   xapilibd:filehops.obj
 0002:00016d91       _GetFileSizeEx@8           004a1d51 f   xapilibd:filehops.obj
 0002:00016dde       _ReadFileEx@20             004a1d9e f   xapilibd:filehops.obj
 0002:00016e43       _WriteFileEx@20            004a1e03 f   xapilibd:filehops.obj
 0002:00016ea8       _DeviceIoControl@32        004a1e68 f   xapilibd:filehops.obj
 0002:00016fe5       _ReadFileScatter@20        004a1fa5 f   xapilibd:filehops.obj
 0002:0001710d       _WriteFileGather@20        004a20cd f   xapilibd:filehops.obj
 0002:00017218       _XGetFilePhysicalSortKey@4 004a21d8 f   xapilibd:filehops.obj
 0002:000172e8       _GetFileSize@8             004a22a8 f   xapilibd:filehops.obj
 0002:00017331       _UTF8ToUnicode@16          004a22f1 f   xapilibd:widechar.obj
 0002:000174dc       _UnicodeToUTF8@16          004a249c f   xapilibd:widechar.obj
 0002:000175c2       _MultiByteToWideChar@24    004a2582 f   xapilibd:widechar.obj
 0002:000176c4       _WideCharToMultiByte@32    004a2684 f   xapilibd:widechar.obj
 0002:00017834       _GetLastError@0            004a27f4 f   xapilibd:error.obj
 0002:00017882       _SetLastError@4            004a2842 f   xapilibd:error.obj
 0002:000178dc       _XapiSetLastNTError@4      004a289c f   xapilibd:error.obj
 0002:000178ff       _CreateIoCompletionPort@16 004a28bf f   xapilibd:error.obj
 0002:000179ae       _PostQueuedCompletionStatus@16 004a296e f   xapilibd:error.obj
 0002:000179e7       _GetQueuedCompletionStatus@20 004a29a7 f   xapilibd:error.obj
 0002:00017a75       _GetOverlappedResult@16    004a2a35 f   xapilibd:error.obj
 0002:00017b1d       _mainXapiStartup@4         004a2add f   xapilibd:xapi0.obj
 0002:00017bbd       _mainCRTStartup            004a2b7d f   xapilibd:xapi0.obj
 0002:00017c4b       _BuildUpdateFilePath@12    004a2c0b f   xapilibd:bootutil.obj
 0002:00017ca7       _XapipUpdateMountDashPartition@0 004a2c67 f   xapilibd:bootutil.obj
 0002:00017d45       _XoUpdateLoadXBEInfo@8     004a2d05 f   xapilibd:bootutil.obj
 0002:00017e44       _XoRebootToUpdaterWhilePreservingDDrive@12 004a2e04 f   xapilibd:bootutil.obj
 0002:00017f3a       _XoUpdateGetSavedDataFromLaunchPage@12 004a2efa f   xapilibd:bootutil.obj
 0002:00018009       _XapipUpdateGetCurrentDDriveMapping@8 004a2fc9 f   xapilibd:bootutil.obj
 0002:000180ff       _XapipUpdateSaveDDriveMappingToLaunchPage@8 004a30bf f   xapilibd:bootutil.obj
 0002:00018203       _XapipUpdateDetectAndVerify@16 004a31c3 f   xapilibd:bootutil.obj
 0002:0001849f       _XapipUpdateDashIfNecessary@4 004a345f f   xapilibd:bootutil.obj
 0002:00018557       _XapipLaunchNewImageInternal@16 004a3517 f   xapilibd:bootutil.obj
 0002:0001879b       _XapipUpdateRebootIfNecessary@0 004a375b f   xapilibd:bootutil.obj
 0002:00018a63       _lstrcmpA@8                004a3a23 f   xapilibd:lcompata.obj
 0002:00018ae0       _lstrcmpiA@8               004a3aa0 f   xapilibd:lcompata.obj
 0002:00018b36       _lstrcpyA@8                004a3af6 f   xapilibd:lcompata.obj
 0002:00018b83       _lstrcpynA@12              004a3b43 f   xapilibd:lcompata.obj
 0002:00018c01       _lstrcatA@8                004a3bc1 f   xapilibd:lcompata.obj
 0002:00018c71       _lstrlenA@4                004a3c31 f   xapilibd:lcompata.obj
 0002:00018cbe       _XGetAVPack@0              004a3c7e f   xapilibd:xgetavpack.obj
 0002:00018d1a       _XapiFormatObjectAttributes@12 004a3cda f   xapilibd:support.obj
 0002:00018d4d       _XapiFormatTimeOut@8       004a3d0d f   xapilibd:support.obj
 0002:00018d89       _CreateEventA@16           004a3d49 f   xapilibd:synch.obj
 0002:00018e02       _OpenEventA@12             004a3dc2 f   xapilibd:synch.obj
 0002:00018e75       _SetEvent@4                004a3e35 f   xapilibd:synch.obj
 0002:00018ea0       _ResetEvent@4              004a3e60 f   xapilibd:synch.obj
 0002:00018ec9       _PulseEvent@4              004a3e89 f   xapilibd:synch.obj
 0002:00018ef4       _CreateSemaphoreA@16       004a3eb4 f   xapilibd:synch.obj
 0002:00018f65       _OpenSemaphoreA@12         004a3f25 f   xapilibd:synch.obj
 0002:00018fd8       _ReleaseSemaphore@12       004a3f98 f   xapilibd:synch.obj
 0002:00019008       _CreateMutexA@12           004a3fc8 f   xapilibd:synch.obj
 0002:00019076       _OpenMutexA@12             004a4036 f   xapilibd:synch.obj
 0002:000190e9       _ReleaseMutex@4            004a40a9 f   xapilibd:synch.obj
 0002:00019114       _WaitForSingleObjectEx@12  004a40d4 f   xapilibd:synch.obj
 0002:00019169       _SignalObjectAndWait@16    004a4129 f   xapilibd:synch.obj
 0002:000191c1       _WaitForMultipleObjectsEx@20 004a4181 f   xapilibd:synch.obj
 0002:00019261       _SleepEx@8                 004a4221 f   xapilibd:synch.obj
 0002:000192c7       _CreateWaitableTimerA@12   004a4287 f   xapilibd:synch.obj
 0002:0001933c       _OpenWaitableTimerA@12     004a42fc f   xapilibd:synch.obj
 0002:000193af       _SetWaitableTimer@24       004a436f f   xapilibd:synch.obj
 0002:00019406       _CancelWaitableTimer@4     004a43c6 f   xapilibd:synch.obj
 0002:00019431       _WaitForSingleObject@8     004a43f1 f   xapilibd:synch.obj
 0002:0001944a       _WaitForMultipleObjects@16 004a440a f   xapilibd:synch.obj
 0002:0001946a       _Sleep@4                   004a442a f   xapilibd:synch.obj
 0002:0001947f       _XapiValidateDiskPartitionEx@8 004a443f f   xapilibd:xapiinit.obj
 0002:00019515       _XapiCopySectionToFile@16  004a44d5 f   xapilibd:xapiinit.obj
 0002:00019697       _XapiMapLetterToDirectory@24 004a4657 f   xapilibd:xapiinit.obj
 0002:00019bcb       _XapiSetupPerTitleDriveLetters@8 004a4b8b f   xapilibd:xapiinit.obj
 0002:00019c35       _XapiBootToDash@12         004a4bf5 f   xapilibd:xapiinit.obj
 0002:00019cb3       _XapiValidateDiskPartition@4 004a4c73 f   xapilibd:xapiinit.obj
 0002:00019ccc       _XapiInitProcess@0         004a4c8c f   xapilibd:xapiinit.obj
 0002:00019f6f       __cinit@0                  004a4f2f f   xapilibd:xapi0dat.obj
 0002:00019fc2       __rtinit@0                 004a4f82 f   xapilibd:xapi0dat.obj
 0002:00019fdd       _XapiRestrictCodeSelectorLimit@0 004a4f9d f   xapilibd:krnlptch.obj
 0002:0001a05a       _XapiApplyKernelPatches@0  004a501a f   xapilibd:krnlptch.obj
 0002:0001a150       _XapiCallThreadNotifyRoutines@4 004a5110 f   xapilibd:thread.obj
 0002:0001a199       _SetThreadPriority@8       004a5159 f   xapilibd:thread.obj
 0002:0001a1ff       _GetThreadPriority@4       004a51bf f   xapilibd:thread.obj
 0002:0001a268       _SetThreadPriorityBoost@8  004a5228 f   xapilibd:thread.obj
 0002:0001a2bf       _GetThreadPriorityBoost@8  004a527f f   xapilibd:thread.obj
 0002:0001a310       _SuspendThread@4           004a52d0 f   xapilibd:thread.obj
 0002:0001a33f       _ResumeThread@4            004a52ff f   xapilibd:thread.obj
 0002:0001a36e       _RaiseException@16         004a532e f   xapilibd:thread.obj
 0002:0001a3d9       _XapiDispatchAPC@12        004a5399 f   xapilibd:thread.obj
 0002:0001a3e9       _QueueUserAPC@12           004a53a9 f   xapilibd:thread.obj
 0002:0001a418       _SwitchToThread@0          004a53d8 f   xapilibd:thread.obj
 0002:0001a436       _ExitThread@4              004a53f6 f   xapilibd:thread.obj
 0002:0001a45a       _GetExitCodeThread@8       004a541a f   xapilibd:thread.obj
 0002:0001a4c7       _SetUnhandledExceptionFilter@4 004a5487 f   xapilibd:thread.obj
 0002:0001a4e1       _GetThreadTimes@20         004a54a1 f   xapilibd:thread.obj
 0002:0001a58c       _XRegisterThreadNotifyRoutine@8 004a554c f   xapilibd:thread.obj
 0002:0001a5e8       _XSetProcessQuantumLength@4 004a55a8 f   xapilibd:thread.obj
 0002:0001a62a       _XGetProcessQuantumLength@0 004a55ea f   xapilibd:thread.obj
 0002:0001a68b       _UnhandledExceptionFilter@4 004a564b f   xapilibd:thread.obj
 0002:0001a713       _XapiThreadStartup@8       004a56d3 f   xapilibd:thread.obj
 0002:0001a89b       _CreateThread@24           004a585b f   xapilibd:thread.obj
 0002:0001a924       _GetCurrentThreadId@0      004a58e4 f   xapilibd:thread.obj
 0002:0001a934       _XapiComputeContentMetadataFileName@8 004a58f4 f   xapilibd:contsig.obj
 0002:0001a9a4       _XComputeContentSignatureKey@8 004a5964 f   xapilibd:contsig.obj
 0002:0001a9cd       _XapiComputeContentHeaderSignature@16 004a598d f   xapilibd:contsig.obj
 0002:0001aaf4       _XapiLoadContentMetadataHeader@16 004a5ab4 f   xapilibd:contsig.obj
 0002:0001ac0d       _XapiVerifyAndLoadOptionalSectionData@12 004a5bcd f   xapilibd:contsig.obj
 0002:0001ad0c       _XapipGetAlternateTitleID@0 004a5ccc f   xapilibd:contsig.obj
 0002:0001ae10       _XGetContentInstallLocationFromIDs@16 004a5dd0 f   xapilibd:contsig.obj
 0002:0001ae8d       _XGetContentInstallLocation@12 004a5e4d f   xapilibd:contsig.obj
 0002:0001af0f       _XInstallContentSignaturesWithFileName@16 004a5ecf f   xapilibd:contsig.obj
 0002:0001b1c1       _XInstallContentSignaturesEx@16 004a6181 f   xapilibd:contsig.obj
 0002:0001b1fe       _XInstallContentSignatures@12 004a61be f   xapilibd:contsig.obj
 0002:0001b238       _XCreateContentSimple@24   004a61f8 f   xapilibd:contsig.obj
 0002:0001b47e       _XRemoveContent@4          004a643e f   xapilibd:contsig.obj
 0002:0001b4ea       _XLoadContentSignaturesWithFileName@8 004a64aa f   xapilibd:contsig.obj
 0002:0001b6b1       _XLoadContentSignaturesEx@8 004a6671 f   xapilibd:contsig.obj
 0002:0001b6e6       _XLocateSignatureByIndex@16 004a66a6 f   xapilibd:contsig.obj
 0002:0001b79f       _XLocateSignatureByNameEx@24 004a675f f   xapilibd:contsig.obj
 0002:0001b908       _XLocateSignatureByName@24 004a68c8 f   xapilibd:contsig.obj
 0002:0001b92e       _XLocateNextSignature@28   004a68ee f   xapilibd:contsig.obj
 0002:0001ba57       _XCalculateContentSignature@16 004a6a17 f   xapilibd:contsig.obj
 0002:0001bae1       _XLocateLiveSignature@12   004a6aa1 f   xapilibd:contsig.obj
 0002:0001bb5e       _XCloseContentSignatures@4 004a6b1e f   xapilibd:contsig.obj
 0002:0001bb9f       _xCompareStringA@20        004a6b5f f   xapilibd:compstra.obj
 0002:0001bddc       _XAutoPowerDownResetTimer@0 004a6d9c f   xapilibd:powerdwn.obj
 0002:0001be00       _XAutoPowerDownTimeRemaining@0 004a6dc0 f   xapilibd:powerdwn.obj
 0002:0001be70       _XapiAutoPowerDownTimeout@16 004a6e30 f   xapilibd:powerdwn.obj
 0002:0001be86       _XapiInitAutoPowerDown@0   004a6e46 f   xapilibd:powerdwn.obj
 0002:0001bf30       _XGetSectionHandleA@4      004a6ef0 f   xapilibd:xemodule.obj
 0002:0001bfcd       _XLoadSectionByHandle@4    004a6f8d f   xapilibd:xemodule.obj
 0002:0001c02d       _XFreeSectionByHandle@4    004a6fed f   xapilibd:xemodule.obj
 0002:0001c08c       _XLoadSectionA@4           004a704c f   xapilibd:xemodule.obj
 0002:0001c0ce       _XFreeSectionA@4           004a708e f   xapilibd:xemodule.obj
 0002:0001c110       _XGetSectionSize@4         004a70d0 f   xapilibd:xemodule.obj
 0002:0001c156       _XGetParentalControlSetting@0 004a7116 f   xapilibd:xgetparentalcontrolsetting.obj
 0002:0001c184       _GetDiskFreeSpaceExA@16    004a7144 f   xapilibd:pathmisc.obj
 0002:0001c2cf       _GetVolumeInformationA@32  004a728f f   xapilibd:pathmisc.obj
 0002:0001c5d6       _XapiSelectCachePartition@12 004a7596 f   xapilibd:pathmisc.obj
 0002:0001c94b       _XMountUtilityDrive@4      004a790b f   xapilibd:pathmisc.obj
 0002:0001cabf       _XFormatUtilityDrive@0     004a7a7f f   xapilibd:pathmisc.obj
 0002:0001cb8d       _XMountSecondaryUtilityDrive@0 004a7b4d f   xapilibd:pathmisc.obj
 0002:0001ceee       _XSwapUtilityDrives@0      004a7eae f   xapilibd:pathmisc.obj
 0002:0001d1b1       _XFormatSecondaryUtilityDrive@0 004a8171 f   xapilibd:pathmisc.obj
 0002:0001d27f       _XMountAlternateTitleA@12  004a823f f   xapilibd:pathmisc.obj
 0002:0001d59b       _XUnmountAlternateTitleA@4 004a855b f   xapilibd:pathmisc.obj
 0002:0001d62f       _XGetDiskClusterSizeA@4    004a85ef f   xapilibd:pathmisc.obj
 0002:0001d73d       _XGetDiskSectorSizeA@4     004a86fd f   xapilibd:pathmisc.obj
 0002:0001d83f       _XMUNameFromDriveLetter@12 004a87ff f   xapilibd:pathmisc.obj
 0002:0001d968       _HeapCreate@12             004a8928 f   xapilibd:xapiheap.obj
 0002:0001d9ca       _HeapDestroy@4             004a898a f   xapilibd:xapiheap.obj
 0002:0001d9f0       _HeapFree@12               004a89b0 f   xapilibd:xapiheap.obj
 0002:0001da0e       _HeapValidate@12           004a89ce f   xapilibd:xapiheap.obj
 0002:0001da2c       _GetProcessHeap@0          004a89ec f   xapilibd:xapiheap.obj
 0002:0001da32       _HeapCompact@8             004a89f2 f   xapilibd:xapiheap.obj
 0002:0001da3d       _HeapLock@4                004a89fd f   xapilibd:xapiheap.obj
 0002:0001da53       _HeapUnlock@4              004a8a13 f   xapilibd:xapiheap.obj
 0002:0001da69       _HeapWalk@8                004a8a29 f   xapilibd:xapiheap.obj
 0002:0001db7d       _LocalAlloc@8              004a8b3d f   xapilibd:xapiheap.obj
 0002:0001dbc0       _LocalReAlloc@12           004a8b80 f   xapilibd:xapiheap.obj
 0002:0001dc18       _LocalSize@4               004a8bd8 f   xapilibd:xapiheap.obj
 0002:0001dc34       _LocalFree@4               004a8bf4 f   xapilibd:xapiheap.obj
 0002:0001dc5c       _LocalLock@4               004a8c1c f   xapilibd:xapiheap.obj
 0002:0001dc68       _LocalHandle@4             004a8c28 f   xapilibd:xapiheap.obj
 0002:0001dc74       _LocalUnlock@4             004a8c34 f   xapilibd:xapiheap.obj
 0002:0001dc7a       _GlobalAlloc@8             004a8c3a f   xapilibd:xapiheap.obj
 0002:0001dcbd       _GlobalReAlloc@12          004a8c7d f   xapilibd:xapiheap.obj
 0002:0001dd15       _XSetAttributesOnHeapAlloc@8 004a8cd5 f   xapilibd:xapiheap.obj
 0002:0001dd29       _XGetAttributesOnHeapAlloc@4 004a8ce9 f   xapilibd:xapiheap.obj
 0002:0001ddf7       _RtlZeroHeap@8             004a8db7 f   xapilibd:heap.obj
 0002:0001dfab       _RtlpCreateUnCommittedRange@4 004a8f6b f   xapilibd:heap.obj
 0002:0001e15b       _RtlpDestroyUnCommittedRange@8 004a911b f   xapilibd:heap.obj
 0002:0001e1d0       _RtlpInsertUnCommittedPages@12 004a9190 f   xapilibd:heap.obj
 0002:0001e2e9       _RtlpFindAndCommitPages@16 004a92a9 f   xapilibd:heap.obj
 0002:0001e54c       _RtlpDestroyHeapSegment@4  004a950c f   xapilibd:heap.obj
 0002:0001e5d5       _RtlpCoalesceFreeBlocks@16 004a9595 f   xapilibd:heap.obj
 0002:0001ebf8       _RtlpInsertFreeBlock@12    004a9bb8 f   xapilibd:heap.obj
 0002:0001ee0a       _RtlpGetExtraStuffPointer@4 004a9dca f   xapilibd:heap.obj
 0002:0001ee30       _RtlpGetSizeOfBigBlock@4   004a9df0 f   xapilibd:heap.obj
 0002:0001ee90       _RtlpCheckBusyBlockTail@4  004a9e50 f   xapilibd:heap.obj
 0002:0001ef5d       _RtlpCheckHeapSignature@8  004a9f1d f   xapilibd:heap.obj
 0002:0001efc6       _RtlpValidateHeapHeaders@8 004a9f86 f   xapilibd:heap.obj
 0002:0001f0d7       _RtlpValidateHeapSegment@32 004aa097 f   xapilibd:heap.obj
 0002:0001f3b7       _RtlpValidateHeapEntry@12  004aa377 f   xapilibd:heap.obj
 0002:0001f4a8       _RtlpValidateHeap@8        004aa468 f   xapilibd:heap.obj
 0002:0001f8e8       _RtlDebugWalkHeap@8        004aa8a8 f   xapilibd:heap.obj
 0002:0001f943       _RtlWalkHeap@8             004aa903 f   xapilibd:heap.obj
 0002:0001fc39       _RtlLockHeap@4             004aabf9 f   xapilibd:heap.obj
 0002:0001fcbd       _RtlUnlockHeap@4           004aac7d f   xapilibd:heap.obj
 0002:0001fd41       _RtlValidateHeap@12        004aad01 f   xapilibd:heap.obj
 0002:0001fe14       _RtlDebugCompactHeap@8     004aadd4 f   xapilibd:heap.obj
 0002:0001feed       _RtlDestroyHeap@4          004aaead f   xapilibd:heap.obj
 0002:0001fffb       _RtlpGrowBlockInPlace@20   004aafbb f   xapilibd:heap.obj
 0002:00020894       _RtlSizeHeap@12            004ab854 f   xapilibd:heap.obj
 0002:000208d1       _RtlpInitializeHeapSegment@28 004ab891 f   xapilibd:heap.obj
 0002:00020a80       _RtlpExtendHeap@8          004aba40 f   xapilibd:heap.obj
 0002:00020cb2       _RtlpDeCommitFreeBlock@12  004abc72 f   xapilibd:heap.obj
 0002:000211a4       _RtlpCoalesceHeap@4        004ac164 f   xapilibd:heap.obj
 0002:000212ce       _RtlCompactHeap@8          004ac28e f   xapilibd:heap.obj
 0002:000213b0       _RtlCreateHeap@24          004ac370 f   xapilibd:heap.obj
 0002:0002197d       _RtlAllocateHeapSlowly@12  004ac93d f   xapilibd:heap.obj
 0002:00022892       _RtlFreeHeapSlowly@12      004ad852 f   xapilibd:heap.obj
 0002:00022be4       _RtlAllocateHeap@12        004adba4 f   xapilibd:heap.obj
 0002:00023a5d       _RtlFreeHeap@12            004aea1d f   xapilibd:heap.obj
 0002:00023f5a       _RtlReAllocateHeap@16      004aef1a f   xapilibd:heap.obj
 0002:00024ba0       _XapiShutdownChannelStartNextPacket@0 004afb60 f   xapilibd:xapiterm.obj
 0002:00024be7       _XapiShutdownChannelStartPacket@8 004afba7 f   xapilibd:xapiterm.obj
 0002:00024bfc       _XapiShutdownNotification@4 004afbbc f   xapilibd:xapiterm.obj
 0002:00024c68       _XapiChangeCodeSelectorLimit@8 004afc28 f   xapilibd:xapidlla.obj
 0002:00024c96       _XShaHmacInitialize@12     004afc56 f   xapilibd:xcalcsig.obj
 0002:00024d57       _XShaHmacUpdate@12         004afd17 f   xapilibd:xcalcsig.obj
 0002:00024daf       _XShaHmacComputeFinal@16   004afd6f f   xapilibd:xcalcsig.obj
 0002:00024e72       _XapiConvertSignatureToNonRoamable@12 004afe32 f   xapilibd:xcalcsig.obj
 0002:00024f2d       _XapipCalculateSaveGameSignatureBegin@8 004afeed f   xapilibd:xcalcsig.obj
 0002:00025015       _XapipCalculateSaveGameSignatureUpdate@12 004affd5 f   xapilibd:xcalcsig.obj
 0002:00025056       _XapipCalculateSaveGameSignatureEnd@8 004b0016 f   xapilibd:xcalcsig.obj
 0002:000250f9       _XapipCalculateContentSignatureBegin@0 004b00b9 f   xapilibd:xcalcsig.obj
 0002:0002513c       _XapipCalculateContentSignatureUpdate@12 004b00fc f   xapilibd:xcalcsig.obj
 0002:0002515d       _XapipCalculateContentSignatureEnd@8 004b011d f   xapilibd:xcalcsig.obj
 0002:00025192       _XCalculateSignatureGetSize@4 004b0152 f   xapilibd:xcalcsig.obj
 0002:000251d0       _XCalculateSignatureBeginEx@8 004b0190 f   xapilibd:xcalcsig.obj
 0002:00025257       _XCalculateSignatureBegin@4 004b0217 f   xapilibd:xcalcsig.obj
 0002:00025273       _XCalculateSignatureUpdate@12 004b0233 f   xapilibd:xcalcsig.obj
 0002:00025341       _XCalculateSignatureEnd@8  004b0301 f   xapilibd:xcalcsig.obj
 0002:000253e4       _XMemAlloc@8               004b03a4 f   xapilibd:xmem.obj
 0002:00025512       _XMemFree@8                004b04d2 f   xapilibd:xmem.obj
 0002:000256a3       _XMemSize@8                004b0663 f   xapilibd:xmem.obj
 0002:000256c6       _XapiNukeDirectoryFromHandle@8 004b0686 f   xapilibd:xclndrv.obj
 0002:000258a2       _XapiNukeDirectory@8       004b0862 f   xapilibd:xclndrv.obj
 0002:00025951       _SetFileAttributesA@8      004b0911 f   xapilibd:filemisc.obj
 0002:00025a20       _GetFileAttributesA@4      004b09e0 f   xapilibd:filemisc.obj
 0002:00025a7d       _GetFileAttributesExA@12   004b0a3d f   xapilibd:filemisc.obj
 0002:00025b43       _MoveFileA@8               004b0b03 f   xapilibd:filemisc.obj
 0002:00025bfe       _DeleteFileA@4             004b0bbe f   xapilibd:filemisc.obj
 0002:00025caf       _XSetFileCacheSize@4       004b0c6f f   xapilibd:filemisc.obj
 0002:00025ce8       _XGetFileCacheSize@0       004b0ca8 f   xapilibd:filemisc.obj
 0002:00025cf4       _XapiGetDirectoryDisplayBlocks@12 004b0cb4 f   xapilibd:filemisc.obj
 0002:00025e76       _XGetDisplayBlocks@4       004b0e36 f   xapilibd:filemisc.obj
 0002:00025f84       _MoveFileWithProgressA@20  004b0f44 f   xapilibd:filemisc.obj
 0002:000260b0       _MoveFileExA@12            004b1070 f   xapilibd:filemisc.obj
 0002:0002614a       _RootHubPortToPortNumber@4 004b110a f i xapilibd:roothub.obj
 0002:0002615a       _PortNumberToRootHubPort@4 004b111a f i xapilibd:roothub.obj
 0002:000261a6       _XQueryValue@20            004b1166 f   xapilibd:xqueryvalue.obj
 0002:000261d0       _XapiFormatFATVolumeEx@8   004b1190 f   xapilibd:format.obj
 0002:000265bd       _XapiFormatFATVolume@4     004b157d f   xapilibd:format.obj
 0002:000265d6       _lstrcmpW@8                004b1596 f   xapilibd:lcompat.obj
 0002:0002662c       _lstrcmpiW@8               004b15ec f   xapilibd:lcompat.obj
 0002:00026682       _lstrcpyW@8                004b1642 f   xapilibd:lcompat.obj
 0002:000266c8       _lstrcpynW@12              004b1688 f   xapilibd:lcompat.obj
 0002:0002674f       _lstrcatW@8                004b170f f   xapilibd:lcompat.obj
 0002:00026795       _lstrlenW@4                004b1755 f   xapilibd:lcompat.obj
 0002:000267e0       @RtlFindFirstSetRightMember@4 004b17a0 f   xapilibd:bitmapa.obj
 0002:000267e4       _XPhysicalAlloc@16         004b17a4 f   xapilibd:physical.obj
 0002:000268a7       _XPhysicalAllocEx@20       004b1867 f   xapilibd:physical.obj
 0002:00026935       _XPhysicalSize@4           004b18f5 f   xapilibd:physical.obj
 0002:00026962       _XPhysicalProtect@12       004b1922 f   xapilibd:physical.obj
 0002:000269ba       _XPhysicalFree@4           004b197a f   xapilibd:physical.obj
 0002:000269e7       _XQueryMemoryProtect@4     004b19a7 f   xapilibd:physical.obj
 0002:000269f3       _xCompareStringW@20        004b19b3 f   xapilibd:compstr.obj
 0002:00026bf2       _MmPersistContiguousMemory@12 004b1bb2 f   xboxkrnl:xboxkrnl.exe
 0002:00026bf8       _MmAllocateContiguousMemory@4 004b1bb8 f   xboxkrnl:xboxkrnl.exe
 0002:00026bfe       _MmFreeContiguousMemory@4  004b1bbe f   xboxkrnl:xboxkrnl.exe
 0002:00026c04       _RtlRip@12                 004b1bc4 f   xboxkrnl:xboxkrnl.exe
 0002:00026c0a       _RtlNtStatusToDosError@4   004b1bca f   xboxkrnl:xboxkrnl.exe
 0002:00026c10       _HalReturnToFirmware@4     004b1bd0 f   xboxkrnl:xboxkrnl.exe
 0002:00026c16       _ExQueryNonVolatileSetting@20 004b1bd6 f   xboxkrnl:xboxkrnl.exe
 0002:00026c1c       @KfLowerIrql@4             004b1bdc f   xboxkrnl:xboxkrnl.exe
 0002:00026c22       _KeRaiseIrqlToDpcLevel@0   004b1be2 f   xboxkrnl:xboxkrnl.exe
 0002:00026c28       _DbgPrint                  004b1be8 f   xboxkrnl:xboxkrnl.exe
 0002:00026c2e       @KfRaiseIrql@4             004b1bee f   xboxkrnl:xboxkrnl.exe
 0002:00026c34       _DbgBreakPoint@0           004b1bf4 f   xboxkrnl:xboxkrnl.exe
 0002:00026c3a       _NtClose@4                 004b1bfa f   xboxkrnl:xboxkrnl.exe
 0002:00026c40       _NtDuplicateObject@12      004b1c00 f   xboxkrnl:xboxkrnl.exe
 0002:00026c46       _NtCreateFile@36           004b1c06 f   xboxkrnl:xboxkrnl.exe
 0002:00026c4c       _RtlInitAnsiString@8       004b1c0c f   xboxkrnl:xboxkrnl.exe
 0002:00026c52       _NtWriteFile@32            004b1c12 f   xboxkrnl:xboxkrnl.exe
 0002:00026c58       _NtReadFile@32             004b1c18 f   xboxkrnl:xboxkrnl.exe
 0002:00026c5e       _NtSetInformationFile@20   004b1c1e f   xboxkrnl:xboxkrnl.exe
 0002:00026c64       _NtQueryInformationFile@20 004b1c24 f   xboxkrnl:xboxkrnl.exe
 0002:00026c6a       _MmFreeSystemMemory@8      004b1c2a f   xboxkrnl:xboxkrnl.exe
 0002:00026c70       _NtOpenFile@24             004b1c30 f   xboxkrnl:xboxkrnl.exe
 0002:00026c76       _MmAllocateSystemMemory@8  004b1c36 f   xboxkrnl:xboxkrnl.exe
 0002:00026c7c       _NtWaitForSingleObject@12  004b1c3c f   xboxkrnl:xboxkrnl.exe
 0002:00026c82       _NtQueryVolumeInformationFile@20 004b1c42 f   xboxkrnl:xboxkrnl.exe
 0002:00026c88       _NtFlushBuffersFile@8      004b1c48 f   xboxkrnl:xboxkrnl.exe
 0002:00026c8e       _NtUserIoApcDispatcher@12  004b1c4e f   xboxkrnl:xboxkrnl.exe
 0002:00026c94       _NtFsControlFile@40        004b1c54 f   xboxkrnl:xboxkrnl.exe
 0002:00026c9a       _NtDeviceIoControlFile@40  004b1c5a f   xboxkrnl:xboxkrnl.exe
 0002:00026ca0       _NtReadFileScatter@32      004b1c60 f   xboxkrnl:xboxkrnl.exe
 0002:00026ca6       _NtWriteFileGather@32      004b1c66 f   xboxkrnl:xboxkrnl.exe
 0002:00026cac       @ObfDereferenceObject@4    004b1c6c f   xboxkrnl:xboxkrnl.exe
 0002:00026cb2       _IoQueryVolumeInformation@20 004b1c72 f   xboxkrnl:xboxkrnl.exe
 0002:00026cb8       _ObReferenceObjectByHandle@12 004b1c78 f   xboxkrnl:xboxkrnl.exe
 0002:00026cbe       _RtlAnsiStringToUnicodeString@12 004b1c7e f   xboxkrnl:xboxkrnl.exe
 0002:00026cc4       _RtlAssert@16              004b1c84 f   xboxkrnl:xboxkrnl.exe
 0002:00026cca       _RtlUnicodeStringToAnsiString@12 004b1c8a f   xboxkrnl:xboxkrnl.exe
 0002:00026cd0       _NtCreateIoCompletion@16   004b1c90 f   xboxkrnl:xboxkrnl.exe
 0002:00026cd6       _NtSetIoCompletion@20      004b1c96 f   xboxkrnl:xboxkrnl.exe
 0002:00026cdc       _NtRemoveIoCompletion@20   004b1c9c f   xboxkrnl:xboxkrnl.exe
 0002:00026ce2       _IoCreateSymbolicLink@8    004b1ca2 f   xboxkrnl:xboxkrnl.exe
 0002:00026ce8       _IoDeleteSymbolicLink@4    004b1ca8 f   xboxkrnl:xboxkrnl.exe
 0002:00026cee       _NtQuerySymbolicLinkObject@12 004b1cae f   xboxkrnl:xboxkrnl.exe
 0002:00026cf4       _NtOpenSymbolicLinkObject@8 004b1cb4 f   xboxkrnl:xboxkrnl.exe
 0002:00026cfa       _XcSHAFinal@8              004b1cba f   xboxkrnl:xboxkrnl.exe
 0002:00026d00       _XcSHAUpdate@12            004b1cc0 f   xboxkrnl:xboxkrnl.exe
 0002:00026d06       _XcSHAInit@4               004b1cc6 f   xboxkrnl:xboxkrnl.exe
 0002:00026d0c       _KeInitializeTimerEx@8     004b1ccc f   xboxkrnl:xboxkrnl.exe
 0002:00026d12       _KeSetTimer@16             004b1cd2 f   xboxkrnl:xboxkrnl.exe
 0002:00026d18       _KeCancelTimer@4           004b1cd8 f   xboxkrnl:xboxkrnl.exe
 0002:00026d1e       _KeSetEvent@12             004b1cde f   xboxkrnl:xboxkrnl.exe
 0002:00026d24       _KeWaitForSingleObject@20  004b1ce4 f   xboxkrnl:xboxkrnl.exe
 0002:00026d2a       _KeInitializeDpc@12        004b1cea f   xboxkrnl:xboxkrnl.exe
 0002:00026d30       _NtCreateEvent@16          004b1cf0 f   xboxkrnl:xboxkrnl.exe
 0002:00026d36       _ObOpenObjectByName@16     004b1cf6 f   xboxkrnl:xboxkrnl.exe
 0002:00026d3c       _NtSetEvent@8              004b1cfc f   xboxkrnl:xboxkrnl.exe
 0002:00026d42       _NtClearEvent@4            004b1d02 f   xboxkrnl:xboxkrnl.exe
 0002:00026d48       _NtPulseEvent@8            004b1d08 f   xboxkrnl:xboxkrnl.exe
 0002:00026d4e       _NtCreateSemaphore@16      004b1d0e f   xboxkrnl:xboxkrnl.exe
 0002:00026d54       _NtReleaseSemaphore@12     004b1d14 f   xboxkrnl:xboxkrnl.exe
 0002:00026d5a       _NtCreateMutant@12         004b1d1a f   xboxkrnl:xboxkrnl.exe
 0002:00026d60       _NtReleaseMutant@8         004b1d20 f   xboxkrnl:xboxkrnl.exe
 0002:00026d66       _NtWaitForSingleObjectEx@16 004b1d26 f   xboxkrnl:xboxkrnl.exe
 0002:00026d6c       _NtSignalAndWaitForSingleObjectEx@20 004b1d2c f   xboxkrnl:xboxkrnl.exe
 0002:00026d72       _NtWaitForMultipleObjectsEx@24 004b1d32 f   xboxkrnl:xboxkrnl.exe
 0002:00026d78       _KeDelayExecutionThread@12 004b1d38 f   xboxkrnl:xboxkrnl.exe
 0002:00026d7e       _NtCreateTimer@12          004b1d3e f   xboxkrnl:xboxkrnl.exe
 0002:00026d84       _NtSetTimerEx@32           004b1d44 f   xboxkrnl:xboxkrnl.exe
 0002:00026d8a       _NtCancelTimer@8           004b1d4a f   xboxkrnl:xboxkrnl.exe
 0002:00026d90       _KeQuerySystemTime@4       004b1d50 f   xboxkrnl:xboxkrnl.exe
 0002:00026d96       _HalRegisterShutdownNotification@8 004b1d56 f   xboxkrnl:xboxkrnl.exe
 0002:00026d9c       _MmSetAddressProtect@12    004b1d5c f   xboxkrnl:xboxkrnl.exe
 0002:00026da2       _MmQueryAddressProtect@4   004b1d62 f   xboxkrnl:xboxkrnl.exe
 0002:00026da8       _RtlLeaveCriticalSection@4 004b1d68 f   xboxkrnl:xboxkrnl.exe
 0002:00026dae       _RtlEnterCriticalSection@4 004b1d6e f   xboxkrnl:xboxkrnl.exe
 0002:00026db4       _KeSetBasePriorityThread@8 004b1d74 f   xboxkrnl:xboxkrnl.exe
 0002:00026dba       _KeQueryBasePriorityThread@4 004b1d7a f   xboxkrnl:xboxkrnl.exe
 0002:00026dc0       _KeSetDisableBoostThread@8 004b1d80 f   xboxkrnl:xboxkrnl.exe
 0002:00026dc6       _NtSuspendThread@8         004b1d86 f   xboxkrnl:xboxkrnl.exe
 0002:00026dcc       _NtResumeThread@8          004b1d8c f   xboxkrnl:xboxkrnl.exe
 0002:00026dd2       _RtlRaiseException@4       004b1d92 f   xboxkrnl:xboxkrnl.exe
 0002:00026dd8       _NtQueueApcThread@20       004b1d98 f   xboxkrnl:xboxkrnl.exe
 0002:00026dde       _NtYieldExecution@0        004b1d9e f   xboxkrnl:xboxkrnl.exe
 0002:00026de4       _PsTerminateSystemThread@4 004b1da4 f   xboxkrnl:xboxkrnl.exe
 0002:00026dea       _PsCreateSystemThreadEx@40 004b1daa f   xboxkrnl:xboxkrnl.exe
 0002:00026df0       _XcHMAC@28                 004b1db0 f   xboxkrnl:xboxkrnl.exe
 0002:00026df6       _RtlCompareString@12       004b1db6 f   xboxkrnl:xboxkrnl.exe
 0002:00026dfc       _HalGetInterruptVector@8   004b1dbc f   xboxkrnl:xboxkrnl.exe
 0002:00026e02       _KeConnectInterrupt@4      004b1dc2 f   xboxkrnl:xboxkrnl.exe
 0002:00026e08       _KeInitializeInterrupt@28  004b1dc8 f   xboxkrnl:xboxkrnl.exe
 0002:00026e0e       _KeStallExecutionProcessor@4 004b1dce f   xboxkrnl:xboxkrnl.exe
 0002:00026e14       _ExAllocatePoolWithTag@8   004b1dd4 f   xboxkrnl:xboxkrnl.exe
 0002:00026e1a       _ExFreePool@4              004b1dda f   xboxkrnl:xboxkrnl.exe
 0002:00026e20       _KeQueryInterruptTime@0    004b1de0 f   xboxkrnl:xboxkrnl.exe
 0002:00026e26       _HalInitiateShutdown@0     004b1de6 f   xboxkrnl:xboxkrnl.exe
 0002:00026e2c       _RtlEqualString@12         004b1dec f   xboxkrnl:xboxkrnl.exe
 0002:00026e32       _XeLoadSection@4           004b1df2 f   xboxkrnl:xboxkrnl.exe
 0002:00026e38       _XeUnloadSection@4         004b1df8 f   xboxkrnl:xboxkrnl.exe
 0002:00026e3e       _RtlFillMemoryUlong@12     004b1dfe f   xboxkrnl:xboxkrnl.exe
 0002:00026e44       _NtFreeVirtualMemory@12    004b1e04 f   xboxkrnl:xboxkrnl.exe
 0002:00026e4a       _NtAllocateVirtualMemory@20 004b1e0a f   xboxkrnl:xboxkrnl.exe
 0002:00026e50       _RtlCompareMemoryUlong@12  004b1e10 f   xboxkrnl:xboxkrnl.exe
 0002:00026e56       _RtlCompareMemory@12       004b1e16 f   xboxkrnl:xboxkrnl.exe
 0002:00026e5c       _RtlInitializeCriticalSection@4 004b1e1c f   xboxkrnl:xboxkrnl.exe
 0002:00026e62       _NtQueryVirtualMemory@8    004b1e22 f   xboxkrnl:xboxkrnl.exe
 0002:00026e68       _NtQueryDirectoryFile@40   004b1e28 f   xboxkrnl:xboxkrnl.exe
 0002:00026e6e       _NtQueryFullAttributesFile@8 004b1e2e f   xboxkrnl:xboxkrnl.exe
 0002:00026e74       _FscSetCacheSize@4         004b1e34 f   xboxkrnl:xboxkrnl.exe
 0002:00026e7a       _FscGetCacheSize@0         004b1e3a f   xboxkrnl:xboxkrnl.exe
 0002:00026e80       _MmGetPhysicalAddress@4    004b1e40 f   xboxkrnl:xboxkrnl.exe
 0002:00026e86       _MmLockUnlockBufferPages@12 004b1e46 f   xboxkrnl:xboxkrnl.exe
 0002:00026e8c       _KeInsertQueueDpc@12       004b1e4c f   xboxkrnl:xboxkrnl.exe
 0002:00026e92       _MmLockUnlockPhysicalPage@8 004b1e52 f   xboxkrnl:xboxkrnl.exe
 0002:00026e98       _MmAllocateContiguousMemoryEx@20 004b1e58 f   xboxkrnl:xboxkrnl.exe
 0002:00026e9e       _MmQueryAllocationSize@4   004b1e5e f   xboxkrnl:xboxkrnl.exe
 0002:00026ea4       _AvGetSavedDataAddress@0   004b1e64 f   xboxkrnl:xboxkrnl.exe
 0002:00026eaa       _AvSendTVEncoderOption@16  004b1e6a f   xboxkrnl:xboxkrnl.exe
 0002:00026eb0       _AvSetDisplayMode@24       004b1e70 f   xboxkrnl:xboxkrnl.exe
 0002:00026eb6       _AvSetSavedDataAddress@4   004b1e76 f   xboxkrnl:xboxkrnl.exe
 0002:00026ebc       _MmQueryStatistics@4       004b1e7c f   xboxkrnl:xboxkrnl.exe
 0002:00026ec2       _RtlWalkFrameChain@12      004b1e82 f   xboxkrnl:xboxkrnl.exe
 0002:00026ec8       _NtDeleteFile@4            004b1e88 f   xboxkrnl:xboxkrnl.exe
 0002:00026ece       _HalReadWritePCISpace@24   004b1e8e f   xboxkrnl:xboxkrnl.exe
 0002:00026ed4       _KeDisconnectInterrupt@4   004b1e94 f   xboxkrnl:xboxkrnl.exe
 0002:00026eda       _MmClaimGpuInstanceMemory@8 004b1e9a f   xboxkrnl:xboxkrnl.exe
 0002:00026ee0       ??2@YAPAXI@Z               004b1ea0 f   LIBCMTD:new.obj
 0002:00026f10       __RTC_CheckEsp             004b1ed0 f   LIBCMTD:stack.obj
 0002:00026f40       @_RTC_CheckStackVars@8     004b1f00 f   LIBCMTD:stack.obj
 0002:00026fc0       __RTC_InitBase             004b1f80 f   LIBCMTD:init.obj
 0002:00027000       __RTC_Shutdown             004b1fc0 f   LIBCMTD:init.obj
 0002:00027020       ??3@YAXPAX@Z               004b1fe0 f   LIBCMTD:dbgdel.obj
 0002:00027130       _srand                     004b20f0 f   LIBCMTD:rand.obj
 0002:00027150       _rand                      004b2110 f   LIBCMTD:rand.obj
 0002:00027193       __fpclear                  004b2153 f   LIBCMTD:fpinit.obj
 0002:00027194       __cfltcvt_init             004b2154 f   LIBCMTD:fpinit.obj
 0002:000271da       ___setfflag                004b219a f   LIBCMTD:fpinit.obj
 0002:000271f1       __fpmath                   004b21b1 f   LIBCMTD:fpinit.obj
 0002:00027210       _strlen                    004b21d0 f   LIBCMTD:strlen.obj
 0002:000272c0       _strcpy                    004b2280 f   LIBCMTD:strcat.obj
 0002:000272d0       _strcat                    004b2290 f   LIBCMTD:strcat.obj
 0002:000273f8       __CIcos                    004b23b8 f   LIBCMTD:cos.obj
 0002:0002740c       _cos                       004b23cc     LIBCMTD:cos.obj
 0002:000274d4       __CIsin                    004b2494 f   LIBCMTD:sin.obj
 0002:000274e8       _sin                       004b24a8     LIBCMTD:sin.obj
 0002:000275b0       __onexit                   004b2570 f   LIBCMTD:onexit.obj
 0002:00027750       _atexit                    004b2710 f   LIBCMTD:onexit.obj
 0002:00027770       ___onexitinit              004b2730 f   LIBCMTD:onexit.obj
 0002:000277d0       _memset                    004b2790 f   LIBCMTD:memset.obj
 0002:00027850       _swprintf                  004b2810 f   LIBCMTD:swprintf.obj
 0002:000279d0       __scwprintf                004b2990 f   LIBCMTD:swprintf.obj
 0002:00027a70       ?_JumpToContinuation@@YGXPAXPAUEHRegistrationNode@@@Z 004b2a30 f   LIBCMTD:trnsctrl.obj
 0002:00027ab0       ?_CallMemberFunction0@@YGXPAX0@Z 004b2a70 f   LIBCMTD:trnsctrl.obj
 0002:00027ac0       ?_CallMemberFunction1@@YGXPAX00@Z 004b2a80 f   LIBCMTD:trnsctrl.obj
 0002:00027ad0       ?_CallMemberFunction2@@YGXPAX00H@Z 004b2a90 f   LIBCMTD:trnsctrl.obj
 0002:00027ae0       ?_UnwindNestedFrames@@YGXPAUEHRegistrationNode@@PAUEHExceptionRecord@@@Z 004b2aa0 f   LIBCMTD:trnsctrl.obj
 0002:00027b50       ___CxxFrameHandler         004b2b10 f   LIBCMTD:trnsctrl.obj
 0002:00027ba0       ___CxxLongjmpUnwind@4      004b2b60 f   LIBCMTD:trnsctrl.obj
 0002:00027bd0       ?_CallCatchBlock2@@YAPAXPAUEHRegistrationNode@@PBU_s_FuncInfo@@PAXHK@Z 004b2b90 f   LIBCMTD:trnsctrl.obj
 0002:00027cd0       ?_CallSETranslator@@YAHPAUEHExceptionRecord@@PAUEHRegistrationNode@@PAX2PBU_s_FuncInfo@@H1@Z 004b2c90 f   LIBCMTD:trnsctrl.obj
 0002:00027ef0       ?_GetRangeOfTrysToCheck@@YAPBU_s_TryBlockMapEntry@@PBU_s_FuncInfo@@HHPAI1@Z 004b2eb0 f   LIBCMTD:trnsctrl.obj
 0002:00027fa0       ?_CreateFrameInfo@@YAPAUFrameInfo@@PAU1@PAX@Z 004b2f60 f   LIBCMTD:trnsctrl.obj
 0002:00027fe0       ?IsExceptionObjectToBeDestroyed@@YAHPAX@Z 004b2fa0 f   LIBCMTD:trnsctrl.obj
 0002:00028020       ?_FindAndUnlinkFrame@@YAXPAUFrameInfo@@@Z 004b2fe0 f   LIBCMTD:trnsctrl.obj
 0002:0002808c       __global_unwind2           004b304c f   LIBCMTD:exsup.obj
 0002:000280ce       __local_unwind2            004b308e f   LIBCMTD:exsup.obj
 0002:00028126       __NLG_Return2              004b30e6     LIBCMTD:exsup.obj
 0002:00028136       __abnormal_termination     004b30f6 f   LIBCMTD:exsup.obj
 0002:00028159       __NLG_Notify1              004b3119 f   LIBCMTD:exsup.obj
 0002:00028162       __NLG_Notify               004b3122 f   LIBCMTD:exsup.obj
 0002:00028175       __NLG_Dispatch             004b3135     LIBCMTD:exsup.obj
 0002:000281c0       _memcpy                    004b3180 f   LIBCMTD:memcpy.obj
 0002:000285cc       _fabs                      004b358c f   LIBCMTD:fabs.obj
 0002:000286b0       __vsnprintf                004b3670 f   LIBCMTD:vsnprint.obj
 0002:000287b0       _sprintf                   004b3770 f   LIBCMTD:sprintf.obj
 0002:000288e0       __scprintf                 004b38a0 f   LIBCMTD:sprintf.obj
 0002:00028980       __ftol2                    004b3940 f   LIBCMTD:ftol2.obj
 0002:00028a20       _fclose                    004b39e0 f   LIBCMTD:fclose.obj
 0002:00028b10       __fclose_lk                004b3ad0 f   LIBCMTD:fclose.obj
 0002:00028bf0       _fwrite                    004b3bb0 f   LIBCMTD:fwrite.obj
 0002:00028c90       __fwrite_lk                004b3c50 f   LIBCMTD:fwrite.obj
 0002:00028f30       __fsopen                   004b3ef0 f   LIBCMTD:fopen.obj
 0002:000290b0       _fopen                     004b4070 f   LIBCMTD:fopen.obj
 0002:000290cc       _floor                     004b408c f   LIBCMTD:floor.obj
 0002:000291e0       __assert                   004b41a0 f   LIBCMTD:assert.obj
 0002:00029870       _malloc                    004b4830 f   LIBCMTD:dbgheap.obj
 0002:000298a0       __malloc_dbg               004b4860 f   LIBCMTD:dbgheap.obj
 0002:000298e0       __nh_malloc                004b48a0 f   LIBCMTD:dbgheap.obj
 0002:00029910       __nh_malloc_dbg            004b48d0 f   LIBCMTD:dbgheap.obj
 0002:000299e0       __heap_alloc               004b49a0 f   LIBCMTD:dbgheap.obj
 0002:00029a00       __heap_alloc_dbg           004b49c0 f   LIBCMTD:dbgheap.obj
 0002:00029de0       _calloc                    004b4da0 f   LIBCMTD:dbgheap.obj
 0002:00029e10       __calloc_dbg               004b4dd0 f   LIBCMTD:dbgheap.obj
 0002:00029e90       _realloc                   004b4e50 f   LIBCMTD:dbgheap.obj
 0002:00029ec0       __realloc_dbg              004b4e80 f   LIBCMTD:dbgheap.obj
 0002:0002a5d0       __expand                   004b5590 f   LIBCMTD:dbgheap.obj
 0002:0002a600       __expand_dbg               004b55c0 f   LIBCMTD:dbgheap.obj
 0002:0002a6b0       _free                      004b5670 f   LIBCMTD:dbgheap.obj
 0002:0002a6d0       __free_lk                  004b5690 f   LIBCMTD:dbgheap.obj
 0002:0002a6f0       __free_dbg                 004b56b0 f   LIBCMTD:dbgheap.obj
 0002:0002a780       __free_dbg_lk              004b5740 f   LIBCMTD:dbgheap.obj
 0002:0002aca0       __msize                    004b5c60 f   LIBCMTD:dbgheap.obj
 0002:0002acc0       __msize_dbg                004b5c80 f   LIBCMTD:dbgheap.obj
 0002:0002ae90       __CrtSetBreakAlloc         004b5e50 f   LIBCMTD:dbgheap.obj
 0002:0002aec0       __CrtSetDbgBlockType       004b5e80 f   LIBCMTD:dbgheap.obj
 0002:0002afd0       __CrtSetAllocHook          004b5f90 f   LIBCMTD:dbgheap.obj
 0002:0002b060       __CrtCheckMemory           004b6020 f   LIBCMTD:dbgheap.obj
 0002:0002b4a0       __CrtSetDbgFlag            004b6460 f   LIBCMTD:dbgheap.obj
 0002:0002b570       __CrtDoForAllClientObjects 004b6530 f   LIBCMTD:dbgheap.obj
 0002:0002b640       __CrtIsValidPointer        004b6600 f   LIBCMTD:dbgheap.obj
 0002:0002b6a0       __CrtIsValidHeapPointer    004b6660 f   LIBCMTD:dbgheap.obj
 0002:0002b720       __CrtIsMemoryBlock         004b66e0 f   LIBCMTD:dbgheap.obj
 0002:0002b890       __CrtReportBlockType       004b6850 f   LIBCMTD:dbgheap.obj
 0002:0002b8d0       __CrtSetDumpClient         004b6890 f   LIBCMTD:dbgheap.obj
 0002:0002b900       __CrtMemCheckpoint         004b68c0 f   LIBCMTD:dbgheap.obj
 0002:0002bb00       __CrtMemDifference         004b6ac0 f   LIBCMTD:dbgheap.obj
 0002:0002bc60       __CrtMemDumpAllObjectsSince 004b6c20 f   LIBCMTD:dbgheap.obj
 0002:0002c110       __CrtDumpMemoryLeaks       004b70d0 f   LIBCMTD:dbgheap.obj
 0002:0002c190       __CrtMemDumpStatistics     004b7150 f   LIBCMTD:dbgheap.obj
 0002:0002c270       __aligned_malloc           004b7230 f   LIBCMTD:dbgheap.obj
 0002:0002c2a0       __aligned_malloc_dbg       004b7260 f   LIBCMTD:dbgheap.obj
 0002:0002c2d0       __aligned_realloc          004b7290 f   LIBCMTD:dbgheap.obj
 0002:0002c300       __aligned_realloc_dbg      004b72c0 f   LIBCMTD:dbgheap.obj
 0002:0002c330       __aligned_offset_malloc    004b72f0 f   LIBCMTD:dbgheap.obj
 0002:0002c360       __aligned_offset_malloc_dbg 004b7320 f   LIBCMTD:dbgheap.obj
 0002:0002c4f0       __aligned_offset_realloc   004b74b0 f   LIBCMTD:dbgheap.obj
 0002:0002c520       __aligned_offset_realloc_dbg 004b74e0 f   LIBCMTD:dbgheap.obj
 0002:0002c810       __aligned_free             004b77d0 f   LIBCMTD:dbgheap.obj
 0002:0002c830       __aligned_free_dbg         004b77f0 f   LIBCMTD:dbgheap.obj
 0002:0002c900       _wcslen                    004b78c0 f   LIBCMTD:wcslen.obj
 0002:0002c940       __snprintf                 004b7900 f   LIBCMTD:snprintf.obj
 0002:0002ca70       _strncpy                   004b7a30 f   LIBCMTD:strncpy.obj
 0002:0002cbe0       __strnicmp                 004b7ba0 f   LIBCMTD:strnicmp.obj
 0002:0002cca0       __alloca_probe             004b7c60     LIBCMTD:chkstk.obj
 0002:0002cca0       __chkstk                   004b7c60 f   LIBCMTD:chkstk.obj
 0002:0002cd00       __stricmp                  004b7cc0 f   LIBCMTD:stricmp.obj
 0002:0002cd9c       __SEH_prolog               004b7d5c f   LIBCMTD:sehprolg.obj
 0002:0002cdd7       __SEH_epilog               004b7d97 f   LIBCMTD:sehprolg.obj
 0002:0002ce04       __except_handler3          004b7dc4 f   LIBCMTD:exsup3.obj
 0002:0002ced6       __seh_longjmp_unwind@4     004b7e96 f   LIBCMTD:exsup3.obj
 0002:0002cf30       __snwprintf                004b7ef0 f   LIBCMTD:snwprint.obj
 0002:0002d0c0       __RTC_Initialize           004b8080 f   LIBCMTD:initsect.obj
 0002:0002d160       __RTC_Terminate            004b8120 f   LIBCMTD:initsect.obj
 0002:0002d200       _wcsncpy                   004b81c0 f   LIBCMTD:wcsncpy.obj
 0002:0002d290       _wcscat                    004b8250 f   LIBCMTD:wcscat.obj
 0002:0002d300       _wcscpy                    004b82c0 f   LIBCMTD:wcscat.obj
 0002:0002d350       __aulldiv                  004b8310 f   LIBCMTD:ulldiv.obj
 0002:0002d3e0       __allmul                   004b83a0 f   LIBCMTD:llmul.obj
 0002:0002d430       _memmove                   004b83f0 f   LIBCMTD:memmove.obj
 0002:0002d840       __alldiv                   004b8800 f   LIBCMTD:lldiv.obj
 0002:0002d920       _wcscmp                    004b88e0 f   LIBCMTD:wcscmp.obj
 0002:0002d9a0       __wcsicmp                  004b8960 f   LIBCMTD:wcsicmp.obj
 0002:0002db10       _strchr                    004b8ad0 f   LIBCMTD:strchr.obj
 0002:0002db16       ___from_strstr_to_strchr   004b8ad6     LIBCMTD:strchr.obj
 0002:0002dc01       __copysign                 004b8bc1 f   LIBCMTD:ieeemisc.obj
 0002:0002dc2a       __chgsign                  004b8bea f   LIBCMTD:ieeemisc.obj
 0002:0002dc59       __scalb                    004b8c19 f   LIBCMTD:ieeemisc.obj
 0002:0002dc77       __logb                     004b8c37 f   LIBCMTD:ieeemisc.obj
 0002:0002dd9c       __nextafter                004b8d5c f   LIBCMTD:ieeemisc.obj
 0002:0002e0c9       __finite                   004b9089 f   LIBCMTD:ieeemisc.obj
 0002:0002e0e7       __isnan                    004b90a7 f   LIBCMTD:ieeemisc.obj
 0002:0002e123       __fpclass                  004b90e3 f   LIBCMTD:ieeemisc.obj
 0002:0002e1e8       __CIacos                   004b91a8 f   LIBCMTD:acos.obj
 0002:0002e1fc       _acos                      004b91bc     LIBCMTD:acos.obj
 0002:0002e2e8       _longjmp                   004b92a8 f   LIBCMTD:longjmp.obj
 0002:0002e380       __setjmp3                  004b9340 f   LIBCMTD:setjmp3.obj
 0002:0002e420       _isalpha                   004b93e0 f   LIBCMTD:_ctype.obj
 0002:0002e470       _isupper                   004b9430 f   LIBCMTD:_ctype.obj
 0002:0002e4c0       _islower                   004b9480 f   LIBCMTD:_ctype.obj
 0002:0002e510       _isdigit                   004b94d0 f   LIBCMTD:_ctype.obj
 0002:0002e560       _isxdigit                  004b9520 f   LIBCMTD:_ctype.obj
 0002:0002e5b0       _isspace                   004b9570 f   LIBCMTD:_ctype.obj
 0002:0002e600       _ispunct                   004b95c0 f   LIBCMTD:_ctype.obj
 0002:0002e650       _isalnum                   004b9610 f   LIBCMTD:_ctype.obj
 0002:0002e6a0       _isprint                   004b9660 f   LIBCMTD:_ctype.obj
 0002:0002e6f0       _isgraph                   004b96b0 f   LIBCMTD:_ctype.obj
 0002:0002e740       _iscntrl                   004b9700 f   LIBCMTD:_ctype.obj
 0002:0002e790       ___isascii                 004b9750 f   LIBCMTD:_ctype.obj
 0002:0002e7b0       ___toascii                 004b9770 f   LIBCMTD:_ctype.obj
 0002:0002e7c0       ___iscsymf                 004b9780 f   LIBCMTD:_ctype.obj
 0002:0002e840       ___iscsym                  004b9800 f   LIBCMTD:_ctype.obj
 0002:0002e8b4       _pow                       004b9874 f   LIBCMTD:pow.obj
 0002:0002e8b8       __CIpow                    004b9878 f   LIBCMTD:pow.obj
 0002:0002e8ba       __CIpow_default            004b987a f   LIBCMTD:pow.obj
 0002:0002e8d3       __pow_default              004b9893     LIBCMTD:pow.obj
 0002:0002eb50       _exit                      004b9b10 f   LIBCMTD:crt0dat.obj
 0002:0002eb70       __exit                     004b9b30 f   LIBCMTD:crt0dat.obj
 0002:0002eb90       __cexit                    004b9b50 f   LIBCMTD:crt0dat.obj
 0002:0002ebb0       __c_exit                   004b9b70 f   LIBCMTD:crt0dat.obj
 0002:0002ed30       __lockexit                 004b9cf0 f   LIBCMTD:crt0dat.obj
 0002:0002ed50       __unlockexit               004b9d10 f   LIBCMTD:crt0dat.obj
 0002:0002eda0       __purecall                 004b9d60 f   LIBCMTD:purevirt.obj
 0002:0002edd0       __set_purecall_handler     004b9d90 f   LIBCMTD:purevirt.obj
 0002:0002ee00       ??_M@YGXPAXIHP6EX0@Z@Z     004b9dc0 f   LIBCMTD:ehvecdtr.obj
 0002:0002eed0       ?__ArrayUnwind@@YGXPAXIHP6EX0@Z@Z 004b9e90 f   LIBCMTD:ehvecdtr.obj
 0002:0002efb0       ??_L@YGXPAXIHP6EX0@Z1@Z    004b9f70 f   LIBCMTD:ehvecctr.obj
 0002:0002f078       __EH_prolog                004ba038 f   LIBCMTD:ehprolog.obj
 0002:0002f0a0       ??1type_info@@UAE@XZ       004ba060 f   LIBCMTD:typinfo.obj
 0002:0002f150       ??_Gtype_info@@UAEPAXI@Z   004ba110 f i LIBCMTD:typinfo.obj
 0002:0002f150       ??_Etype_info@@UAEPAXI@Z   004ba110 f i LIBCMTD:typinfo.obj
 0002:0002f190       ??8type_info@@QBEHABV0@@Z  004ba150 f   LIBCMTD:typinfo.obj
 0002:0002f1d0       ??9type_info@@QBEHABV0@@Z  004ba190 f   LIBCMTD:typinfo.obj
 0002:0002f210       ?before@type_info@@QBEHABV1@@Z 004ba1d0 f   LIBCMTD:typinfo.obj
 0002:0002f250       ?raw_name@type_info@@QBEPBDXZ 004ba210 f   LIBCMTD:typinfo.obj
 0002:0002f270       ??0type_info@@AAE@ABV0@@Z  004ba230 f   LIBCMTD:typinfo.obj
 0002:0002f290       ??4type_info@@AAEAAV0@ABV0@@Z 004ba250 f   LIBCMTD:typinfo.obj
 0002:0002f2b0       __CxxThrowException@8      004ba270 f   LIBCMTD:throw.obj
 0002:0002f300       _atol                      004ba2c0 f   LIBCMTD:atox.obj
 0002:0002f3f0       _atoi                      004ba3b0 f   LIBCMTD:atox.obj
 0002:0002f410       __atoi64                   004ba3d0 f   LIBCMTD:atox.obj
 0002:0002f540       _sscanf                    004ba500 f   LIBCMTD:sscanf.obj
 0002:0002f620       _strncmp                   004ba5e0 f   LIBCMTD:strncmp.obj
 0002:0002f670       __itoa                     004ba630 f   LIBCMTD:xtoa.obj
 0002:0002f7d0       __ltoa                     004ba790 f   LIBCMTD:xtoa.obj
 0002:0002f820       __ultoa                    004ba7e0 f   LIBCMTD:xtoa.obj
 0002:0002f850       __i64toa                   004ba810 f   LIBCMTD:xtoa.obj
 0002:0002f9e0       __ui64toa                  004ba9a0 f   LIBCMTD:xtoa.obj
 0002:0002fa10       ?_RTC_GetSrcLine@@YAHKPADHPAHPAPAD@Z 004ba9d0 f   LIBCMTD:error.obj
 0002:0002fa60       ?_RTC_Failure@@YAXPAXH@Z   004baa20 f   LIBCMTD:error.obj
 0002:0002fd40       ?_RTC_MemFailure@@YAXPAXHPBX@Z 004bad00 f   LIBCMTD:error.obj
 0002:00030020       ?_RTC_StackFailure@@YAXPAXPBD@Z 004bafe0 f   LIBCMTD:error.obj
 0002:00030110       __RTC_UninitUse            004bb0d0 f   LIBCMTD:error.obj
 0002:00030230       __RTC_NumErrors            004bb1f0 f   LIBCMTD:userapi.obj
 0002:00030240       __RTC_GetErrDesc           004bb200 f   LIBCMTD:userapi.obj
 0002:00030270       __RTC_SetErrorType         004bb230 f   LIBCMTD:userapi.obj
 0002:000302a0       __RTC_SetErrorFunc         004bb260 f   LIBCMTD:userapi.obj
 0002:000302c0       ?_RTC_GetErrorFunc@@YAP6AHHPBDH00ZZPBX@Z 004bb280 f   LIBCMTD:userapi.obj
 0002:000302d0       __chkesp                   004bb290 f   LIBCMTD:chkesp.obj
 0002:00030320       __CRT_RTC_INIT             004bb2e0 f   LIBCMTD:chkesp.obj
 0002:00030330       __mtinitlocks              004bb2f0 f   LIBCMTD:mlock.obj
 0002:000303e0       __mtdeletelocks            004bb3a0 f   LIBCMTD:mlock.obj
 0002:000304c0       __mtinitlocknum            004bb480 f   LIBCMTD:mlock.obj
 0002:00030630       __lock                     004bb5f0 f   LIBCMTD:mlock.obj
 0002:00030680       __unlock                   004bb640 f   LIBCMTD:mlock.obj
 0002:000306a0       __lockerr_exit             004bb660 f   LIBCMTD:mlock.obj
 0002:000306c0       __CrtDbgBreak              004bb680 f   LIBCMTD:dbgrpt.obj
 0002:000306d0       __CrtSetReportMode         004bb690 f   LIBCMTD:dbgrpt.obj
 0002:00030740       __CrtSetReportFile         004bb700 f   LIBCMTD:dbgrpt.obj
 0002:000307a0       __CrtSetReportHook         004bb760 f   LIBCMTD:dbgrpt.obj
 0002:000307d0       __CrtSetReportHook2        004bb790 f   LIBCMTD:dbgrpt.obj
 0002:00030ab0       __CrtDbgReport             004bba70 f   LIBCMTD:dbgrpt.obj
 0002:00031470       ___crtTlsAlloc@4           004bc430 f   LIBCMTD:tidtable.obj
 0002:00031480       __mtinit                   004bc440 f   LIBCMTD:tidtable.obj
 0002:00031540       __mtterm                   004bc500 f   LIBCMTD:tidtable.obj
 0002:00031550       __initptd                  004bc510 f   LIBCMTD:tidtable.obj
 0002:00031570       __getptd                   004bc530 f   LIBCMTD:tidtable.obj
 0002:00031680       __freefls@4                004bc640 f   LIBCMTD:tidtable.obj
 0002:00031860       __freeptd                  004bc820 f   LIBCMTD:tidtable.obj
 0002:000318f0       ___threadid                004bc8b0 f   LIBCMTD:tidtable.obj
 0002:00031900       ___threadhandle            004bc8c0 f   LIBCMTD:tidtable.obj
 0002:0003190c       __forcdecpt                004bc8cc f   LIBCMTD:cvt.obj
 0002:00031972       __cropzeros                004bc932 f   LIBCMTD:cvt.obj
 0002:000319d3       __positive                 004bc993 f   LIBCMTD:cvt.obj
 0002:000319f8       __fassign                  004bc9b8 f   LIBCMTD:cvt.obj
 0002:00031b43       __cftoe                    004bcb03 f   LIBCMTD:cvt.obj
 0002:00031c88       __cftof                    004bcc48 f   LIBCMTD:cvt.obj
 0002:00031cee       __cftog                    004bccae f   LIBCMTD:cvt.obj
 0002:00031d9e       __cfltcvt                  004bcd5e f   LIBCMTD:cvt.obj
 0002:00031e10       __setdefaultprecision      004bcdd0 f   LIBCMTD:fp8.obj
 0002:00031e2c       __trandisp1                004bcdec f   LIBCMTD:87disp.obj
 0002:00031e93       __trandisp2                004bce53 f   LIBCMTD:87disp.obj
 0002:00031f1f       __rttospopde               004bcedf     LIBCMTD:87disp.obj
 0002:00031f24       __rttospop                 004bcee4     LIBCMTD:87disp.obj
 0002:00031f26       __rtnospop                 004bcee6     LIBCMTD:87disp.obj
 0002:00031f28       __rttosnpop                004bcee8     LIBCMTD:87disp.obj
 0002:00031f29       __rtnospopde               004bcee9     LIBCMTD:87disp.obj
 0002:00031f30       __rtzeropop                004bcef0     LIBCMTD:87disp.obj
 0002:00031f32       __rtzeronpop               004bcef2     LIBCMTD:87disp.obj
 0002:00031f37       __rtonepop                 004bcef7     LIBCMTD:87disp.obj
 0002:00031f39       __rtonenpop                004bcef9     LIBCMTD:87disp.obj
 0002:00031f3e       __tosnan1                  004bcefe     LIBCMTD:87disp.obj
 0002:00031f69       __nosnan2                  004bcf29     LIBCMTD:87disp.obj
 0002:00031f6b       __tosnan2                  004bcf2b     LIBCMTD:87disp.obj
 0002:00031f93       __nan2                     004bcf53     LIBCMTD:87disp.obj
 0002:00031fd2       __rtindfpop                004bcf92     LIBCMTD:87disp.obj
 0002:00031fd4       __rtindfnpop               004bcf94     LIBCMTD:87disp.obj
 0002:00031fe5       __rttosnpopde              004bcfa5     LIBCMTD:87disp.obj
 0002:00031fef       __rtchsifneg               004bcfaf     LIBCMTD:87disp.obj
 0002:00032068       __twoToTOS                 004bd028 f   LIBCMTD:common.obj
 0002:0003207d       __load_CW                  004bd03d f   LIBCMTD:common.obj
 0002:00032094       __convertTOStoQNaN         004bd054 f   LIBCMTD:common.obj
 0002:000320ad       __fload_withFB             004bd06d f   LIBCMTD:common.obj
 0002:000320f0       __checkTOS_withFB          004bd0b0 f   LIBCMTD:common.obj
 0002:00032106       __fast_exit                004bd0c6 f   LIBCMTD:common.obj
 0002:00032113       __math_exit                004bd0d3 f   LIBCMTD:common.obj
 0002:0003213d       __check_overflow_exit      004bd0fd f   LIBCMTD:common.obj
 0002:00032151       __check_range_exit         004bd111 f   LIBCMTD:common.obj
 0002:00032258       __startTwoArgErrorHandling 004bd218 f   LIBCMTD:genexcep.obj
 0002:0003226f       __startOneArgErrorHandling 004bd22f f   LIBCMTD:genexcep.obj
 0002:000322c0       __flsbuf                   004bd280 f   LIBCMTD:_flsbuf.obj
 0002:000325b0       __woutput                  004bd570 f   LIBCMTD:woutput.obj
 0002:00033820       ___InternalCxxFrameHandler 004be7e0 f   LIBCMTD:frame.obj
 0002:00033eb0       ___FrameUnwindToState      004bee70 f   LIBCMTD:frame.obj
 0002:000347c0       ___DestructExceptionObject 004bf780 f   LIBCMTD:frame.obj
 0002:000348d0       ?__uncaught_exception@@YA_NXZ 004bf890 f   LIBCMTD:frame.obj
 0002:000348f0       ___CxxExceptionFilter      004bf8b0 f   LIBCMTD:frame.obj
 0002:00034af0       ___CxxRegisterExceptionObject 004bfab0 f   LIBCMTD:frame.obj
 0002:00034c40       ___CxxDetectRethrow        004bfc00 f   LIBCMTD:frame.obj
 0002:00034ca0       ___CxxUnregisterExceptionObject 004bfc60 f   LIBCMTD:frame.obj
 0002:00034d90       ___CxxQueryExceptionSize   004bfd50 f   LIBCMTD:frame.obj
 0002:00034da0       ___CxxCallUnwindDtor       004bfd60 f   LIBCMTD:frame.obj
 0002:00034e20       ___CxxCallUnwindVecDtor    004bfde0 f   LIBCMTD:frame.obj
 0002:00034eb0       __CallSettingFrame@12      004bfe70 f   LIBCMTD:lowhelpr.obj
 0002:00034ed7       __NLG_Return               004bfe97     LIBCMTD:lowhelpr.obj
 0002:00034f10       ?terminate@@YAXXZ          004bfed0 f   LIBCMTD:hooks.obj
 0002:00034fc0       ?unexpected@@YAXXZ         004bff80 f   LIBCMTD:hooks.obj
 0002:00034ff0       ?_inconsistency@@YAXXZ     004bffb0 f   LIBCMTD:hooks.obj
 0002:00035075       __raise_exc                004c0035 f   LIBCMTD:fpexcept.obj
 0002:000353c2       __handle_exc               004c0382 f   LIBCMTD:fpexcept.obj
 0002:0003562a       __set_errno                004c05ea f   LIBCMTD:fpexcept.obj
 0002:0003568c       __errcode                  004c064c f   LIBCMTD:fpexcept.obj
 0002:000356ca       __umatherr                 004c068a f   LIBCMTD:fpexcept.obj
 0002:0003578f       __handle_qnan1             004c074f f   LIBCMTD:fpexcept.obj
 0002:000357f6       __handle_qnan2             004c07b6 f   LIBCMTD:fpexcept.obj
 0002:0003586c       __except1                  004c082c f   LIBCMTD:fpexcept.obj
 0002:00035948       __except2                  004c0908 f   LIBCMTD:fpexcept.obj
 0002:00035a36       __set_exp                  004c09f6 f   LIBCMTD:util.obj
 0002:00035a6a       __get_exp                  004c0a2a f   LIBCMTD:util.obj
 0002:00035a88       __add_exp                  004c0a48 f   LIBCMTD:util.obj
 0002:00035abd       __set_bexp                 004c0a7d f   LIBCMTD:util.obj
 0002:00035aeb       __sptype                   004c0aab f   LIBCMTD:util.obj
 0002:00035b5c       __decomp                   004c0b1c f   LIBCMTD:util.obj
 0002:00035c3d       __statfp                   004c0bfd f   LIBCMTD:fpctrl.obj
 0002:00035c4e       __clrfp                    004c0c0e f   LIBCMTD:fpctrl.obj
 0002:00035c60       __ctrlfp                   004c0c20 f   LIBCMTD:fpctrl.obj
 0002:00035c8d       __set_statfp               004c0c4d f   LIBCMTD:fpctrl.obj
 0002:00035d00       __output                   004c0cc0 f   LIBCMTD:output.obj
 0002:00037050       ___iob_func                004c2010 f   LIBCMTD:_file.obj
 0002:00037060       ___initstdio               004c2020 f   LIBCMTD:_file.obj
 0002:000371e0       ___endstdio                004c21a0 f   LIBCMTD:_file.obj
 0002:00037200       __lock_file                004c21c0 f   LIBCMTD:_file.obj
 0002:00037250       __lock_file2               004c2210 f   LIBCMTD:_file.obj
 0002:00037290       __unlock_file              004c2250 f   LIBCMTD:_file.obj
 0002:000372e0       __unlock_file2             004c22a0 f   LIBCMTD:_file.obj
 0002:00037320       __close                    004c22e0 f   LIBCMTD:close.obj
 0002:00037450       __close_lk                 004c2410 f   LIBCMTD:close.obj
 0002:00037530       __freebuf                  004c24f0 f   LIBCMTD:_freebuf.obj
 0002:000375e0       _fflush                    004c25a0 f   LIBCMTD:fflush.obj
 0002:00037690       __fflush_lk                004c2650 f   LIBCMTD:fflush.obj
 0002:000376e0       __flush                    004c26a0 f   LIBCMTD:fflush.obj
 0002:000377c0       __flushall                 004c2780 f   LIBCMTD:fflush.obj
 0002:000379e0       __write                    004c29a0 f   LIBCMTD:write.obj
 0002:00037b30       __write_lk                 004c2af0 f   LIBCMTD:write.obj
 0002:00037ec0       __openfile                 004c2e80 f   LIBCMTD:_open.obj
 0002:00038330       __dosmaperr                004c32f0 f   LIBCMTD:dosmap.obj
 0002:000383f0       __errno                    004c33b0 f   LIBCMTD:dosmap.obj
 0002:00038400       ___doserrno                004c33c0 f   LIBCMTD:dosmap.obj
 0002:00038410       __getstream                004c33d0 f   LIBCMTD:stream.obj
 0002:000386ba       __frnd                     004c367a f   LIBCMTD:frnd.obj
 0002:000386d0       _abort                     004c3690 f   LIBCMTD:abort.obj
 0002:00038700       _signal                    004c36c0 f   LIBCMTD:winsig.obj
 0002:000389a0       _raise                     004c3960 f   LIBCMTD:winsig.obj
 0002:00038d00       ___fpecode                 004c3cc0 f   LIBCMTD:winsig.obj
 0002:00038d10       ___pxcptinfoptrs           004c3cd0 f   LIBCMTD:winsig.obj
 0002:00038d20       _strncat                   004c3ce0 f   LIBCMTD:strncat.obj
 0002:00038eb0       ?_set_new_handler@@YAP6AHI@ZP6AHI@Z@Z 004c3e70 f   LIBCMTD:handler.obj
 0002:00038ef0       ?_query_new_handler@@YAP6AHI@ZXZ 004c3eb0 f   LIBCMTD:handler.obj
 0002:00038f00       __callnewh                 004c3ec0 f   LIBCMTD:handler.obj
 0002:00038f40       __malloc_base              004c3f00 f   LIBCMTD:malloc.obj
 0002:00038f70       __nh_malloc_base           004c3f30 f   LIBCMTD:malloc.obj
 0002:00038fe0       __heap_alloc_base          004c3fa0 f   LIBCMTD:malloc.obj
 0002:00039030       __CrtDefaultAllocHook      004c3ff0 f   LIBCMTD:dbghook.obj
 0002:00039040       __expand_base              004c4000 f   LIBCMTD:expand.obj
 0002:00039160       __realloc_base             004c4120 f   LIBCMTD:realloc.obj
 0002:00039340       __free_base                004c4300 f   LIBCMTD:free.obj
 0002:00039410       __heapchk                  004c43d0 f   LIBCMTD:heapchk.obj
 0002:000394f0       __heapset                  004c44b0 f   LIBCMTD:heapchk.obj
 0002:00039500       ___heap_select             004c44c0 f   LIBCMTD:heapinit.obj
 0002:00039520       __get_heap_handle          004c44e0 f   LIBCMTD:heapinit.obj
 0002:00039530       __chvalidator              004c44f0 f   LIBCMTD:isctype.obj
 0002:00039580       __isctype                  004c4540 f   LIBCMTD:isctype.obj
 0002:000395c0       __tolower                  004c4580 f   LIBCMTD:tolower.obj
 0002:000395d0       _tolower                   004c4590 f   LIBCMTD:tolower.obj
 0002:00039640       ___ascii_strnicmp          004c4600 f   LIBCMTD:_strnicm.obj
 0002:000396c0       ___ascii_stricmp           004c4680 f   LIBCMTD:_stricmp.obj
 0002:00039730       _towlower                  004c46f0 f   LIBCMTD:towlower.obj
 0002:000397c6       _ldexp                     004c4786 f   LIBCMTD:ldexp.obj
 0002:000399e0       __rt_probe_read4@4         004c49a0 f   LIBCMTD:sehsupp.obj
 0002:00039a99       __fFEXP                    004c4a59     LIBCMTD:87tran.obj
 0002:00039af0       __rtinfpopse               004c4ab0     LIBCMTD:87tran.obj
 0002:00039af2       __rtinfnpopse              004c4ab2     LIBCMTD:87tran.obj
 0002:00039b02       __fFLN                     004c4ac2     LIBCMTD:87tran.obj
 0002:00039bb7       __rtinfpop                 004c4b77     LIBCMTD:87tran.obj
 0002:00039bb9       __rtinfnpop                004c4b79     LIBCMTD:87tran.obj
 0002:00039bd6       __ffexpm1                  004c4b96     LIBCMTD:87tran.obj
 0002:00039cfc       __d_inttype                004c4cbc f   LIBCMTD:powhlp.obj
 0002:00039d7a       __powhlp                   004c4d3a f   LIBCMTD:powhlp.obj
 0002:00039f20       __amsg_exit                004c4ee0 f   LIBCMTD:crt0.obj
 0002:00039f50       _strcmp                    004c4f10 f   LIBCMTD:strcmp.obj
 0002:0003a000       ?__CxxUnhandledExceptionFilter@@YGJPAU_EXCEPTION_POINTERS@@@Z 004c4fc0 f   LIBCMTD:unhandld.obj
 0002:0003a080       ?__CxxSetUnhandledExceptionFilter@@YAHXZ 004c5040 f   LIBCMTD:unhandld.obj
 0002:0003a0a0       ?__CxxRestoreUnhandledExceptionFilter@@YAXXZ 004c5060 f   LIBCMTD:unhandld.obj
 0002:0003a0c0       __ismbcspace               004c5080 f   LIBCMTD:ismbspc.obj
 0002:0003a120       __input                    004c50e0 f   LIBCMTD:input.obj
 0002:0003bd00       __aullrem                  004c6cc0 f   LIBCMTD:ullrem.obj
 0002:0003bda0       ___crtInitCritSecAndSpinCount 004c6d60 f   LIBCMTD:initcrit.obj
 0002:0003be90       __beginthread              004c6e50 f   LIBCMTD:thread.obj
 0002:0003c0f0       __endthread                004c70b0 f   LIBCMTD:thread.obj
[...]
 0008:00066460       ___@@_PchSym_@00@UcylcRwvxADUkirezgvUdrmwldhUwrivxgcUwctUwDwcIUxlivUlyqUrDIGUkxsxlivOlyq@d3dxcore 00637e20     d3dx8d:pchcore.obj
 0008:00066464       ___@@_PchSym_@00@UcylcRwvxADUkirezgvUdrmwldhUwrivxgcUwctUwDwcIUgvcUlyqUrDIGUkxsgvcOlyq@d3dxtex 00637e24     d3dx8d:pchtex.obj
 0008:00066474       ___@@_PchSym_@00@UcylcRwvxADUkirezgvUdrmwldhUwrivxgcUwctUwDwcIUnzgsUlyqUrDIGUkxsnzgsOlyq@d3dxmath 00637e34     d3dx8d:pchmath.obj
 0008:0006648c       ___@@_PchSym_@00@UcylcRwvxADUkirezgvUdrmwldhUwrivxgcUwctUctizksrxhUhszwvzhnUcylcUlyqUrDIGUkxshszwvzhnOlyq@shadeasmd 00637e4c     xgraphicsd:pchshadeasm.obj
 0008:00066490       ?s_pAsm@CD3DXAssembler@XGRAPHICS@@2PAV12@A 00637e50     xgraphicsd:cd3dxassembler.obj
 0008:00066498       ___fastflag                00637e58     LIBCMTD:fpinit.obj
 0008:0006649c       __adjust_fdiv              00637e5c     LIBCMTD:fpinit.obj
 0008:000664c8       __umaskval                 00637e88     LIBCMTD:crt0dat.obj
 0008:000664cc       __exitflag                 00637e8c     LIBCMTD:crt0dat.obj
 0008:000664d0       __C_Termination_Done       00637e90     LIBCMTD:crt0dat.obj
 0008:000664d4       __C_Exit_Done              00637e94     LIBCMTD:crt0dat.obj
 0008:000664e0       ___pPurecall               00637ea0     LIBCMTD:purevirt.obj
 0008:000666e4       _gpFlsAlloc                006380a4     LIBCMTD:tidtable.obj
 0008:000666e8       _gpFlsGetValue             006380a8     LIBCMTD:tidtable.obj
 0008:000666ec       _gpFlsSetValue             006380ac     LIBCMTD:tidtable.obj
 0008:000666f0       _gpFlsFree                 006380b0     LIBCMTD:tidtable.obj
 0008:000666fc       __cflush                   006380bc     LIBCMTD:_file.obj
 0008:00066714       __newmode                  006380d4     LIBCMTD:_newmode.obj
 0008:00066718       ?_pnhHeap@@3P6AHI@ZA       006380d8     LIBCMTD:handler.obj
 0008:0006671c       ___lc_handle               006380dc     LIBCMTD:nlsdata2.obj
 0008:00066734       ___lc_codepage             006380f4     LIBCMTD:nlsdata2.obj
 0008:00066738       ___lc_collate_cp           006380f8     LIBCMTD:nlsdata2.obj
 0008:00066750       __commode                  00638110     LIBCMTD:ncommode.obj
 0008:00066754       __adbgmsg                  00638114     LIBCMTD:crt0msg.obj
 0008:00066758       __fmode                    00638118     LIBCMTD:txtmode.obj
 0008:00066760       _OHCD_GlobalPool           00638120     <common>
 0008:000667a1       _RtlpValidateHeapTagsEnable 00638161     <common>
 0008:000667b0       _NtGlobalFlag              00638170     <common>
 0008:000667c0       _RtlpHeapStopOn            00638180     <common>
 0008:000667d8       _XapiProcessHeap           00638198     <common>
 0008:00066800       _XapiAutoPowerDownGlobals  006381c0     <common>
 0008:00066880       _OHCD_InterruptObject      00638240     <common>
 0008:00066910       _XapiCurrentTopLevelFilter 006382d0     <common>
 0008:00066920       _XapiTlsSize               006382e0     <common>
 0008:00066928       _XapiOriginalCodeSelectorEntry 006382e8     <common>
 0008:0006693c       ___@@_PchSym_@00@UcylcRwvxADUkirezgvUmglhUczkrUpDCUoryUlyqUrDIGUyzhvwooOlyq@Xapi_k32 006382fc     <common>
 0008:00066948       __nhandle                  00638308     <common>
 0008:000669a0       ___pioinfo                 00638360     <common>
 0008:00066aa0       ___mblcid                  00638460     <common>
 0008:00066b1c       ___ptmbcinfo               006384dc     <common>
 0008:00066b20       ___ismbcodepage            006384e0     <common>
 0008:00066b40       __mbctype                  00638500     <common>
 0008:00066c44       ___mbcodepage              00638604     <common>
 0008:00066c60       ___mbulinfo                00638620     <common>
 0008:00066c80       __mbcasemap                00638640     <common>
 0008:00066d80       ___active_heap             00638740     <common>
 0008:00066d8c       ___piob                    0063874c     <common>
 0008:00066d9c       __nstream                  0063875c     <common>
 0008:00066da0       ___ptd_glob                00638760     <common>
 0008:00066dac       __pfnReportHook            0063876c     <common>
 0008:00066dbc       __pReportHookList          0063877c     <common>
 0008:00066dc0       ___env_initialized         00638780     <common>
 0008:00066dd0       ___onexitend               00638790     <common>
 0008:00066dd4       ___onexitbegin             00638794     <common>
 0008:00066dd8       ___mbctype_initialized     00638798     <common>
 0008:00066ddc       __setjmpexused             0063879c     <common>
 0008:00066de8       __pfnDumpClient            006387a8     <common>
 0009:00000000       __IMPORT_DESCRIPTOR_xboxkrnl 006387c0     xboxkrnl:xboxkrnl.exe
 0009:00000014       __NULL_IMPORT_DESCRIPTOR   006387d4     xboxkrnl:xboxkrnl.exe
 0009:00000310       __imp__MmPersistContiguousMemory@12 00638ad0     xboxkrnl:xboxkrnl.exe
 0009:00000314       __imp__MmAllocateContiguousMemory@4 00638ad4     xboxkrnl:xboxkrnl.exe
 0009:00000318       __imp__LaunchDataPage      00638ad8     xboxkrnl:xboxkrnl.exe
 0009:00000318       _LaunchDataPage            00638ad8     xboxkrnl:xboxkrnl.exe
 0009:0000031c       __imp__MmFreeContiguousMemory@4 00638adc     xboxkrnl:xboxkrnl.exe
 0009:00000320       __imp__RtlRip@12           00638ae0     xboxkrnl:xboxkrnl.exe
 0009:00000324       __imp__RtlNtStatusToDosError@4 00638ae4     xboxkrnl:xboxkrnl.exe
 0009:00000328       __imp__HalReturnToFirmware@4 00638ae8     xboxkrnl:xboxkrnl.exe
 0009:0000032c       _IdexChannelObject         00638aec     xboxkrnl:xboxkrnl.exe
 0009:0000032c       __imp__IdexChannelObject   00638aec     xboxkrnl:xboxkrnl.exe
 0009:00000330       __imp__ExQueryNonVolatileSetting@20 00638af0     xboxkrnl:xboxkrnl.exe
 0009:00000334       __imp_@KfLowerIrql@4       00638af4     xboxkrnl:xboxkrnl.exe
 0009:00000338       __imp__KeRaiseIrqlToDpcLevel@0 00638af8     xboxkrnl:xboxkrnl.exe
 0009:0000033c       __imp__DbgPrint            00638afc     xboxkrnl:xboxkrnl.exe
 0009:00000340       __imp_@KfRaiseIrql@4       00638b00     xboxkrnl:xboxkrnl.exe
 0009:00000344       __imp__DbgBreakPoint@0     00638b04     xboxkrnl:xboxkrnl.exe
 0009:00000348       __imp__NtClose@4           00638b08     xboxkrnl:xboxkrnl.exe
 0009:0000034c       __imp__NtDuplicateObject@12 00638b0c     xboxkrnl:xboxkrnl.exe
 0009:00000350       __imp__NtCreateFile@36     00638b10     xboxkrnl:xboxkrnl.exe
 0009:00000354       __imp__RtlInitAnsiString@8 00638b14     xboxkrnl:xboxkrnl.exe
 0009:00000358       __imp__NtWriteFile@32      00638b18     xboxkrnl:xboxkrnl.exe
 0009:0000035c       __imp__NtReadFile@32       00638b1c     xboxkrnl:xboxkrnl.exe
 0009:00000360       __imp__NtSetInformationFile@20 00638b20     xboxkrnl:xboxkrnl.exe
 0009:00000364       __imp__NtQueryInformationFile@20 00638b24     xboxkrnl:xboxkrnl.exe
 0009:00000368       __imp__MmFreeSystemMemory@8 00638b28     xboxkrnl:xboxkrnl.exe
 0009:0000036c       __imp__NtOpenFile@24       00638b2c     xboxkrnl:xboxkrnl.exe
 0009:00000370       __imp__MmAllocateSystemMemory@8 00638b30     xboxkrnl:xboxkrnl.exe
 0009:00000374       __imp__NtWaitForSingleObject@12 00638b34     xboxkrnl:xboxkrnl.exe
 0009:00000378       __imp__NtQueryVolumeInformationFile@20 00638b38     xboxkrnl:xboxkrnl.exe
 0009:0000037c       __imp__NtFlushBuffersFile@8 00638b3c     xboxkrnl:xboxkrnl.exe
 0009:00000380       __imp__NtUserIoApcDispatcher@12 00638b40     xboxkrnl:xboxkrnl.exe
 0009:00000384       __imp__NtFsControlFile@40  00638b44     xboxkrnl:xboxkrnl.exe
 0009:00000388       __imp__NtDeviceIoControlFile@40 00638b48     xboxkrnl:xboxkrnl.exe
 0009:0000038c       __imp__NtReadFileScatter@32 00638b4c     xboxkrnl:xboxkrnl.exe
 0009:00000390       __imp__NtWriteFileGather@32 00638b50     xboxkrnl:xboxkrnl.exe
 0009:00000394       __imp_@ObfDereferenceObject@4 00638b54     xboxkrnl:xboxkrnl.exe
 0009:00000398       __imp__IoQueryVolumeInformation@20 00638b58     xboxkrnl:xboxkrnl.exe
 0009:0000039c       __imp__ObReferenceObjectByHandle@12 00638b5c     xboxkrnl:xboxkrnl.exe
 0009:000003a0       _IoFileObjectType          00638b60     xboxkrnl:xboxkrnl.exe
 0009:000003a0       __imp__IoFileObjectType    00638b60     xboxkrnl:xboxkrnl.exe
 0009:000003a4       __imp__RtlAnsiStringToUnicodeString@12 00638b64     xboxkrnl:xboxkrnl.exe
 0009:000003a8       __imp__RtlAssert@16        00638b68     xboxkrnl:xboxkrnl.exe
 0009:000003ac       __imp__RtlUnicodeStringToAnsiString@12 00638b6c     xboxkrnl:xboxkrnl.exe
 0009:000003b0       __imp__NtCreateIoCompletion@16 00638b70     xboxkrnl:xboxkrnl.exe
 0009:000003b4       __imp__NtSetIoCompletion@20 00638b74     xboxkrnl:xboxkrnl.exe
 0009:000003b8       __imp__NtRemoveIoCompletion@20 00638b78     xboxkrnl:xboxkrnl.exe
 0009:000003bc       __imp__IoCreateSymbolicLink@8 00638b7c     xboxkrnl:xboxkrnl.exe
 0009:000003c0       __imp__IoDeleteSymbolicLink@4 00638b80     xboxkrnl:xboxkrnl.exe
 0009:000003c4       __imp__NtQuerySymbolicLinkObject@12 00638b84     xboxkrnl:xboxkrnl.exe
 0009:000003c8       __imp__NtOpenSymbolicLinkObject@8 00638b88     xboxkrnl:xboxkrnl.exe
 0009:000003cc       __imp__XcSHAFinal@8        00638b8c     xboxkrnl:xboxkrnl.exe
 0009:000003d0       __imp__XcSHAUpdate@12      00638b90     xboxkrnl:xboxkrnl.exe
 0009:000003d4       __imp__XcSHAInit@4         00638b94     xboxkrnl:xboxkrnl.exe
 0009:000003d8       _XeImageFileName           00638b98     xboxkrnl:xboxkrnl.exe
 0009:000003d8       __imp__XeImageFileName     00638b98     xboxkrnl:xboxkrnl.exe
 0009:000003dc       _HalBootSMCVideoMode       00638b9c     xboxkrnl:xboxkrnl.exe
 0009:000003dc       __imp__HalBootSMCVideoMode 00638b9c     xboxkrnl:xboxkrnl.exe
 0009:000003e0       __imp__KeInitializeTimerEx@8 00638ba0     xboxkrnl:xboxkrnl.exe
 0009:000003e4       __imp__KeSetTimer@16       00638ba4     xboxkrnl:xboxkrnl.exe
 0009:000003e8       __imp__KeCancelTimer@4     00638ba8     xboxkrnl:xboxkrnl.exe
 0009:000003ec       __imp__KeSetEvent@12       00638bac     xboxkrnl:xboxkrnl.exe
 0009:000003f0       __imp__KeWaitForSingleObject@20 00638bb0     xboxkrnl:xboxkrnl.exe
 0009:000003f4       __imp__ExEventObjectType   00638bb4     xboxkrnl:xboxkrnl.exe
 0009:000003f4       _ExEventObjectType         00638bb4     xboxkrnl:xboxkrnl.exe
 0009:000003f8       __imp__KeInitializeDpc@12  00638bb8     xboxkrnl:xboxkrnl.exe
 0009:000003fc       __imp__XboxHardwareInfo    00638bbc     xboxkrnl:xboxkrnl.exe
 0009:000003fc       _XboxHardwareInfo          00638bbc     xboxkrnl:xboxkrnl.exe
 0009:00000400       __imp__NtCreateEvent@16    00638bc0     xboxkrnl:xboxkrnl.exe
 0009:00000404       __imp__ObOpenObjectByName@16 00638bc4     xboxkrnl:xboxkrnl.exe
 0009:00000408       __imp__NtSetEvent@8        00638bc8     xboxkrnl:xboxkrnl.exe
 0009:0000040c       __imp__NtClearEvent@4      00638bcc     xboxkrnl:xboxkrnl.exe
 0009:00000410       __imp__NtPulseEvent@8      00638bd0     xboxkrnl:xboxkrnl.exe
 0009:00000414       __imp__NtCreateSemaphore@16 00638bd4     xboxkrnl:xboxkrnl.exe
 0009:00000418       _ExSemaphoreObjectType     00638bd8     xboxkrnl:xboxkrnl.exe
 0009:00000418       __imp__ExSemaphoreObjectType 00638bd8     xboxkrnl:xboxkrnl.exe
 0009:0000041c       __imp__NtReleaseSemaphore@12 00638bdc     xboxkrnl:xboxkrnl.exe
 0009:00000420       __imp__NtCreateMutant@12   00638be0     xboxkrnl:xboxkrnl.exe
 0009:00000424       _ExMutantObjectType        00638be4     xboxkrnl:xboxkrnl.exe
 0009:00000424       __imp__ExMutantObjectType  00638be4     xboxkrnl:xboxkrnl.exe
 0009:00000428       __imp__NtReleaseMutant@8   00638be8     xboxkrnl:xboxkrnl.exe
 0009:0000042c       __imp__NtWaitForSingleObjectEx@16 00638bec     xboxkrnl:xboxkrnl.exe
 0009:00000430       __imp__NtSignalAndWaitForSingleObjectEx@20 00638bf0     xboxkrnl:xboxkrnl.exe
 0009:00000434       __imp__NtWaitForMultipleObjectsEx@24 00638bf4     xboxkrnl:xboxkrnl.exe
 0009:00000438       __imp__KeDelayExecutionThread@12 00638bf8     xboxkrnl:xboxkrnl.exe
 0009:0000043c       __imp__NtCreateTimer@12    00638bfc     xboxkrnl:xboxkrnl.exe
 0009:00000440       __imp__ExTimerObjectType   00638c00     xboxkrnl:xboxkrnl.exe
 0009:00000440       _ExTimerObjectType         00638c00     xboxkrnl:xboxkrnl.exe
 0009:00000444       __imp__NtSetTimerEx@32     00638c04     xboxkrnl:xboxkrnl.exe
 0009:00000448       __imp__NtCancelTimer@8     00638c08     xboxkrnl:xboxkrnl.exe
 0009:0000044c       __imp__KeQuerySystemTime@4 00638c0c     xboxkrnl:xboxkrnl.exe
 0009:00000450       __imp__HalRegisterShutdownNotification@8 00638c10     xboxkrnl:xboxkrnl.exe
 0009:00000454       __imp__MmSetAddressProtect@12 00638c14     xboxkrnl:xboxkrnl.exe
 0009:00000458       __imp__MmQueryAddressProtect@4 00638c18     xboxkrnl:xboxkrnl.exe
 0009:0000045c       _XboxKrnlVersion           00638c1c     xboxkrnl:xboxkrnl.exe
 0009:0000045c       __imp__XboxKrnlVersion     00638c1c     xboxkrnl:xboxkrnl.exe
 0009:00000460       __imp__RtlLeaveCriticalSection@4 00638c20     xboxkrnl:xboxkrnl.exe
 0009:00000464       __imp__RtlEnterCriticalSection@4 00638c24     xboxkrnl:xboxkrnl.exe
 0009:00000468       __imp__KeSetBasePriorityThread@8 00638c28     xboxkrnl:xboxkrnl.exe
 0009:0000046c       _PsThreadObjectType        00638c2c     xboxkrnl:xboxkrnl.exe
 0009:0000046c       __imp__PsThreadObjectType  00638c2c     xboxkrnl:xboxkrnl.exe
 0009:00000470       __imp__KeQueryBasePriorityThread@4 00638c30     xboxkrnl:xboxkrnl.exe
 0009:00000474       __imp__KeSetDisableBoostThread@8 00638c34     xboxkrnl:xboxkrnl.exe
 0009:00000478       __imp__NtSuspendThread@8   00638c38     xboxkrnl:xboxkrnl.exe
 0009:0000047c       __imp__NtResumeThread@8    00638c3c     xboxkrnl:xboxkrnl.exe
 0009:00000480       __imp__RtlRaiseException@4 00638c40     xboxkrnl:xboxkrnl.exe
 0009:00000484       __imp__NtQueueApcThread@20 00638c44     xboxkrnl:xboxkrnl.exe
 0009:00000488       __imp__NtYieldExecution@0  00638c48     xboxkrnl:xboxkrnl.exe
 0009:0000048c       __imp__PsTerminateSystemThread@4 00638c4c     xboxkrnl:xboxkrnl.exe
 0009:00000490       _KeTimeIncrement           00638c50     xboxkrnl:xboxkrnl.exe
 0009:00000490       __imp__KeTimeIncrement     00638c50     xboxkrnl:xboxkrnl.exe
 0009:00000494       __imp__PsCreateSystemThreadEx@40 00638c54     xboxkrnl:xboxkrnl.exe
 0009:00000498       __imp__XcHMAC@28           00638c58     xboxkrnl:xboxkrnl.exe
 0009:0000049c       __imp__XboxHDKey           00638c5c     xboxkrnl:xboxkrnl.exe
 0009:0000049c       _XboxHDKey                 00638c5c     xboxkrnl:xboxkrnl.exe
 0009:000004a0       __imp__RtlCompareString@12 00638c60     xboxkrnl:xboxkrnl.exe
 0009:000004a4       __imp__HalGetInterruptVector@8 00638c64     xboxkrnl:xboxkrnl.exe
 0009:000004a8       __imp__KeConnectInterrupt@4 00638c68     xboxkrnl:xboxkrnl.exe
 0009:000004ac       __imp__KeInitializeInterrupt@28 00638c6c     xboxkrnl:xboxkrnl.exe
 0009:000004b0       __imp__KeStallExecutionProcessor@4 00638c70     xboxkrnl:xboxkrnl.exe
 0009:000004b4       __imp__ExAllocatePoolWithTag@8 00638c74     xboxkrnl:xboxkrnl.exe
 0009:000004b8       __imp__ExFreePool@4        00638c78     xboxkrnl:xboxkrnl.exe
 0009:000004bc       __imp__KeQueryInterruptTime@0 00638c7c     xboxkrnl:xboxkrnl.exe
 0009:000004c0       __imp__HalInitiateShutdown@0 00638c80     xboxkrnl:xboxkrnl.exe
 0009:000004c4       __imp__RtlEqualString@12   00638c84     xboxkrnl:xboxkrnl.exe
 0009:000004c8       __imp__XeLoadSection@4     00638c88     xboxkrnl:xboxkrnl.exe
 0009:000004cc       __imp__XeUnloadSection@4   00638c8c     xboxkrnl:xboxkrnl.exe
 0009:000004d0       __imp__HalDiskCachePartitionCount 00638c90     xboxkrnl:xboxkrnl.exe
 0009:000004d0       _HalDiskCachePartitionCount 00638c90     xboxkrnl:xboxkrnl.exe
 0009:000004d4       __imp__RtlFillMemoryUlong@12 00638c94     xboxkrnl:xboxkrnl.exe
 0009:000004d8       __imp__NtFreeVirtualMemory@12 00638c98     xboxkrnl:xboxkrnl.exe
 0009:000004dc       __imp__NtAllocateVirtualMemory@20 00638c9c     xboxkrnl:xboxkrnl.exe
 0009:000004e0       _KdDebuggerEnabled         00638ca0     xboxkrnl:xboxkrnl.exe
 0009:000004e0       __imp__KdDebuggerEnabled   00638ca0     xboxkrnl:xboxkrnl.exe
 0009:000004e4       __imp__RtlCompareMemoryUlong@12 00638ca4     xboxkrnl:xboxkrnl.exe
 0009:000004e8       __imp__RtlCompareMemory@12 00638ca8     xboxkrnl:xboxkrnl.exe
 0009:000004ec       __imp__RtlInitializeCriticalSection@4 00638cac     xboxkrnl:xboxkrnl.exe
 0009:000004f0       __imp__NtQueryVirtualMemory@8 00638cb0     xboxkrnl:xboxkrnl.exe
 0009:000004f4       _XboxSignatureKey          00638cb4     xboxkrnl:xboxkrnl.exe
 0009:000004f4       __imp__XboxSignatureKey    00638cb4     xboxkrnl:xboxkrnl.exe
 0009:000004f8       __imp__XboxAlternateSignatureKeys 00638cb8     xboxkrnl:xboxkrnl.exe
 0009:000004f8       _XboxAlternateSignatureKeys 00638cb8     xboxkrnl:xboxkrnl.exe
 0009:000004fc       __imp__NtQueryDirectoryFile@40 00638cbc     xboxkrnl:xboxkrnl.exe
 0009:00000500       __imp__NtQueryFullAttributesFile@8 00638cc0     xboxkrnl:xboxkrnl.exe
 0009:00000504       __imp__FscSetCacheSize@4   00638cc4     xboxkrnl:xboxkrnl.exe
 0009:00000508       __imp__FscGetCacheSize@0   00638cc8     xboxkrnl:xboxkrnl.exe
 0009:0000050c       __imp__MmGetPhysicalAddress@4 00638ccc     xboxkrnl:xboxkrnl.exe
 0009:00000510       __imp__MmLockUnlockBufferPages@12 00638cd0     xboxkrnl:xboxkrnl.exe
 0009:00000514       __imp__KeInsertQueueDpc@12 00638cd4     xboxkrnl:xboxkrnl.exe
 0009:00000518       __imp__MmLockUnlockPhysicalPage@8 00638cd8     xboxkrnl:xboxkrnl.exe
 0009:0000051c       __imp__MmAllocateContiguousMemoryEx@20 00638cdc     xboxkrnl:xboxkrnl.exe
 0009:00000520       __imp__MmQueryAllocationSize@4 00638ce0     xboxkrnl:xboxkrnl.exe
 0009:00000524       __imp__AvGetSavedDataAddress@0 00638ce4     xboxkrnl:xboxkrnl.exe
 0009:00000528       __imp__AvSendTVEncoderOption@16 00638ce8     xboxkrnl:xboxkrnl.exe
 0009:0000052c       __imp__AvSetDisplayMode@24 00638cec     xboxkrnl:xboxkrnl.exe
 0009:00000530       __imp__AvSetSavedDataAddress@4 00638cf0     xboxkrnl:xboxkrnl.exe
 0009:00000534       __imp__MmQueryStatistics@4 00638cf4     xboxkrnl:xboxkrnl.exe
 0009:00000538       __imp__RtlWalkFrameChain@12 00638cf8     xboxkrnl:xboxkrnl.exe
 0009:0000053c       __imp__NtDeleteFile@4      00638cfc     xboxkrnl:xboxkrnl.exe
 0009:00000540       _KeTickCount               00638d00     xboxkrnl:xboxkrnl.exe
 0009:00000540       __imp__KeTickCount         00638d00     xboxkrnl:xboxkrnl.exe
 0009:00000544       __imp__HalReadWritePCISpace@24 00638d04     xboxkrnl:xboxkrnl.exe
 0009:00000548       __imp__KeDisconnectInterrupt@4 00638d08     xboxkrnl:xboxkrnl.exe
 0009:0000054c       __imp__MmClaimGpuInstanceMemory@8 00638d0c     xboxkrnl:xboxkrnl.exe
 0009:00000550       __imp__RtlUnwind@16        00638d10     xboxkrnl:xboxkrnl.exe
 0009:00000554       __imp__KeBugCheck@4        00638d14     xboxkrnl:xboxkrnl.exe
 0009:00000558       \177xboxkrnl_NULL_THUNK_DATA 00638d18     xboxkrnl:xboxkrnl.exe
 000a:00000000       __tls_start                00638ee0     xapilibd:xapitls.obj
 000a:00000108       _XapiLastErrorCode         00638fe8     xapilibd:error.obj
 000a:0000010c       ___ptd_cur                 00638fec     LIBCMTD:tidtable.obj
 000a:00000110       _XapiTlsSlots              00638ff0     xapilibd:tls.obj
 000a:000002ab       __tls_end                  0063918b     xapilibd:xapitls.obj
 000b:00000000       _XapiBuildNumberD          006392a0     xapilibd:xapi0.obj
 000b:00000114       _D3D8BuildNumberD          006393b4     d3d8d:precomp.obj
 000b:00000128       _D3DX8BuildNumberD         006393c8     d3dx8d:pchcore.obj
 000b:0000013c       _XGraphicsBuildNumberD     006393dc     xgraphicsd:swizzler.obj
 000b:00000150       _XboxKrnlBuildNumber       006393f0     xboxkrnl:bldnum.obj
 000b:00000164       ___DebugCrtBuildNumberMT   00639404     LIBCMTD:new.obj

 entry point at        0002:0000497f

