 LoaderGfx

 Timestamp is 42ee2401 (Mon Aug 01 15:30:41 2005)

 Preferred load address is 00400000

 Start         Length     Name                   Class
 0001:00000000 00019baaH .text                   CODE
 0001:00019bb0 00000045H .text$x                 CODE
 0001:00019c00 0000005dH .text$yc                CODE
 0001:00019c60 0000001aH .text$yd                CODE
 0002:00000000 0000d691H D3D                     CODE
 0002:0000d698 000013f8H D3D_RD                  CODE
 0002:0000ea90 000038bcH D3D_URW                 CODE
 0003:00000000 00019936H D3DX                    CODE
 0003:00019938 00002b30H D3DX_RD                 CODE
 0004:00000000 00001e50H XGRPH                   CODE
 0004:00001e50 00000000H XGRPH_RD                CODE
 0005:00000000 00006d27H DSOUND                  CODE
 0005:00006d28 00000424H DSOUND_RD               CODE
 0005:00007150 000006c0H DSOUND_RW               CODE
 0005:00007810 000001d4H DSOUND_URW              CODE
 0006:00000000 00000004H .XID$A                  CODE
 0006:00000004 00000004H .XID$Gamepad            CODE
 0006:00000008 00000004H .XID$IrRemote           CODE
 0006:0000000c 00000004H .XID$ZZZ                CODE
 0006:00000010 00000004H .XPP$ClassA             CODE
 0006:00000014 00000008H .XPP$ClassXID           CODE
 0006:0000001c 00000004H .XPP$ClassZZHub         CODE
 0006:00000020 00000004H .XPP$ClassZZZ           CODE
 0006:00000024 00000001H .XPP$DATA               CODE
 0006:00000028 00000110H .XPP$Data               CODE
 0006:00000138 00000caaH .XPPCINIT               CODE
 0006:00000de2 00005257H .XPPCODE                CODE
 0007:00000000 0000017cH .idata$5                DATA
 0007:00000180 00001bb4H .rdata                  DATA
 0007:00001d34 00000051H .rdata$debug            DATA
 0007:00001d88 00000050H .xdata$x                DATA
 0007:00001dd8 00000000H .edata                  DATA
 0008:00000000 00000004H .CRT$RIA                DATA
 0008:00000004 00000004H .CRT$RII10              DATA
 0008:00000008 00000004H .CRT$RII20              DATA
 0008:0000000c 00000004H .CRT$RIZ                DATA
 0008:00000010 00000004H .CRT$XCA                DATA
 0008:00000014 00000004H .CRT$XCAA               DATA
 0008:00000018 0000001cH .CRT$XCU                DATA
 0008:00000034 00000004H .CRT$XCZ                DATA
 0008:00000038 00000004H .CRT$XIA                DATA
 0008:0000003c 0000000cH .CRT$XIC                DATA
 0008:00000048 00000004H .CRT$XIY                DATA
 0008:0000004c 00000004H .CRT$XIZ                DATA
 0008:00000050 00000004H .CRT$XPA                DATA
 0008:00000054 00000004H .CRT$XPX                DATA
 0008:00000058 00000004H .CRT$XPZ                DATA
 0008:0000005c 00000004H .CRT$XTA                DATA
 0008:00000060 00000004H .CRT$XTB                DATA
 0008:00000064 00000004H .CRT$XTZ                DATA
 0008:00000068 00000004H .XAPI$LNA               DATA
 0008:0000006c 00000004H .XAPI$LNZ               DATA
 0008:00000070 000133b0H .data                   DATA
 0008:00013420 000509dcH .bss                    DATA
 0009:00000000 00007180H DOLBY                   DATA
 000a:00000000 00000014H .idata$2                CODE
 000a:00000014 00000014H .idata$3                CODE
 000a:00000028 0000017cH .idata$4                CODE
 000a:000001a4 0000000eH .idata$6                CODE
 000b:00000000 00000001H .tls                    DATA
 000b:00000008 00000088H .tls$                   DATA
 000b:00000090 00000001H .tls$ZZZ                DATA
 000c:00000000 00000010H .XBLD$A                 DATA
 000c:00000010 00000060H .XBLD$V                 DATA

  Address         Publics by Value              Rva+Base     Lib:Object

 0000:00000000       ___safe_se_handler_table   00000000     <absolute>
 0000:00000000       __except_list              00000000     <absolute>
 0000:00000000       ___safe_se_handler_count   00000000     <absolute>
 0000:00000004       __tls_array                00000004     <absolute>
 0001:00000000       ??1cGifImage@@QAE@XZ       004003e0 f   cGif.obj
 0001:00000040       ?Mget_next_code@cGifImage@@AAEHXZ 00400420 f   cGif.obj
 0001:00000170       ?GetSize@cGifImage@@QAEHPAEPAH1@Z 00400550 f   cGif.obj
 0001:000001b0       ?LoadGifFromMemory@cGifImage@@QAEHPAE0@Z 00400590 f   cGif.obj
 0001:00000440       ??0cGifImage@@QAE@XZ       00400820 f   cGif.obj
 0001:00000520       ??_H@YGXPAXIHP6EPAX0@Z@Z   00400900 f i CIniReader.obj
 0001:00000550       ??1CIniReader@@QAE@XZ      00400930 f   CIniReader.obj
 0001:00000580       ?SplitLine@CIniReader@@QAEHPAD00@Z 00400960 f   CIniReader.obj
 0001:000006b0       ?SplitCoord@CIniReader@@QAEHPADPAH1@Z 00400a90 f   CIniReader.obj
 0001:00000720       ?ComputeLine@CIniReader@@QAEXPAD@Z 00400b00 f   CIniReader.obj
 0001:00000970       ??0CIniReader@@QAE@XZ      00400d50 f   CIniReader.obj
 0001:00000a10       ?ReadIni@CIniReader@@QAEXPAD@Z 00400df0 f   CIniReader.obj
 0001:00000aa0       _DOut_SetVol               00400e80 f   DOut.obj
 0001:00000b50       _DOut_SetVolPerc           00400f30 f   DOut.obj
 0001:00000b90       ?DOut_BufferCopy@@YAXPAX@Z 00400f70 f   DOut.obj
 0001:00000c20       ?DOut_BufferZero@@YAXXZ    00401000 f   DOut.obj
 0001:00000c80       _DOut_RunOnce              00401060 f   DOut.obj
 0001:00000cf0       _DOut_Open                 004010d0 f   DOut.obj
 0001:00000ed0       _DOut_Start                004012b0 f   DOut.obj
 0001:00000f10       ?Initialize@KStarField@@QAEXHHPAM0@Z 004012f0 f   KStars.obj
 0001:00000ff0       ?Update@KStarField@@QAEXXZ 004013d0 f   KStars.obj
 0001:00001190       ?Init@GifTexture@@QAEHPAEH@Z 00401570 f   Main.obj
 0001:000012e0       ??1CXBoxSample@@QAE@XZ     004016c0 f i Main.obj
 0001:00001350       ?TrainerLaunch@@YAXXZ      00401730 f   Main.obj
 0001:00001450       ?DrawOptions@@YAXXZ        00401830 f   Main.obj
 0001:00001660       _main                      00401a40 f   Main.obj
 0001:00001680       ??0CXBoxSample@@QAE@XZ     00401a60 f   Main.obj
 0001:00001770       ?SetRGBtexture@CXBoxSample@@QAEJH@Z 00401b50 f   Main.obj
 0001:000017d0       ?Initialize@CXBoxSample@@UAEJXZ 00401bb0 f   Main.obj
 0001:00002040       ?BandColor@CXBoxSample@@QAEJPAUD3DVertexBuffer@@HHHHKKH@Z 00402420 f   Main.obj
 0001:000022a0       ?BandFade@CXBoxSample@@QAEJPAUD3DVertexBuffer@@H@Z 00402680 f   Main.obj
 0001:00002460       ?RenderState@CXBoxSample@@QAEJXZ 00402840 f   Main.obj
 0001:00002560       ?DrawQuad@CXBoxSample@@QAEJMMHHHHHHHHK@Z 00402940 f   Main.obj
 0001:000028e0       ?OptionsWriteCursorBand@@YAXXZ 00402cc0 f   Main.obj
 0001:00002960       ?OptionsWriteArrows@@YAXXZ 00402d40 f   Main.obj
 0001:00002a80       ?DoIntro@CXBoxSample@@QAEJXZ 00402e60 f   Main.obj
 0001:00002ff0       ?Render@CXBoxSample@@UAEJXZ 004033d0 f   Main.obj
 0001:00003960       ?init_layer3@@YAXH@Z       00403d40 f   mp3.obj
 0001:0000a080       ?MP3_Init@@YAXXZ           0040a460 f   mp3.obj
 0001:0000a0d0       ?MP3_Open@@YAHPADH@Z       0040a4b0 f   mp3.obj
 0001:0000a190       ?MP3_Work@@YAXPAFH@Z       0040a570 f   mp3.obj
 0001:0000a330       ?mp3_setmastervol@@YAXH@Z  0040a710 f   mp3player.obj
 0001:0000a340       ?mp3_setmastervolperc@@YAXH@Z 0040a720 f   mp3player.obj
 0001:0000a350       ?mp3_callback@@YAPAXH@Z    0040a730 f   mp3player.obj
 0001:0000a370       ?mp3_run@@YAXXZ            0040a750 f   mp3player.obj
 0001:0000a380       ?mp3_init@@YAXPADH@Z       0040a760 f   mp3player.obj
 0001:0000a430       ?mp3_start@@YAXXZ          0040a810 f   mp3player.obj
 0001:0000a440       ??0CXBApplication@@QAE@XZ  0040a820 f   xbapp.obj
 0001:0000a4d0       ?Render@CXBApplication@@MAEJXZ 0040a8b0 f i xbapp.obj
 0001:0000a4d0       ?Initialize@CXBApplication@@MAEJXZ 0040a8b0 f i xbapp.obj
 0001:0000a4d0       ?FrameMove@CXBoxSample@@UAEJXZ 0040a8b0 f i Main.obj
 0001:0000a4d0       ?FrameMove@CXBApplication@@MAEJXZ 0040a8b0 f i xbapp.obj
 0001:0000a4d0       ?Cleanup@CXBApplication@@MAEJXZ 0040a8b0 f i Main.obj
 0001:0000a4e0       ?Create@CXBApplication@@QAEJXZ 0040a8c0 f   xbapp.obj
 0001:0000a570       ?Run@CXBApplication@@QAEHXZ 0040a950 f   xbapp.obj
 0001:0000a9e0       ?RegisterResource@CXBPackedResource@@QBEPAUD3DResource@@PAU2@@Z 0040adc0 f i xbfont.obj
 0001:0000aa30       ??0CXBFont@@QAE@XZ         0040ae10 f   xbfont.obj
 0001:0000aaa0       ?CreateShaders@CXBFont@@QAEJXZ 0040ae80 f   xbfont.obj
 0001:0000aba0       ?Create@CXBFont@@QAEJPAUD3DTexture@@PAX@Z 0040af80 f   xbfont.obj
 0001:0000ad90       ?GetTextExtent@CXBFont@@QBEJPBGPAM1H@Z 0040b170 f   xbfont.obj
 0001:0000ae90       ?Begin@CXBFont@@QAEJXZ     0040b270 f   xbfont.obj
 0001:0000b030       ?End@CXBFont@@QAEJXZ       0040b410 f   xbfont.obj
 0001:0000b160       ??1CXBFont@@QAE@XZ         0040b540 f   xbfont.obj
 0001:0000b200       ?Create@CXBFont@@QAEJPBDK@Z 0040b5e0 f   xbfont.obj
 0001:0000b250       ?DrawText@CXBFont@@QAEJMMKPBGKM@Z 0040b630 f   xbfont.obj
 0001:0000b570       ?XBInput_CreateGamepads@@YAJPAPAUXBGAMEPAD@@@Z 0040b950 f   xbinput.obj
 0001:0000b6d0       ?XBInput_RefreshDeviceList@@YAXPAUXBGAMEPAD@@@Z 0040bab0 f   xbinput.obj
 0001:0000b880       ?XBInput_GetInput@@YAXPAUXBGAMEPAD@@@Z 0040bc60 f   xbinput.obj
 0001:0000bbf0       ??0CXBPackedResource@@QAE@XZ 0040bfd0 f   xbresource.obj
 0001:0000bc10       ?Create@CXBPackedResource@@QAEJPBDKPAUXBRESOURCE@@@Z 0040bff0 f   xbresource.obj
 0001:0000bdb0       ?Destroy@CXBPackedResource@@QAEXXZ 0040c190 f   xbresource.obj
 0001:0000bdb0       ??1CXBPackedResource@@QAE@XZ 0040c190 f   xbresource.obj
 0001:0000bdf0       ?XBUtil_FindMediaFile@@YAJPADPBD@Z 0040c1d0 f   xbutil.obj
 0001:0000beb0       _XLaunchNewImageA@8        0040c290 f   xapilib:launch.obj
 0001:0000bef2       _XWriteTitleInfoNoReboot@24 0040c2d2 f   xapilib:launch.obj
 0001:0000bfd3       _XWriteTitleInfoAndRebootA@20 0040c3b3 f   xapilib:launch.obj
 0001:0000c01a       _XGetVideoFlags@0          0040c3fa f   xapilib:xgetvideoflags.obj
 0001:0000c063       _XGetVideoStandard@0       0040c443 f   xapilib:xgetvideostandard.obj
 0001:0000c08c       _QueryPerformanceCounter@4 0040c46c f   xapilib:perfctr.obj
 0001:0000c09d       _QueryPerformanceFrequency@4 0040c47d f   xapilib:perfctr.obj
 0001:0000c0b1       _CloseHandle@4             0040c491 f   xapilib:handle.obj
 0001:0000c0cf       _ReadFile@20               0040c4af f   xapilib:filehops.obj
 0001:0000c1bc       _WriteFile@20              0040c59c f   xapilib:filehops.obj
 0001:0000c292       _SetEndOfFile@4            0040c672 f   xapilib:filehops.obj
 0001:0000c316       _SetFilePointer@16         0040c6f6 f   xapilib:filehops.obj
 0001:0000c410       _SetFilePointerEx@20       0040c7f0 f   xapilib:filehops.obj
 0001:0000c4d8       _FlushFileBuffers@4        0040c8b8 f   xapilib:filehops.obj
 0001:0000c4ff       _GetFileSizeEx@8           0040c8df f   xapilib:filehops.obj
 0001:0000c53d       _GetFileSize@8             0040c91d f   xapilib:filehops.obj
 0001:0000c578       _CreateFileA@28            0040c958 f   xapilib:fileopcr.obj
 0001:0000c703       _OutputDebugStringA@4      0040cae3 f   xapilib:outputdebugstringa.obj
 0001:0000c735       _UnicodeToUTF8@16          0040cb15 f   xapilib:widechar.obj
 0001:0000c7ed       _WideCharToMultiByte@32    0040cbcd f   xapilib:widechar.obj
 0001:0000c8b5       _GetLastError@0            0040cc95 f   xapilib:error.obj
 0001:0000c8dd       _SetLastError@4            0040ccbd f   xapilib:error.obj
 0001:0000c90b       _XapiSetLastNTError@4      0040cceb f   xapilib:error.obj
 0001:0000c922       _mainXapiStartup@4         0040cd02 f   xapilib:xapi0.obj
 0001:0000c996       _mainCRTStartup            0040cd76 f   xapilib:xapi0.obj
 0001:0000ca08       _BuildUpdateFilePath@12    0040cde8 f   xapilib:bootutil.obj
 0001:0000ca52       _XoUpdateLoadXBEInfo@8     0040ce32 f   xapilib:bootutil.obj
 0001:0000cb1e       _XoUpdateGetSavedDataFromLaunchPage@12 0040cefe f   xapilib:bootutil.obj
 0001:0000cb82       _XapipUpdateGetCurrentDDriveMapping@8 0040cf62 f   xapilib:bootutil.obj
 0001:0000cc14       _XapipUpdateSaveDDriveMappingToLaunchPage@8 0040cff4 f   xapilib:bootutil.obj
 0001:0000cc95       _XapipUpdateDetectAndVerify@16 0040d075 f   xapilib:bootutil.obj
 0001:0000ce17       _XapipLaunchNewImageInternal@16 0040d1f7 f   xapilib:bootutil.obj
 0001:0000cf98       _XapipUpdateRebootIfNecessary@0 0040d378 f   xapilib:bootutil.obj
 0001:0000d0fd       _lstrcpynA@12              0040d4dd f   xapilib:lcompata.obj
 0001:0000d162       _XGetAVPack@0              0040d542 f   xapilib:xgetavpack.obj
 0001:0000d16a       _XapiFormatTimeOut@8       0040d54a f   xapilib:support.obj
 0001:0000d198       _WaitForSingleObjectEx@12  0040d578 f   xapilib:synch.obj
 0001:0000d1dc       _SleepEx@8                 0040d5bc f   xapilib:synch.obj
 0001:0000d22e       _WaitForSingleObject@8     0040d60e f   xapilib:synch.obj
 0001:0000d240       _Sleep@4                   0040d620 f   xapilib:synch.obj
 0001:0000d24e       _XapiValidateDiskPartitionEx@8 0040d62e f   xapilib:xapiinit.obj
 0001:0000d2c6       _XapiCopySectionToFile@16  0040d6a6 f   xapilib:xapiinit.obj
 0001:0000d3ad       _XapiMapLetterToDirectory@24 0040d78d f   xapilib:xapiinit.obj
 0001:0000d6e1       _XapiSetupPerTitleDriveLetters@8 0040dac1 f   xapilib:xapiinit.obj
 0001:0000d736       _XapiBootToDash@12         0040db16 f   xapilib:xapiinit.obj
 0001:0000d79b       _XapiValidateDiskPartition@4 0040db7b f   xapilib:xapiinit.obj
 0001:0000d7ac       _XapiInitProcess@0         0040db8c f   xapilib:xapiinit.obj
 0001:0000d91b       __cinit@0                  0040dcfb f   xapilib:xapi0dat.obj
 0001:0000d973       __rtinit@0                 0040dd53 f   xapilib:xapi0dat.obj
 0001:0000d99c       _XapiRestrictCodeSelectorLimit@0 0040dd7c f   xapilib:krnlptch.obj
 0001:0000da00       _XapiApplyKernelPatches@0  0040dde0 f   xapilib:krnlptch.obj
 0001:0000dac5       _XapiCallThreadNotifyRoutines@4 0040dea5 f   xapilib:thread.obj
 0001:0000dafd       _RaiseException@16         0040dedd f   xapilib:thread.obj
 0001:0000db53       _SetUnhandledExceptionFilter@4 0040df33 f   xapilib:thread.obj
 0001:0000db65       _XRegisterThreadNotifyRoutine@8 0040df45 f   xapilib:thread.obj
 0001:0000dbae       _UnhandledExceptionFilter@4 0040df8e f   xapilib:thread.obj
 0001:0000dbea       _XapiThreadStartup@8       0040dfca f   xapilib:thread.obj
 0001:0000dc82       _CreateThread@24           0040e062 f   xapilib:thread.obj
 0001:0000dcf0       _GetCurrentThreadId@0      0040e0d0 f   xapilib:thread.obj
 0001:0000dcfd       _XComputeContentSignatureKey@8 0040e0dd f   xapilib:contsig.obj
 0001:0000dd1c       _XapiComputeContentHeaderSignature@16 0040e0fc f   xapilib:contsig.obj
 0001:0000de01       _XapiLoadContentMetadataHeader@16 0040e1e1 f   xapilib:contsig.obj
 0001:0000dee2       _XAutoPowerDownResetTimer@0 0040e2c2 f   xapilib:powerdwn.obj
 0001:0000defd       _XapiAutoPowerDownTimeout@16 0040e2dd f   xapilib:powerdwn.obj
 0001:0000df0f       _XapiInitAutoPowerDown@0   0040e2ef f   xapilib:powerdwn.obj
 0001:0000df83       _XGetSectionHandleA@4      0040e363 f   xapilib:xemodule.obj
 0001:0000dfea       _XLoadSectionByHandle@4    0040e3ca f   xapilib:xemodule.obj
 0001:0000e00b       _XFreeSectionByHandle@4    0040e3eb f   xapilib:xemodule.obj
 0001:0000e029       _XGetSectionSize@4         0040e409 f   xapilib:xemodule.obj
 0001:0000e033       _XGetParentalControlSetting@0 0040e413 f   xapilib:xgetparentalcontrolsetting.obj
 0001:0000e058       _GetDiskFreeSpaceExA@16    0040e438 f   xapilib:pathmisc.obj
 0001:0000e14c       _XapiSelectCachePartition@12 0040e52c f   xapilib:pathmisc.obj
 0001:0000e397       _XMountUtilityDrive@4      0040e777 f   xapilib:pathmisc.obj
 0001:0000e49c       _HeapFree@12               0040e87c f   xapilib:xapiheap.obj
 0001:0000e4b3       _GetProcessHeap@0          0040e893 f   xapilib:xapiheap.obj
 0001:0000e4b9       _LocalAlloc@8              0040e899 f   xapilib:xapiheap.obj
 0001:0000e4d6       _LocalFree@4               0040e8b6 f   xapilib:xapiheap.obj
 0001:0000e4f4       _RtlpCreateUnCommittedRange@4 0040e8d4 f   xapilib:heap.obj
 0001:0000e614       _RtlpDestroyUnCommittedRange@8 0040e9f4 f   xapilib:heap.obj
 0001:0000e635       _RtlpInsertUnCommittedPages@12 0040ea15 f   xapilib:heap.obj
 0001:0000e6c8       _RtlpFindAndCommitPages@16 0040eaa8 f   xapilib:heap.obj
 0001:0000e853       _RtlpCoalesceFreeBlocks@16 0040ec33 f   xapilib:heap.obj
 0001:0000eaf8       _RtlpInsertFreeBlock@12    0040eed8 f   xapilib:heap.obj
 0001:0000ebf2       _RtlpGetExtraStuffPointer@4 0040efd2 f   xapilib:heap.obj
 0001:0000ec0e       _RtlpGrowBlockInPlace@20   0040efee f   xapilib:heap.obj
 0001:0000f00c       _RtlSizeHeap@12            0040f3ec f   xapilib:heap.obj
 0001:0000f03b       _RtlpInitializeHeapSegment@28 0040f41b f   xapilib:heap.obj
 0001:0000f159       _RtlpExtendHeap@8          0040f539 f   xapilib:heap.obj
 0001:0000f2e0       _RtlpDeCommitFreeBlock@12  0040f6c0 f   xapilib:heap.obj
 0001:0000f58a       _RtlCreateHeap@24          0040f96a f   xapilib:heap.obj
 0001:0000f9ae       _RtlAllocateHeap@12        0040fd8e f   xapilib:heap.obj
 0001:00010129       _RtlFreeHeap@12            00410509 f   xapilib:heap.obj
 0001:0001031d       _RtlReAllocateHeap@16      004106fd f   xapilib:heap.obj
 0001:00010a4b       _XapiShutdownChannelStartNextPacket@0 00410e2b f   xapilib:xapiterm.obj
 0001:00010a64       _XapiShutdownChannelStartPacket@8 00410e44 f   xapilib:xapiterm.obj
 0001:00010a67       _XapiShutdownNotification@4 00410e47 f   xapilib:xapiterm.obj
 0001:00010ac0       _XapiChangeCodeSelectorLimit@8 00410ea0 f   xapilib:xapidlla.obj
 0001:00010ae5       _XShaHmacInitialize@12     00410ec5 f   xapilib:xcalcsig.obj
 0001:00010b47       _XShaHmacUpdate@12         00410f27 f   xapilib:xcalcsig.obj
 0001:00010b4c       _XShaHmacComputeFinal@16   00410f2c f   xapilib:xcalcsig.obj
 0001:00010bbe       _XMemAlloc@8               00410f9e f   xapilib:xmem.obj
 0001:00010c5e       _XMemFree@8                0041103e f   xapilib:xmem.obj
 0001:00010c78       _XQueryValue@20            00411058 f   xapilib:xqueryvalue.obj
 0001:00010c9a       _XapiFormatFATVolumeEx@8   0041107a f   xapilib:format.obj
 0001:00010fc0       @RtlFindFirstSetRightMember@4 004113a0 f   xapilib:bitmapa.obj
 0001:00010fc4       _XPhysicalAlloc@16         004113a4 f   xapilib:physical.obj
 0001:00011007       _XPhysicalAllocEx@20       004113e7 f   xapilib:physical.obj
 0001:00011034       _XPhysicalFree@4           00411414 f   xapilib:physical.obj
 0001:0001103a       ??_ECMcpxAPU@DirectSound@@W7AEPAXI@Z 0041141a f i dsound:mcpapu.obj
 0001:00011042       _IoCreateSymbolicLink@8    00411422 f   xboxkrnl:xboxkrnl.exe
 0001:00011048       _IoDeleteSymbolicLink@4    00411428 f   xboxkrnl:xboxkrnl.exe
 0001:0001104e       _ExQueryNonVolatileSetting@20 0041142e f   xboxkrnl:xboxkrnl.exe
 0001:00011054       _XcSHAFinal@8              00411434 f   xboxkrnl:xboxkrnl.exe
 0001:0001105a       _XcSHAUpdate@12            0041143a f   xboxkrnl:xboxkrnl.exe
 0001:00011060       _XcSHAInit@4               00411440 f   xboxkrnl:xboxkrnl.exe
 0001:00011066       _XcHMAC@28                 00411446 f   xboxkrnl:xboxkrnl.exe
 0001:0001106c       _DbgPrint                  0041144c f   xboxkrnl:xboxkrnl.exe
 0001:00011072       ??3@YAXPAX@Z               00411452 f   LIBCMT:delete.obj
 0001:00011077       ??2@YAPAXI@Z               00411457 f   LIBCMT:new.obj
 0001:00011085       _atol                      00411465 f   LIBCMT:atox.obj
 0001:000110dd       _atoi                      004114bd f   LIBCMT:atox.obj
 0001:000110f0       _strncpy                   004114d0 f   LIBCMT:strncpy.obj
 0001:00011244       @__security_check_cookie@4 00411624 f   LIBCMT:secchk.obj
 0001:00011252       __fclose_lk                00411632 f   LIBCMT:fclose.obj
 0001:0001129e       _fclose                    0041167e f   LIBCMT:fclose.obj
 0001:000112ef       _fgets                     004116cf f   LIBCMT:fgets.obj
 0001:00011375       __fsopen                   00411755 f   LIBCMT:fopen.obj
 0001:000113d1       _fopen                     004117b1 f   LIBCMT:fopen.obj
 0001:000113e4       __fpclear                  004117c4 f   LIBCMT:fpinit.obj
 0001:000113e5       __cfltcvt_init             004117c5 f   LIBCMT:fpinit.obj
 0001:0001141d       __fpmath                   004117fd f   LIBCMT:fpinit.obj
 0001:00011434       __ftol2                    00411814 f   LIBCMT:ftol2.obj
 0001:000114a9       _rand                      00411889 f   LIBCMT:rand.obj
 0001:000114cb       ?_JumpToContinuation@@YGXPAXPAUEHRegistrationNode@@@Z 004118ab f   LIBCMT:trnsctrl.obj
 0001:000114fb       ?_CallMemberFunction1@@YGXPAX00@Z 004118db f   LIBCMT:trnsctrl.obj
 0001:000114fb       ?_CallMemberFunction2@@YGXPAX00H@Z 004118db f   LIBCMT:trnsctrl.obj
 0001:000114fb       ?_CallMemberFunction0@@YGXPAX0@Z 004118db f   LIBCMT:trnsctrl.obj
 0001:00011502       ?_UnwindNestedFrames@@YGXPAUEHRegistrationNode@@PAUEHExceptionRecord@@@Z 004118e2 f   LIBCMT:trnsctrl.obj
 0001:00011554       ___CxxFrameHandler         00411934 f   LIBCMT:trnsctrl.obj
 0001:000115c5       ?_CallSETranslator@@YAHPAUEHExceptionRecord@@PAUEHRegistrationNode@@PAX2PBU_s_FuncInfo@@H1@Z 004119a5 f   LIBCMT:trnsctrl.obj
 0001:0001173e       ?_GetRangeOfTrysToCheck@@YAPBU_s_TryBlockMapEntry@@PBU_s_FuncInfo@@HHPAI1@Z 00411b1e f   LIBCMT:trnsctrl.obj
 0001:000117b8       ?_CreateFrameInfo@@YAPAUFrameInfo@@PAU1@PAX@Z 00411b98 f   LIBCMT:trnsctrl.obj
 0001:000117e0       ?IsExceptionObjectToBeDestroyed@@YAHPAX@Z 00411bc0 f   LIBCMT:trnsctrl.obj
 0001:00011801       ?_FindAndUnlinkFrame@@YAXPAUFrameInfo@@@Z 00411be1 f   LIBCMT:trnsctrl.obj
 0001:0001184d       ?_CallCatchBlock2@@YAPAXPAUEHRegistrationNode@@PBU_s_FuncInfo@@PAXHK@Z 00411c2d f   LIBCMT:trnsctrl.obj
 0001:000118a8       __global_unwind2           00411c88 f   LIBCMT:exsup.obj
 0001:000118ea       __local_unwind2            00411cca f   LIBCMT:exsup.obj
 0001:00011942       __NLG_Return2              00411d22     LIBCMT:exsup.obj
 0001:00011952       __abnormal_termination     00411d32 f   LIBCMT:exsup.obj
 0001:00011975       __NLG_Notify1              00411d55 f   LIBCMT:exsup.obj
 0001:0001197e       __NLG_Notify               00411d5e f   LIBCMT:exsup.obj
 0001:00011991       __NLG_Dispatch             00411d71     LIBCMT:exsup.obj
 0001:00011996       __heap_alloc               00411d76 f   LIBCMT:malloc.obj
 0001:000119bd       __nh_malloc                00411d9d f   LIBCMT:malloc.obj
 0001:000119e9       _malloc                    00411dc9 f   LIBCMT:malloc.obj
 0001:00011a7b       ___onexitinit              00411e5b f   LIBCMT:onexit.obj
 0001:00011aa3       __onexit                   00411e83 f   LIBCMT:onexit.obj
 0001:00011adb       _atexit                    00411ebb f   LIBCMT:onexit.obj
 0001:00011aed       __fread_lk                 00411ecd f   LIBCMT:fread.obj
 0001:00011be5       _fread                     00411fc5 f   LIBCMT:fread.obj
 0001:00011c31       __ftell_lk                 00412011 f   LIBCMT:ftell.obj
 0001:00011d93       _ftell                     00412173 f   LIBCMT:ftell.obj
 0001:00011dd4       __fseek_lk                 004121b4 f   LIBCMT:fseek.obj
 0001:00011e63       _fseek                     00412243 f   LIBCMT:fseek.obj
 0001:00011eb0       _memmove                   00412290 f   LIBCMT:memmove.obj
 0001:000121f0       _pow                       004125d0 f   LIBCMT:pow.obj
 0001:000121f4       __CIpow                    004125d4 f   LIBCMT:pow.obj
 0001:000121f6       __CIpow_default            004125d6 f   LIBCMT:pow.obj
 0001:0001220f       __pow_default              004125ef     LIBCMT:pow.obj
 0001:00012405       _swprintf                  004127e5 f   LIBCMT:swprintf.obj
 0001:00012474       _floor                     00412854 f   LIBCMT:floor.obj
 0001:00012547       __vsnprintf                00412927 f   LIBCMT:vsnprint.obj
 0001:0001259d       _sprintf                   0041297d f   LIBCMT:sprintf.obj
 0001:000125f5       _free                      004129d5 f   LIBCMT:free.obj
 0001:0001264d       _wcslen                    00412a2d f   LIBCMT:wcslen.obj
 0001:00012663       __snprintf                 00412a43 f   LIBCMT:snprintf.obj
 0001:000126ba       __strnicmp                 00412a9a f   LIBCMT:strnicmp.obj
 0001:00012710       __chkstk                   00412af0 f   LIBCMT:chkstk.obj
 0001:00012710       __alloca_probe             00412af0     LIBCMT:chkstk.obj
 0001:00012754       __SEH_prolog               00412b34 f   LIBCMT:sehprolg.obj
 0001:0001278f       __SEH_epilog               00412b6f f   LIBCMT:sehprolg.obj
 0001:000127a8       __except_handler3          00412b88 f   LIBCMT:exsup3.obj
 0001:0001287a       __seh_longjmp_unwind@4     00412c5a f   LIBCMT:exsup3.obj
 0001:00012895       __snwprintf                00412c75 f   LIBCMT:snwprint.obj
 0001:00012910       __aulldiv                  00412cf0 f   LIBCMT:ulldiv.obj
 0001:00012980       __allmul                   00412d60 f   LIBCMT:llmul.obj
 0001:000129c0       __alldiv                   00412da0 f   LIBCMT:lldiv.obj
 0001:00012a6a       __fpclass                  00412e4a f   LIBCMT:ieeemisc.obj
 0001:00012b08       __CIacos                   00412ee8 f   LIBCMT:acos.obj
 0001:00012b1c       _acos                      00412efc     LIBCMT:acos.obj
 0001:00012bd4       _longjmp                   00412fb4 f   LIBCMT:longjmp.obj
 0001:00012c50       __setjmp3                  00413030 f   LIBCMT:setjmp3.obj
 0001:00012ccb       _isdigit                   004130ab f   LIBCMT:_ctype.obj
 0001:00012cf4       _isspace                   004130d4 f   LIBCMT:_ctype.obj
 0001:00012d1d       __lockexit                 004130fd f   LIBCMT:crt0dat.obj
 0001:00012d26       __unlockexit               00413106 f   LIBCMT:crt0dat.obj
 0001:00012df3       _exit                      004131d3 f   LIBCMT:crt0dat.obj
 0001:00012dff       __exit                     004131df f   LIBCMT:crt0dat.obj
 0001:00012e0c       _sinh                      004131ec f   LIBCMT:87ctrigh.obj
 0001:00012e16       _cosh                      004131f6 f   LIBCMT:87ctrigh.obj
 0001:00012e1d       _tanh                      004131fd f   LIBCMT:87ctrigh.obj
 0001:00012e24       __CIsinh                   00413204 f   LIBCMT:87ctrigh.obj
 0001:00012e2e       __CIcosh                   0041320e f   LIBCMT:87ctrigh.obj
 0001:00012e35       __CItanh                   00413215 f   LIBCMT:87ctrigh.obj
 0001:00012e3c       __purecall                 0041321c f   LIBCMT:purevirt.obj
 0001:00012e50       __ismbcspace               00413230 f   LIBCMT:ismbspc.obj
 0001:00012e80       ___security_init_cookie    00413260 f   LIBCMT:seccinit.obj
 0001:00012eda       ___security_error_handler  004132ba f   LIBCMT:secfail.obj
 0001:00013063       __close_lk                 00413443 f   LIBCMT:close.obj
 0001:000130e4       __close                    004134c4 f   LIBCMT:close.obj
 0001:0001317f       __freebuf                  0041355f f   LIBCMT:_freebuf.obj
 0001:000131aa       __flush                    0041358a f   LIBCMT:fflush.obj
 0001:00013207       __fflush_lk                004135e7 f   LIBCMT:fflush.obj
 0001:0001330a       __flushall                 004136ea f   LIBCMT:fflush.obj
 0001:00013313       ___initstdio               004136f3 f   LIBCMT:_file.obj
 0001:000133bc       ___endstdio                0041379c f   LIBCMT:_file.obj
 0001:000133d0       __lock_file                004137b0 f   LIBCMT:_file.obj
 0001:000133ff       __lock_file2               004137df f   LIBCMT:_file.obj
 0001:00013422       __unlock_file              00413802 f   LIBCMT:_file.obj
 0001:00013451       __unlock_file2             00413831 f   LIBCMT:_file.obj
 0001:00013474       __filbuf                   00413854 f   LIBCMT:_filbuf.obj
 0001:00013555       __openfile                 00413935 f   LIBCMT:_open.obj
 0001:000136bd       __errno                    00413a9d f   LIBCMT:dosmap.obj
 0001:000136c6       ___doserrno                00413aa6 f   LIBCMT:dosmap.obj
 0001:000136cf       __dosmaperr                00413aaf f   LIBCMT:dosmap.obj
 0001:00013742       __getstream                00413b22 f   LIBCMT:stream.obj
 0001:00013864       __forcdecpt                00413c44 f   LIBCMT:cvt.obj
 0001:000138bc       __cropzeros                00413c9c f   LIBCMT:cvt.obj
 0001:00013907       __positive                 00413ce7 f   LIBCMT:cvt.obj
 0001:00013921       __fassign                  00413d01 f   LIBCMT:cvt.obj
 0001:00013a2b       __cftoe                    00413e0b f   LIBCMT:cvt.obj
 0001:00013b30       __cftof                    00413f10 f   LIBCMT:cvt.obj
 0001:00013b82       __cftog                    00413f62 f   LIBCMT:cvt.obj
 0001:00013c0f       __cfltcvt                  00413fef f   LIBCMT:cvt.obj
 0001:00013c60       __setdefaultprecision      00414040 f   LIBCMT:fp8.obj
 0001:00013c72       __getptd                   00414052 f   LIBCMT:tidtable.obj
 0001:00013cf4       __freefls@4                004140d4 f   LIBCMT:tidtable.obj
 0001:00013dbd       __freeptd                  0041419d f   LIBCMT:tidtable.obj
 0001:00013e0f       __mtinit                   004141ef f   LIBCMT:tidtable.obj
 0001:00013f12       ___FrameUnwindToState      004142f2 f   LIBCMT:frame.obj
 0001:00013fe0       ___DestructExceptionObject 004143c0 f   LIBCMT:frame.obj
 0001:0001466b       ___InternalCxxFrameHandler 00414a4b f   LIBCMT:frame.obj
 0001:0001470d       ?terminate@@YAXXZ          00414aed f   LIBCMT:hooks.obj
 0001:00014749       ?_inconsistency@@YAXXZ     00414b29 f   LIBCMT:hooks.obj
 0001:00014780       __CallSettingFrame@12      00414b60 f   LIBCMT:lowhelpr.obj
 0001:000147a7       __NLG_Return               00414b87     LIBCMT:lowhelpr.obj
 0001:000147cc       __callnewh                 00414bac f   LIBCMT:handler.obj
 0001:000147e7       _realloc                   00414bc7 f   LIBCMT:realloc.obj
 0001:000148d4       __msize                    00414cb4 f   LIBCMT:msize.obj
 0001:0001492d       __read_lk                  00414d0d f   LIBCMT:read.obj
 0001:00014b04       __read                     00414ee4 f   LIBCMT:read.obj
 0001:00014baf       __ioinit                   00414f8f f   LIBCMT:ioinit.obj
 0001:00014c14       __lseek_lk                 00414ff4 f   LIBCMT:lseek.obj
 0001:00014c86       __lseek                    00415066 f   LIBCMT:lseek.obj
 0001:00014d45       __fFEXP                    00415125     LIBCMT:87tran.obj
 0001:00014d9c       __rtinfpopse               0041517c     LIBCMT:87tran.obj
 0001:00014d9e       __rtinfnpopse              0041517e     LIBCMT:87tran.obj
 0001:00014dae       __fFLN                     0041518e     LIBCMT:87tran.obj
 0001:00014e63       __rtinfpop                 00415243     LIBCMT:87tran.obj
 0001:00014e65       __rtinfnpop                00415245     LIBCMT:87tran.obj
 0001:00014e82       __ffexpm1                  00415262     LIBCMT:87tran.obj
 0001:00014f2c       __trandisp1                0041530c f   LIBCMT:87disp.obj
 0001:00014f93       __trandisp2                00415373 f   LIBCMT:87disp.obj
 0001:0001501f       __rttospopde               004153ff     LIBCMT:87disp.obj
 0001:00015024       __rttospop                 00415404     LIBCMT:87disp.obj
 0001:00015026       __rtnospop                 00415406     LIBCMT:87disp.obj
 0001:00015028       __rttosnpop                00415408     LIBCMT:87disp.obj
 0001:00015029       __rtnospopde               00415409     LIBCMT:87disp.obj
 0001:00015030       __rtzeropop                00415410     LIBCMT:87disp.obj
 0001:00015032       __rtzeronpop               00415412     LIBCMT:87disp.obj
 0001:00015037       __rtonepop                 00415417     LIBCMT:87disp.obj
 0001:00015039       __rtonenpop                00415419     LIBCMT:87disp.obj
 0001:0001503e       __tosnan1                  0041541e     LIBCMT:87disp.obj
 0001:00015069       __nosnan2                  00415449     LIBCMT:87disp.obj
 0001:0001506b       __tosnan2                  0041544b     LIBCMT:87disp.obj
 0001:00015093       __nan2                     00415473     LIBCMT:87disp.obj
 0001:000150d2       __rtindfpop                004154b2     LIBCMT:87disp.obj
 0001:000150d4       __rtindfnpop               004154b4     LIBCMT:87disp.obj
 0001:000150e5       __rttosnpopde              004154c5     LIBCMT:87disp.obj
 0001:000150ef       __rtchsifneg               004154cf     LIBCMT:87disp.obj
 0001:000150f8       __startTwoArgErrorHandling 004154d8 f   LIBCMT:genexcep.obj
 0001:0001510f       __startOneArgErrorHandling 004154ef f   LIBCMT:genexcep.obj
 0001:0001514c       __twoToTOS                 0041552c f   LIBCMT:common.obj
 0001:00015161       __load_CW                  00415541 f   LIBCMT:common.obj
 0001:00015178       __convertTOStoQNaN         00415558 f   LIBCMT:common.obj
 0001:00015191       __fload_withFB             00415571 f   LIBCMT:common.obj
 0001:000151d4       __checkTOS_withFB          004155b4 f   LIBCMT:common.obj
 0001:000151ea       __fast_exit                004155ca f   LIBCMT:common.obj
 0001:000151f7       __math_exit                004155d7 f   LIBCMT:common.obj
 0001:00015221       __check_overflow_exit      00415601 f   LIBCMT:common.obj
 0001:00015235       __check_range_exit         00415615 f   LIBCMT:common.obj
 0001:000152d8       __d_inttype                004156b8 f   LIBCMT:powhlp.obj
 0001:0001533d       __powhlp                   0041571d f   LIBCMT:powhlp.obj
 0001:0001548f       __flsbuf                   0041586f f   LIBCMT:_flsbuf.obj
 0001:0001562f       __woutput                  00415a0f f   LIBCMT:woutput.obj
 0001:00015df3       __raise_exc                004161d3 f   LIBCMT:fpexcept.obj
 0001:00016097       __handle_exc               00416477 f   LIBCMT:fpexcept.obj
 0001:00016284       __set_errno                00416664 f   LIBCMT:fpexcept.obj
 0001:000162ac       __errcode                  0041668c f   LIBCMT:fpexcept.obj
 0001:000162d9       __umatherr                 004166b9 f   LIBCMT:fpexcept.obj
 0001:00016377       __handle_qnan1             00416757 f   LIBCMT:fpexcept.obj
 0001:000163ca       __except1                  004167aa f   LIBCMT:fpexcept.obj
 0001:0001646a       __frnd                     0041684a f   LIBCMT:frnd.obj
 0001:0001647b       __set_exp                  0041685b f   LIBCMT:util.obj
 0001:000164a5       __sptype                   00416885 f   LIBCMT:util.obj
 0001:00016500       __decomp                   004168e0 f   LIBCMT:util.obj
 0001:000165b4       __statfp                   00416994 f   LIBCMT:fpctrl.obj
 0001:000165bf       __clrfp                    0041699f f   LIBCMT:fpctrl.obj
 0001:000165cb       __ctrlfp                   004169ab f   LIBCMT:fpctrl.obj
 0001:000165ef       __set_statfp               004169cf f   LIBCMT:fpctrl.obj
 0001:00016645       _tolower                   00416a25 f   LIBCMT:tolower.obj
 0001:00016680       ___ascii_stricmp           00416a60 f   LIBCMT:_stricmp.obj
 0001:0001675c       __output                   00416b3c f   LIBCMT:output.obj
 0001:00016ee3       __write_lk                 004172c3 f   LIBCMT:write.obj
 0001:0001706e       __write                    0041744e f   LIBCMT:write.obj
 0001:00017119       __mtinitlocks              004174f9 f   LIBCMT:mlock.obj
 0001:00017162       __mtdeletelocks            00417542 f   LIBCMT:mlock.obj
 0001:0001718b       __unlock                   0041756b f   LIBCMT:mlock.obj
 0001:0001719d       __mtinitlocknum            0041757d f   LIBCMT:mlock.obj
 0001:0001723d       __lock                     0041761d f   LIBCMT:mlock.obj
 0001:00017270       ___ascii_strnicmp          00417650 f   LIBCMT:_strnicm.obj
 0001:000172d1       __rt_probe_read4@4         004176b1 f   LIBCMT:sehsupp.obj
 0001:00017313       __isctype                  004176f3 f   LIBCMT:isctype.obj
 0001:00017334       __fFSINH                   00417714     LIBCMT:87trigh.obj
 0001:00017386       __fFCOSH                   00417766     LIBCMT:87trigh.obj
 0001:00017430       __cintrindisp2             00417810 f   LIBCMT:87cdisp.obj
 0001:0001746e       __cintrindisp1             0041784e f   LIBCMT:87cdisp.obj
 0001:000174ab       __ctrandisp2               0041788b f   LIBCMT:87cdisp.obj
 0001:00017641       __ctrandisp1               00417a21 f   LIBCMT:87cdisp.obj
 0001:00017674       __fload                    00417a54 f   LIBCMT:87cdisp.obj
 0001:000176b0       __amsg_exit                00417a90 f   LIBCMT:crt0.obj
 0001:000176cc       __set_osfhnd               00417aac f   LIBCMT:osfinfo.obj
 0001:00017712       __free_osfhnd              00417af2 f   LIBCMT:osfinfo.obj
 0001:0001775b       __get_osfhandle            00417b3b f   LIBCMT:osfinfo.obj
 0001:0001779c       __lock_fhandle             00417b7c f   LIBCMT:osfinfo.obj
 0001:0001783c       __unlock_fhandle           00417c1c f   LIBCMT:osfinfo.obj
 0001:0001785e       __alloc_osfhnd             00417c3e f   LIBCMT:osfinfo.obj
 0001:000179da       __commit                   00417dba f   LIBCMT:commit.obj
 0001:00017a94       _calloc                    00417e74 f   LIBCMT:calloc.obj
 0001:00017ae1       __fcloseall                00417ec1 f   LIBCMT:closeall.obj
 0001:00017b65       __getbuf                   00417f45 f   LIBCMT:_getbuf.obj
 0001:00017e3f       __sopen                    0041821f f   LIBCMT:open.obj
 0001:00017ea4       ___crtInitCritSecAndSpinCount 00418284 f   LIBCMT:initcrit.obj
 0001:00017f05       __ZeroTail                 004182e5 f   LIBCMT:intrncvt.obj
 0001:00017f37       __IncMan                   00418317 f   LIBCMT:intrncvt.obj
 0001:00017f84       __RoundMan                 00418364 f   LIBCMT:intrncvt.obj
 0001:00017ff6       __CopyMan                  004183d6 f   LIBCMT:intrncvt.obj
 0001:00018011       __IsZeroMan                004183f1 f   LIBCMT:intrncvt.obj
 0001:0001802a       __ShrMan                   0041840a f   LIBCMT:intrncvt.obj
 0001:000180a5       __ld12cvt                  00418485 f   LIBCMT:intrncvt.obj
 0001:000181fd       __ld12tod                  004185dd f   LIBCMT:intrncvt.obj
 0001:00018213       __ld12tof                  004185f3 f   LIBCMT:intrncvt.obj
 0001:00018229       __atodbl                   00418609 f   LIBCMT:intrncvt.obj
 0001:00018256       __atoflt                   00418636 f   LIBCMT:intrncvt.obj
 0001:00018283       __fptostr                  00418663 f   LIBCMT:_fptostr.obj
 0001:00018302       ___dtold                   004186e2 f   LIBCMT:cfout.obj
 0001:000183bc       __fltout2                  0041879c f   LIBCMT:cfout.obj
 0001:00018421       __fptrap                   00418801 f   LIBCMT:crt0fp.obj
 0001:0001854a       __control87                0041892a f   LIBCMT:ieee87.obj
 0001:0001857c       __controlfp                0041895c f   LIBCMT:ieee87.obj
 0001:000186cc       __setmbcp                  00418aac f   LIBCMT:mbctype.obj
 0001:000187ed       ___initmbctable            00418bcd f   LIBCMT:mbctype.obj
 0001:00018815       __mtxthreadnotification@4  00418bf5 f   LIBCMT:thread.obj
 0001:0001883f       ?__CxxUnhandledExceptionFilter@@YGJPAU_EXCEPTION_POINTERS@@@Z 00418c1f f   LIBCMT:unhandld.obj
 0001:00018885       ?__CxxSetUnhandledExceptionFilter@@YAHXZ 00418c65 f   LIBCMT:unhandld.obj
 0001:00018897       ?__CxxRestoreUnhandledExceptionFilter@@YAXXZ 00418c77 f   LIBCMT:unhandld.obj
 0001:000188a3       ?_ValidateRead@@YAHPBXI@Z  00418c83 f   LIBCMT:validate.obj
 0001:000188be       ?_ValidateWrite@@YAHPAXI@Z 00418c9e f   LIBCMT:validate.obj
 0001:000188d9       ?_ValidateExecute@@YAHP6GHXZ@Z 00418cb9 f   LIBCMT:validate.obj
 0001:000188f0       __87except                 00418cd0 f   LIBCMT:87except.obj
 0001:000189cd       __isatty                   00418dad f   LIBCMT:isatty.obj
 0001:000189f7       __putwc_lk                 00418dd7 f   LIBCMT:fputwc.obj
 0001:00018abc       _mbtowc                    00418e9c f   LIBCMT:mbtowc.obj
 0001:00018b00       __aulldvrm                 00418ee0 f   LIBCMT:ulldvrm.obj
 0001:00018b95       __matherr                  00418f75 f   LIBCMT:matherr.obj
 0001:00018b98       _wctomb                    00418f78 f   LIBCMT:wctomb.obj
 0001:00018bc3       __lseeki64_lk              00418fa3 f   LIBCMT:lseeki64.obj
 0001:00018c44       __NMSG_WRITE               00419024 f   LIBCMT:crt0msg.obj
 0001:00018c70       __FF_MSGBANNER             00419050 f   LIBCMT:crt0msg.obj
 0001:00018c92       __chsize_lk                00419072 f   LIBCMT:chsize.obj
 0001:00018db5       ___addl                    00419195 f   LIBCMT:mantold.obj
 0001:00018dd6       ___add_12                  004191b6 f   LIBCMT:mantold.obj
 0001:00018e34       ___shl_12                  00419214 f   LIBCMT:mantold.obj
 0001:00018e62       ___shr_12                  00419242 f   LIBCMT:mantold.obj
 0001:00018e8f       ___mtold12                 0041926f f   LIBCMT:mantold.obj
 0001:00018f5d       ___strgtold12              0041933d f   LIBCMT:strgtold.obj
 0001:000193d4       _$I10_OUTPUT               004197b4 f   LIBCMT:x10fout.obj
 0001:0001964b       __flswbuf                  00419a2b f   LIBCMT:_flswbuf.obj
 0001:00019773       __setmode_lk               00419b53 f   LIBCMT:setmode.obj
 0001:000197df       ___ld12mul                 00419bbf f   LIBCMT:tenpow.obj
 0001:00019a01       ___multtenpow12            00419de1 f   LIBCMT:tenpow.obj
 0001:00019a77       _XGetAudioFlags@0          00419e57 f   xapilib:xgetaudioflags.obj
 0001:00019ab9       _GetTickCount@0            00419e99 f   xapilib:datetime.obj
 0001:00019ac1       _GetSystemTimeAsFileTime@4 00419ea1 f   xapilib:kthunks.obj
 0001:00019ac7       _IsBadReadPtr@8            00419ea7 f   xapilib:process.obj
 0001:00019b2c       _IsBadWritePtr@8           00419f0c f   xapilib:process.obj
 0001:00019b95       _IsBadCodePtr@4            00419f75 f   xapilib:process.obj
 0001:00019ba4       _RtlUnwind@16              00419f84 f   xboxkrnl:xboxkrnl.exe
 0002:00000000       _D3DDevice_SetRenderState_PSTextureModes@4 0041a060 f   d3d8:state.obj
 0002:00000030       @D3DDevice_SetRenderState_Simple@8 0041a090 f   d3d8:state.obj
 0002:00000060       _D3DDevice_SetRenderStateNotInline@8 0041a0c0 f   d3d8:state.obj
 0002:000000c0       _D3DDevice_GetViewportOffsetAndScale@8 0041a120 f   d3d8:state.obj
 0002:000001f0       ?UpdateProjectionViewportTransform@D3D@@YGXXZ 0041a250 f   d3d8:state.obj
 0002:00000330       _D3DDevice_SetRenderState_EdgeAntiAlias@4 0041a390 f   d3d8:state.obj
 0002:00000370       _D3DDevice_SetRenderState_ShadowFunc@4 0041a3d0 f   d3d8:state.obj
 0002:000003b0       _D3DDevice_SetRenderState_FogColor@4 0041a410 f   d3d8:state.obj
 0002:00000400       _D3DDevice_SetRenderState_CullMode@4 0041a460 f   d3d8:state.obj
 0002:00000470       _D3DDevice_SetRenderState_FrontFace@4 0041a4d0 f   d3d8:state.obj
 0002:000004b0       _D3DDevice_SetRenderState_NormalizeNormals@4 0041a510 f   d3d8:state.obj
 0002:000004f0       _D3DDevice_SetRenderState_TextureFactor@4 0041a550 f   d3d8:state.obj
 0002:00000550       _D3DDevice_SetRenderState_LineWidth@4 0041a5b0 f   d3d8:state.obj
 0002:000005c0       _D3DDevice_SetRenderState_Dxt1NoiseEnable@4 0041a620 f   d3d8:state.obj
 0002:00000640       _D3DDevice_SetRenderState_ZBias@4 0041a6a0 f   d3d8:state.obj
 0002:000006c0       _D3DDevice_SetRenderState_LogicOp@4 0041a720 f   d3d8:state.obj
 0002:00000720       _D3DDevice_SetRenderState_FillMode@4 0041a780 f   d3d8:state.obj
 0002:00000770       _D3DDevice_SetRenderState_BackFillMode@4 0041a7d0 f   d3d8:state.obj
 0002:000007d0       _D3DDevice_SetRenderState_TwoSidedLighting@4 0041a830 f   d3d8:state.obj
 0002:00000850       _D3DDevice_SetRenderState_VertexBlend@4 0041a8b0 f   d3d8:state.obj
 0002:000008a0       _D3DDevice_SetTextureState_TexCoordIndex@8 0041a900 f   d3d8:state.obj
 0002:000009b0       _D3DDevice_SetTextureState_BumpEnv@12 0041aa10 f   d3d8:state.obj
 0002:00000a20       _D3DDevice_SetTextureState_BorderColor@8 0041aa80 f   d3d8:state.obj
 0002:00000a60       _D3DDevice_SetTextureState_ColorKeyColor@8 0041aac0 f   d3d8:state.obj
 0002:00000aa0       _D3DDevice_SetTextureStageStateNotInline@12 0041ab00 f   d3d8:state.obj
 0002:00000b90       ?CommonSetTextureBumpEnv@D3D@@YIPCKPAVCDevice@1@PCK@Z 0041abf0 f   d3d8:state.obj
 0002:00000c00       ?CommonSetViewport@D3D@@YIPCKPAVCDevice@1@PCK@Z 0041ac60 f   d3d8:state.obj
 0002:00000df0       ?CommonSetControl0@D3D@@YIPCKPAVCDevice@1@PCK@Z 0041ae50 f   d3d8:state.obj
 0002:00000e50       ?CommonSetDebugRegisters@D3D@@YIXXZ 0041aeb0 f   d3d8:state.obj
 0002:00000f20       ?CommonSetMultiSampleModeAndScale@D3D@@YIXPAVCDevice@1@PBU_D3DVIEWPORT8@@@Z 0041af80 f   d3d8:state.obj
 0002:00001280       _D3DDevice_SetRenderState_ZEnable@4 0041b2e0 f   d3d8:state.obj
 0002:00001310       _D3DDevice_SetRenderState_StencilEnable@4 0041b370 f   d3d8:state.obj
 0002:000013b0       _D3DDevice_SetRenderState_StencilFail@4 0041b410 f   d3d8:state.obj
 0002:00001420       _D3DDevice_SetRenderState_YuvEnable@4 0041b480 f   d3d8:state.obj
 0002:00001450       _D3DDevice_SetRenderState_OcclusionCullEnable@4 0041b4b0 f   d3d8:state.obj
 0002:000014c0       _D3DDevice_SetRenderState_StencilCullEnable@4 0041b520 f   d3d8:state.obj
 0002:00001530       _D3DDevice_SetRenderState_RopZCmpAlwaysRead@4 0041b590 f   d3d8:state.obj
 0002:00001550       _D3DDevice_SetRenderState_RopZRead@4 0041b5b0 f   d3d8:state.obj
 0002:00001570       _D3DDevice_SetRenderState_DoNotCullUncompressed@4 0041b5d0 f   d3d8:state.obj
 0002:00001590       _D3DDevice_SetRenderState_MultiSampleMode@4 0041b5f0 f   d3d8:state.obj
 0002:000015c0       _D3DDevice_SetRenderState_MultiSampleRenderTargetMode@4 0041b620 f   d3d8:state.obj
 0002:000015f0       _D3DDevice_SetRenderState_MultiSampleAntiAlias@4 0041b650 f   d3d8:state.obj
 0002:00001670       _D3DDevice_SetRenderState_MultiSampleMask@4 0041b6d0 f   d3d8:state.obj
 0002:000016c0       _D3DDevice_SetRenderState_SampleAlpha@4 0041b720 f   d3d8:state.obj
 0002:00002170       _D3DDevice_Swap@4          0041c1d0 f   d3d8:present.obj
 0002:00002260       ?GPUScale@D3D@@YGXPAUD3DSurface@@0M@Z 0041c2c0 f   d3d8:present.obj
 0002:00002320       _D3DDevice_CreateTexture2@28 0041c380 f   d3d8:texture.obj
 0002:000023d0       _D3DBaseTexture_GetLevelCount@4 0041c430 f   d3d8:texture.obj
 0002:000023e0       _D3DTexture_GetLevelDesc@12 0041c440 f   d3d8:texture.obj
 0002:000023f0       _D3DTexture_GetSurfaceLevel2@8 0041c450 f   d3d8:texture.obj
 0002:00002440       _D3DTexture_LockRect@20    0041c4a0 f   d3d8:texture.obj
 0002:00002470       _D3DDevice_CreateVertexBuffer2@4 0041c4d0 f   d3d8:buffer.obj
 0002:000024c0       _D3DVertexBuffer_Lock2@8   0041c520 f   d3d8:buffer.obj
 0002:00002510       _D3DPalette_Lock2@8        0041c570 f   d3d8:buffer.obj
 0002:00002530       _D3DPalette_GetSize@4      0041c590 f   d3d8:buffer.obj
 0002:00002540       _D3DDevice_Clear@24        0041c5a0 f   d3d8:clear.obj
 0002:00002930       _D3DDevice_GetDirect3D@4   0041c990 f   d3d8:d3dbase.obj
 0002:00002940       _D3DDevice_GetDeviceCaps@4 0041c9a0 f   d3d8:d3dbase.obj
 0002:00002960       _D3DDevice_GetCreationParameters@4 0041c9c0 f   d3d8:d3dbase.obj
 0002:000029a0       _D3DDevice_SetTransform@8  0041ca00 f   d3d8:d3dbase.obj
 0002:00002ac0       _D3DDevice_BlockUntilIdle@0 0041cb20 f   d3d8:d3dbase.obj
 0002:00002ad0       _D3DDevice_BlockUntilVerticalBlank@0 0041cb30 f   d3d8:d3dbase.obj
 0002:00002b00       _D3DDevice_SetFlickerFilter@4 0041cb60 f   d3d8:d3dbase.obj
 0002:00002b50       _D3DDevice_SetSoftDisplayFilter@4 0041cbb0 f   d3d8:d3dbase.obj
 0002:00002bb0       ?GetPitch@PixelJar@D3D@@YGKPAUD3DPixelContainer@@@Z 0041cc10 f i d3d8:d3dbase.obj
 0002:00002c20       _D3DDevice_GetDisplayMode@4 0041cc80 f   d3d8:d3dbase.obj
 0002:00002cf0       _D3DDevice_SetRenderTarget@8 0041cd50 f   d3d8:d3dbase.obj
 0002:00002f70       _D3DDevice_GetBackBuffer2@4 0041cfd0 f   d3d8:d3dbase.obj
 0002:00002fc0       _D3DDevice_GetDepthStencilSurface2@0 0041d020 f   d3d8:d3dbase.obj
 0002:00002fe0       _D3DDevice_SetViewport@4   0041d040 f   d3d8:d3dbase.obj
 0002:00003210       _D3DDevice_SetTexture@8    0041d270 f   d3d8:d3dbase.obj
 0002:000033c0       _D3DDevice_IsBusy@0        0041d420 f   d3d8:d3dbase.obj
 0002:000033f0       ?SetTileNoWait@D3D@@YGXKPBU_D3DTILE@@@Z 0041d450 f   d3d8:d3dbase.obj
 0002:000034d0       _D3DDevice_SetScissors@12  0041d530 f   d3d8:d3dbase.obj
 0002:000037d0       _D3DDevice_SetScreenSpaceOffset@8 0041d830 f   d3d8:d3dbase.obj
 0002:00003820       ?D3DInternals@D3D@@YAJKPAX@Z 0041d880 f   d3d8:d3dbase.obj
 0002:00003a70       _D3DDevice_DrawVertices@12 0041dad0 f   d3d8:drawprim.obj
 0002:00003b10       _D3DDevice_SetVertexData2f@12 0041db70 f   d3d8:drawprim.obj
 0002:00003b50       _D3DDevice_SetVertexData4f@20 0041dbb0 f   d3d8:drawprim.obj
 0002:00003bb0       _D3DDevice_SetVertexDataColor@8 0041dc10 f   d3d8:drawprim.obj
 0002:00003c00       _D3DDevice_Begin@4         0041dc60 f   d3d8:drawprim.obj
 0002:00003c40       _D3DDevice_End@0           0041dca0 f   d3d8:drawprim.obj
 0002:00003c90       ?InitializeVertexShaderFromFvf@D3D@@YGXPAUVertexShader@1@K@Z 0041dcf0 f   d3d8:vshader.obj
 0002:00003dd0       ?ShadowVertexShaderState@D3D@@YGXPAUVertexShader@1@K@Z 0041de30 f   d3d8:vshader.obj
 0002:00003e80       ?ParseProgram@D3D@@YGPCKPCKPBKK@Z 0041dee0 f   d3d8:vshader.obj
 0002:00003ef0       ?ParseDeclarationStream@D3D@@YGXPAUVertexShader@1@PBKH@Z 0041df50 f   d3d8:vshader.obj
 0002:00004090       ?ParseDeclarationConstants@D3D@@YGKPBKPCK@Z 0041e0f0 f   d3d8:vshader.obj
 0002:00004190       _D3DDevice_CreateVertexShader@16 0041e1f0 f   d3d8:vshader.obj
 0002:000042d0       _D3DDevice_SetStreamSource@12 0041e330 f   d3d8:vshader.obj
 0002:00004360       _D3DDevice_LoadVertexShader@8 0041e3c0 f   d3d8:vshader.obj
 0002:000043c0       _D3DDevice_SelectVertexShader@8 0041e420 f   d3d8:vshader.obj
 0002:00004460       _D3DDevice_SetShaderConstantMode@4 0041e4c0 f   d3d8:vshader.obj
 0002:00004580       ?RestoreVertexShaders@D3D@@YGXPBKK@Z 0041e5e0 f   d3d8:vshader.obj
 0002:000045c0       ?CommonSetPassthroughProgram@D3D@@YIXPAVCDevice@1@@Z 0041e620 f   d3d8:vshader.obj
 0002:000046b0       _D3DDevice_SetVertexShader@4 0041e710 f   d3d8:vshader.obj
 0002:00004820       _Direct3D_CreateDevice@24  0041e880 f   d3d8:d3ddev.obj
 0002:000048d0       _Direct3DCreate8@4         0041e930 f   d3d8:enum.obj
 0002:000048e0       ?InitSurfaceHeader@D3D@@YGXIIW4_D3DFORMAT@@PAUD3DSurface@@II@Z 0041e940 f   d3d8:shadersnapshot.obj
 0002:00004930       ?HandleShaderSnapshotPreSwap@D3D@@YGXXZ 0041e990 f   d3d8:shadersnapshot.obj
 0002:000049e0       _D3DPERF_QueryRepeatFrame@0 0041ea40 f   d3d8:shadersnapshot.obj
 0002:000049f0       ?HandleMovieFrameIdle@D3D@@YGXXZ 0041ea50 f   d3d8:shadersnapshot.obj
 0002:00004d70       ?HandleShaderSnapshotOpcode@D3D@@YGXXZ 0041edd0 f   d3d8:shadersnapshot.obj
 0002:000052e0       _D3DDevice_CreatePixelShader@8 0041f340 f   d3d8:pshader.obj
 0002:00005330       _D3DDevice_SetPixelShader@4 0041f390 f   d3d8:pshader.obj
 0002:00005530       ?CleanPrivateData@D3D@@YGXPAX@Z 0041f590 f   d3d8:resource.obj
 0002:00005580       ?DestroyResource@D3D@@YGXPAUD3DResource@@@Z 0041f5e0 f   d3d8:resource.obj
 0002:00005620       ?IsResourceSetInDevice@D3D@@YGHPAUD3DResource@@@Z 0041f680 f   d3d8:resource.obj
 0002:00005660       ?InternalAddRefSurface@D3D@@YGXPAUD3DResource@@@Z 0041f6c0 f   d3d8:resource.obj
 0002:000056a0       _D3DResource_AddRef@4      0041f700 f   d3d8:resource.obj
 0002:000056e0       _D3DResource_Release@4     0041f740 f   d3d8:resource.obj
 0002:00005730       _D3DResource_GetType@4     0041f790 f   d3d8:resource.obj
 0002:000057c0       _D3DResource_Register@8    0041f820 f   d3d8:resource.obj
 0002:000057f0       ?InternalReleaseSurface@D3D@@YGXPAUD3DResource@@@Z 0041f850 f   d3d8:resource.obj
 0002:00005860       _D3D_AllocContiguousMemory@8 0041f8c0 f   d3d8:memory.obj
 0002:000058a0       _D3D_FreeContiguousMemory@4 0041f900 f   d3d8:memory.obj
 0002:000058c0       ?CreateSurfaceOfTexture@D3D@@YGPAUD3DSurface@@KKPAUD3DBaseTexture@@PAX@Z 0041f920 f   d3d8:surface.obj
 0002:00005920       ?InitializeSurface@D3D@@YGXPAUD3DSurface@@KKPAX@Z 0041f980 f   d3d8:surface.obj
 0002:00005950       _D3DSurface_GetDesc@8      0041f9b0 f   d3d8:surface.obj
 0002:00005970       _D3DSurface_LockRect@16    0041f9d0 f   d3d8:surface.obj
 0002:00005990       ?BusyLoop@D3D@@YGXXZ       0041f9f0 f   d3d8:pusher.obj
 0002:000059b0       ?ComputeGap@D3D@@YIKPAVCDevice@1@PAUFence@1@PCK@Z 0041fa10 f   d3d8:pusher.obj
 0002:000059e0       ?DumpMatrixTransposed@D3D@@YGXPCKKPBU_D3DMATRIX@@@Z 0041fa40 f   d3d8:pusher.obj
 0002:00005a50       ?InitializePushBuffer@CDevice@D3D@@QAEJXZ 0041fab0 f   d3d8:pusher.obj
 0002:00005af0       ?UninitializePushBuffer@CDevice@D3D@@QAEXXZ 0041fb50 f   d3d8:pusher.obj
 0002:00005c20       ?GpuGet@CDevice@D3D@@QAEPCKXZ 0041fc80 f   d3d8:pusher.obj
 0002:00005ca0       ?GpuGetOrNewer@D3D@@YGPCKPAVCDevice@1@H@Z 0041fd00 f   d3d8:pusher.obj
 0002:00005d20       ?FlushWCCache@D3D@@YGXXZ   0041fd80 f   d3d8:pusher.obj
 0002:00005d50       ?KickOff@CDevice@D3D@@QAEXXZ 0041fdb0 f   d3d8:pusher.obj
 0002:00005e00       ?ReentrantKickOffAndWait@CDevice@D3D@@QAEXXZ 0041fe60 f   d3d8:pusher.obj
 0002:00005e70       ?SetFence@D3D@@YGKK@Z      0041fed0 f   d3d8:pusher.obj
 0002:00005f30       ?BlockOnTime@D3D@@YGXKK@Z  0041ff90 f   d3d8:pusher.obj
 0002:000060a0       ?MakeRequestedSpace@D3D@@YGPCKKK@Z 00420100 f   d3d8:pusher.obj
 0002:000061e0       _D3DDevice_MakeSpace@0     00420240 f   d3d8:pusher.obj
 0002:000061f0       _D3DDevice_BeginStateBig@4 00420250 f   d3d8:pusher.obj
 0002:00006240       ?KickOffAndWaitForIdle@D3D@@YGXXZ 004202a0 f   d3d8:pusher.obj
 0002:00006260       ?BlockOnResource@D3D@@YGXPAUD3DResource@@@Z 004202c0 f   d3d8:pusher.obj
 0002:000062e0       ?BlockOnNonSurfaceResource@D3D@@YGXPAUD3DResource@@@Z 00420340 f   d3d8:pusher.obj
 0002:00006320       ?XformBy4x3@D3D@@YGXPAU_D3DVECTOR@@PBU2@MPBU_D3DMATRIX@@@Z 00420380 f   d3d8:math.obj
 0002:00006380       ?MatrixProduct4x4@D3D@@YGXPAU_D3DMATRIX@@PBU2@1@Z 004203e0 f   d3d8:math.obj
 0002:00006480       ?Explut@D3D@@YGXMPAM0@Z    004204e0 f   d3d8:math.obj
 0002:00006550       ?JBInvSqrt@D3D@@YGMM@Z     004205b0 f   d3d8:math.obj
 0002:000065b0       ?NormalizeVector3@D3D@@YGXPAU_D3DVECTOR@@@Z 00420610 f   d3d8:math.obj
 0002:00006600       ?Inverse4x4@D3D@@YGHPAU_D3DMATRIX@@PBU2@H@Z 00420660 f   d3d8:math.obj
 0002:00006b50       ?FloatToLong@D3D@@YGJM@Z   00420bb0 f   d3d8:floatmath.obj
 0002:00006b60       ?Exp@D3D@@YGMM@Z           00420bc0 f   d3d8:floatmath.obj
 0002:00006bc0       ?Log@D3D@@YGMM@Z           00420c20 f   d3d8:floatmath.obj
 0002:00006bcb       ?ReserveInstMem@CMiniport@D3D@@AAEKK@Z 00420c2b f   d3d8:mpcore.obj
 0002:00006bde       ?InitGammaRamp@CMiniport@D3D@@AAEXK@Z 00420c3e f   d3d8:mpcore.obj
 0002:00006c1e       ?InitDMAChannel@CMiniport@D3D@@QAEHKPAUOBJECTINFO@12@0KPAPAX@Z 00420c7e f   d3d8:mpcore.obj
 0002:00006c81       ?BindToChannel@CMiniport@D3D@@QAEHPAUOBJECTINFO@12@@Z 00420ce1 f   d3d8:mpcore.obj
 0002:00006cb5       ?MapRegisters@CMiniport@D3D@@AAEHXZ 00420d15 f   d3d8:mpcore.obj
 0002:00006ce0       ?GetGeneralInfo@CMiniport@D3D@@AAEHXZ 00420d40 f   d3d8:mpcore.obj
 0002:00006d21       ?InitEngines@CMiniport@D3D@@AAEHXZ 00420d81 f   d3d8:mpcore.obj
 0002:00006da4       ?LoadEngines@CMiniport@D3D@@AAEHXZ 00420e04 f   d3d8:mpcore.obj
 0002:00006e3c       ?GetAddressInfo@CMiniport@D3D@@AAEXPAXPAPAXPAKH@Z 00420e9c f   d3d8:mpcore.obj
 0002:00006e96       ?CreateCtxDmaObject@CMiniport@D3D@@QAEHKKPAXKPAUOBJECTINFO@12@@Z 00420ef6 f   d3d8:mpcore.obj
 0002:00006f65       ?CreateGrObject@CMiniport@D3D@@QAEHKKPAUOBJECTINFO@12@@Z 00420fc5 f   d3d8:mpcore.obj
 0002:00006ff5       ?TilingUpdateIdle@CMiniport@D3D@@QAEXPAK@Z 00421055 f   d3d8:mpcore.obj
 0002:00007060       ?GetTimerTime@CMiniport@D3D@@AAE_KXZ 004210c0 f   d3d8:mpcore.obj
 0002:00007075       ?EnableTimer@CMiniport@D3D@@AAEXH@Z 004210d5 f   d3d8:mpcore.obj
 0002:00007093       ?SetTimerAlarm@CMiniport@D3D@@AAEX_KH@Z 004210f3 f   d3d8:mpcore.obj
 0002:00007161       ?ApplyLGSFix@CMiniport@D3D@@QAEXXZ 004211c1 f   d3d8:mpcore.obj
 0002:000071a8       ?InitHardware@CMiniport@D3D@@QAEHXZ 00421208 f   d3d8:mpcore.obj
 0002:0000730a       ?CreateTile@CMiniport@D3D@@QAEHKKKKKKK@Z 0042136a f   d3d8:mpcore.obj
 0002:000074f8       ?DestroyTile@CMiniport@D3D@@QAEHKK@Z 00421558 f   d3d8:mpcore.obj
 0002:000075ba       ?ShutdownEngines@CMiniport@D3D@@QAEXXZ 0042161a f   d3d8:mpcore.obj
 0002:00007820       ?LazySetPointParams@D3D@@YGXPAVCDevice@1@@Z 00421880 f   d3d8:lazy.obj
 0002:00007990       ?LazySetShaderStageProgram@D3D@@YGXPAVCDevice@1@@Z 004219f0 f   d3d8:lazy.obj
 0002:00007d10       ?LazySetTextureState@D3D@@YGXPAVCDevice@1@K@Z 00421d70 f   d3d8:lazy.obj
 0002:00007f00       ?LazySetSpecFogCombiner@D3D@@YGXPAVCDevice@1@@Z 00421f60 f   d3d8:lazy.obj
 0002:000080e0       ?LazySetTextureTransform@D3D@@YGXPAVCDevice@1@@Z 00422140 f   d3d8:lazy.obj
 0002:00008890       ?LazySetLights@D3D@@YGXPAVCDevice@1@K@Z 004228f0 f   d3d8:lazy.obj
 0002:00008be0       ?LazySetTransform@D3D@@YGXPAVCDevice@1@K@Z 00422c40 f   d3d8:lazy.obj
 0002:00008de0       ?LazySetState@D3D@@YGXXZ   00422e40 f   d3d8:lazy.obj
 0002:00008e60       ?LazySetStateVB@CDevice@D3D@@QAEXK@Z 00422ec0 f   d3d8:lazy.obj
 0002:00009000       ?Log2@D3D@@YIKK@Z          00423060 f   d3d8:pixeljar.obj
 0002:00009010       ?MapToLinearD3DFORMAT@D3D@@YG?AW4_D3DFORMAT@@W42@@Z 00423070 f   d3d8:pixeljar.obj
 0002:000090d0       ?VideoBitsPerPixelOfD3DFORMAT@D3D@@YGKW4_D3DFORMAT@@@Z 00423130 f   d3d8:pixeljar.obj
 0002:00009100       ?CalcTilePitch@D3D@@YGKKW4_D3DFORMAT@@@Z 00423160 f   d3d8:pixeljar.obj
 0002:00009140       ?GetSurfaceFormat@PixelJar@D3D@@YGKPAUD3DPixelContainer@@0@Z 004231a0 f   d3d8:pixeljar.obj
 0002:00009260       ?GetDepthBufferScale@PixelJar@D3D@@YGXPAUD3DPixelContainer@@PAM@Z 004232c0 f   d3d8:pixeljar.obj
 0002:000092d0       ?GetSize@PixelJar@D3D@@YGXPAUD3DPixelContainer@@KPAK1111@Z 00423330 f   d3d8:pixeljar.obj
 0002:00009420       ?Get2DSurfaceDesc@PixelJar@D3D@@YGXPAUD3DPixelContainer@@IPAU_D3DSURFACE_DESC@@@Z 00423480 f   d3d8:pixeljar.obj
 0002:000094e0       ?FindSurfaceWithinTexture@PixelJar@D3D@@YGXPAUD3DPixelContainer@@W4_D3DCUBEMAP_FACES@@IPAPAEPAK333@Z 00423540 f   d3d8:pixeljar.obj
 0002:00009710       ?Lock2DSurface@PixelJar@D3D@@YGXPAUD3DPixelContainer@@W4_D3DCUBEMAP_FACES@@IPAU_D3DLOCKED_RECT@@PBUtagRECT@@K@Z 00423770 f   d3d8:pixeljar.obj
 0002:000097b0       ?EncodeFormat@PixelJar@D3D@@YGKKKKKW4_D3DFORMAT@@KHHPAK1@Z 00423810 f   d3d8:pixeljar.obj
 0002:000099a5       ?DacProgramVideoStart@CMiniport@D3D@@QAEXK@Z 00423a05 f   d3d8:mpdac.obj
 0002:00009a27       ?DacProgramGammaRamp@CMiniport@D3D@@QAEXPAU_D3DGAMMARAMP@@@Z 00423a87 f   d3d8:mpdac.obj
 0002:00009a80       ?InitializeKelvin@D3D@@YGXXZ 00423ae0 f   d3d8:dxgcreate.obj
 0002:00009b70       ?InitializeHardware@D3D@@YGXXZ 00423bd0 f   d3d8:dxgcreate.obj
 0002:00009c80       ?InitializeD3dState@D3D@@YGXXZ 00423ce0 f   d3d8:dxgcreate.obj
 0002:00009d50       ?FreeFrameBuffers@CDevice@D3D@@QAEXXZ 00423db0 f   d3d8:dxgcreate.obj
 0002:00009e80       ?InitializeFrameBuffers@CDevice@D3D@@QAEJPAU_D3DPRESENT_PARAMETERS_@@@Z 00423ee0 f   d3d8:dxgcreate.obj
 0002:0000a420       ?Init@CDevice@D3D@@QAEJPAU_D3DPRESENT_PARAMETERS_@@@Z 00424480 f   d3d8:dxgcreate.obj
 0002:0000a8f0       ?UnInit@CDevice@D3D@@QAEXXZ 00424950 f   d3d8:dxgcreate.obj
 0002:0000aa9c       ?GetPresentFlagsFromAvInfo@CMiniport@D3D@@SGKK@Z 00424afc f   d3d8:mpmode.obj
 0002:0000aadc       ?GetDisplayCapabilities@CMiniport@D3D@@SGKXZ 00424b3c f   d3d8:mpmode.obj
 0002:0000aafb       ?GetTableForCurrentAvInfo@D3D@@YGPBUDISPLAYMODE@1@XZ 00424b5b f   d3d8:mpmode.obj
 0002:0000ab74       ?SetVideoMode@CMiniport@D3D@@QAEJKKKKW4_D3DFORMAT@@KK@Z 00424bd4 f   d3d8:mpmode.obj
 0002:0000ade0       ?IsFlipPending@CMiniport@D3D@@QAEHXZ 00424e40 f   d3d8:mpintr.obj
 0002:0000ae00       ?GetTime@CMiniport@D3D@@QAEKXZ 00424e60 f i d3d8:mpintr.obj
 0002:0000ae10       ?Isr@CMiniport@D3D@@SGEPAU_KINTERRUPT@@PAX@Z 00424e70 f   d3d8:mpintr.obj
 0002:0000af30       ?ServiceQueuedFlips@CMiniport@D3D@@AAEKXZ 00424f90 f   d3d8:mpintr.obj
 0002:0000b010       ?VBlank@CMiniport@D3D@@AAEKXZ 00425070 f   d3d8:mpintr.obj
 0002:0000b120       ?ServiceTimerInterrupt@CMiniport@D3D@@AAEKXZ 00425180 f   d3d8:mpintr.obj
 0002:0000b250       ?ShutdownNotification@CMiniport@D3D@@SGXPAU_HAL_SHUTDOWN_REGISTRATION@@@Z 004252b0 f   d3d8:mpintr.obj
 0002:0000b2c0       ?ReportHardwareError@D3D@@YGXKKKK@Z 00425320 f   d3d8:mpintr.obj
 0002:0000b310       ?SoftwareMethod@CMiniport@D3D@@AAEXK@Z 00425370 f   d3d8:mpintr.obj
 0002:0000b580       ?ServiceGrInterrupt@CMiniport@D3D@@AAEKXZ 004255e0 f   d3d8:mpintr.obj
 0002:0000b630       ?ServiceFifoInterrupt@CMiniport@D3D@@AAEKXZ 00425690 f   d3d8:mpintr.obj
 0002:0000b7c0       ?Dpc@CMiniport@D3D@@SGXPAU_KDPC@@PAX11@Z 00425820 f   d3d8:mpintr.obj
 0002:0000b8a0       ?DBGPRINT@D3D@@YAXPADZZ    00425900 f   d3d8:debug.obj
 0002:0000b8d3       ?HalMcControlInit@CMiniport@D3D@@AAEXXZ 00425933 f   d3d8:mphal.obj
 0002:0000ba3a       ?HalFbControlInit@CMiniport@D3D@@AAEXXZ 00425a9a f   d3d8:mphal.obj
 0002:0000bb38       ?HalDacControlInit@CMiniport@D3D@@AAEXXZ 00425b98 f   d3d8:mphal.obj
 0002:0000bc07       ?HalVideoControlInit@CMiniport@D3D@@AAEXXZ 00425c67 f   d3d8:mphal.obj
 0002:0000bc3d       ?HalGrControlInit@CMiniport@D3D@@AAEXXZ 00425c9d f   d3d8:mphal.obj
 0002:0000bc6d       ?HalFifoControlInit@CMiniport@D3D@@AAEXXZ 00425ccd f   d3d8:mphal.obj
 0002:0000bcde       ?HalGrIdle@CMiniport@D3D@@AAEXXZ 00425d3e f   d3d8:mphal.obj
 0002:0000bd1d       ?HalGrUnloadChannelContext@CMiniport@D3D@@AAEXK@Z 00425d7d f   d3d8:mphal.obj
 0002:0000bd56       ?HalFifoContextSwitch@CMiniport@D3D@@AAEXK@Z 00425db6 f   d3d8:mphal.obj
 0002:0000bf53       ?HalDacLoad@CMiniport@D3D@@AAEXXZ 00425fb3 f   d3d8:mphal.obj
 0002:0000bf65       ?HalFifoAllocDMA@CMiniport@D3D@@AAEXKKKPAUOBJECTINFO@12@@Z 00425fc5 f   d3d8:mphal.obj
 0002:0000c0f2       ?HalFifoHashAdd@CMiniport@D3D@@AAEXKKKKK@Z 00426152 f   d3d8:mphal.obj
 0002:0000c12b       ?HalGrInitObjectContext@CMiniport@D3D@@AAEXKK@Z 0042618b f   d3d8:mphal.obj
 0002:0000c1a0       ?HalGrInit3d@CMiniport@D3D@@AAEXXZ 00426200 f   d3d8:mphal.obj
 0002:0000cb7f       ?HalGrLoadChannelContext@CMiniport@D3D@@AAEXK@Z 00426bdf f   d3d8:mphal.obj
 0002:0000cca2       ?HalFifoControlLoad@CMiniport@D3D@@AAEXXZ 00426d02 f   d3d8:mphal.obj
 0002:0000cd23       ?HalGrControlLoad@CMiniport@D3D@@AAEXXZ 00426d83 f   d3d8:mphal.obj
 0002:0000d040       ?LazySetCombiners@D3D@@YGKPAVCDevice@1@K@Z 004270a0 f   d3d8:combiner.obj
 0002:0000d600       ?FixupPushBuffer@D3D@@YGXPAUPushBufferFixup@1@@Z 00427660 f   d3d8:pushres.obj
 0002:0000d698       ?g_TextureFormat@D3D@@3QBEB 004276f8     d3d8:state.obj
 0002:0000d6dc       ?g_LODBias2x@D3D@@3QBMB    0042773c     d3d8:state.obj
 0002:0000d6f8       ?g_ComplexRenderStateFunctionTable@D3D@@3QBQ6GXK@ZB 00427758     d3d8:state.obj
 0002:0000d778       ?g_AntiAliasedTextureStates@D3D@@3QBKB 004277d8     d3d8:present.obj
 0002:0000d7d0       ?g_AntiAliasedRenderStates@D3D@@3QBKB 00427830     d3d8:present.obj
 0002:0000d870       ?g_PassthruProgramPositionAndTexture@D3D@@3QBKB 004278d0     d3d8:present.obj
 0002:0000d890       ?g_DefaultViewport@D3D@@3U_D3DVIEWPORT8@@B 004278f0     d3d8:d3dbase.obj
 0002:0000d8c0       ?g_TilePitches@D3D@@3QBKB  00427920     d3d8:d3dbase.obj
 0002:0000d928       ?g_TransformDirtyTable@D3D@@3QBKB 00427988     d3d8:d3dbase.obj
 0002:0000d950       ?g_BytesPerUnit@D3D@@3QBEB 004279b0     d3d8:vshader.obj
 0002:0000d958       ?g_UnitsOfElement@D3D@@3QBEB 004279b8     d3d8:vshader.obj
 0002:0000d960       ?g_IdentityMatrix@D3D@@3U_D3DMATRIX@@B 004279c0     d3d8:vshader.obj
 0002:0000d9a0       ?g_FixedFunctionPipelineConstants@D3D@@3QBKB 00427a00     d3d8:vshader.obj
 0002:0000d9d0       ?g_PassthruProgramWFog@D3D@@3QBKB 00427a30     d3d8:vshader.obj
 0002:0000da90       ?g_PassthruProgramZFog@D3D@@3QBKB 00427af0     d3d8:vshader.obj
 0002:0000db40       ?g_PassthruProgramSpecularFog@D3D@@3QBKB 00427ba0     d3d8:vshader.obj
 0002:0000dc00       ?g_TextureCount@D3D@@3QBKB 00427c60     d3d8:vshader.obj
 0002:0000dc10       ??_C@_0CA@GJMEKBLB@Wait?5for?5image?5write?5timed?9out?6?$AA@ 00427c70     d3d8:shadersnapshot.obj
 0002:0000dc30       ??_C@_0BP@BPOFKPAI@Wait?5for?5image?5read?5timed?9out?6?$AA@ 00427c90     d3d8:shadersnapshot.obj
 0002:0000dc50       ??_C@_0DB@PLEMIDFP@Unable?5to?5re?9open?5movie?5cache?5fi@ 00427cb0     d3d8:shadersnapshot.obj
 0002:0000dc84       ??_C@_05CCMOGDN@?$CFs?3?$CFs?$AA@ 00427ce4     d3d8:shadersnapshot.obj
 0002:0000dc8c       ??_C@_0M@FMMNPAHF@1?400?45933?41?$AA@ 00427cec     d3d8:shadersnapshot.obj
 0002:0000dc98       ??_C@_07LHBDFJPO@Release?$AA@ 00427cf8     d3d8:shadersnapshot.obj
 0002:0000dca0       ??_C@_0BM@PMANFOOE@createfile?5error?5?9?5st?$DN?$CF08x?6?$AA@ 00427d00     d3d8:shadersnapshot.obj
 0002:0000dcbc       ??_C@_0CF@JAIFDFBO@GetDiskFreeSpaceEx?5failed?5with?5?$CF@ 00427d1c     d3d8:shadersnapshot.obj
 0002:0000dce4       ??_C@_02HGOPDIBI@t?3?$AA@  00427d44     d3d8:shadersnapshot.obj
 0002:0000dce8       ?g_MinFilter@D3D@@3QAY02$$CBKA 00427d48     d3d8:precomp.obj
 0002:0000dd08       ?g_Mar@D3D@@3QBMB          00427d68     d3d8:math.obj
 0002:0000dd88       ?g_Lar@D3D@@3QBMB          00427de8     d3d8:math.obj
 0002:0000de10       ?g_InitialTextureStates@D3D@@3QBEB 00427e70     d3d8:dxgcreate.obj
 0002:0000de30       ?g_InitialRenderStates@D3D@@3QBKB 00427e90     d3d8:dxgcreate.obj
 0002:0000dfe8       ?g_DisplayModes@D3D@@3QBUDISPLAYMODE@1@B 00428048     d3d8:mpmode.obj
 0002:0000e898       ??_C@_0ED@CEHICPLJ@?5?5?5Type?3?5?$CFi?6?5Source?3?5?$CF08x?6?5?5Clas@ 004288f8     d3d8:mpintr.obj
 0002:0000e8dc       ??_C@_01EEMJAFIK@?6?$AA@   0042893c     d3d8:mpintr.obj
 0002:0000e8e0       ??_C@_0FL@LBCDANFN@GPU?5generated?5an?5error?$CB?6Try?5repr@ 00428940     d3d8:mpintr.obj
 0002:0000ea30       ??_C@_09FBGPICKC@CopyRects?$AA@ 00428a90     d3d8:pushres.obj
 0002:0000ea3c       ??_C@_0BC@JNDDCMEE@EndVisibilityTest?$AA@ 00428a9c     d3d8:pushres.obj
 0002:0000ea50       ??_C@_0L@BGIJEDPF@SetPalette?$AA@ 00428ab0     d3d8:pushres.obj
 0002:0000ea5c       ??_C@_0L@BPHKIMHE@SetTexture?$AA@ 00428abc     d3d8:pushres.obj
 0002:0000ea68       ??_C@_0BF@MPBJCMNM@SetVertexShaderInput?$AA@ 00428ac8     d3d8:pushres.obj
 0002:0000ea80       ??_C@_0BA@LPDJAFGN@SetRenderTarget?$AA@ 00428ae0     d3d8:pushres.obj
 0002:0000ea90       ?g_VertexShaderConstants@@3PAY03MA 00428af0     d3d8:globals.obj
 0002:0000f690       ?g_NullHardwareGetPut@@3PAKA 004296f0     d3d8:globals.obj
 0002:0000f698       _D3D__AvInfo               004296f8     d3d8:globals.obj
 0002:0000f69c       _D3D__GpuReg               004296fc     d3d8:globals.obj
 0002:0000f6a0       _D3D__NullHardware         00429700     d3d8:globals.obj
 0002:0000f6a4       _D3D__IndexData            00429704     d3d8:globals.obj
 0002:0000f6a8       _D3D__DirtyFlags           00429708     d3d8:globals.obj
 0002:0000f6b0       _D3D__TextureState         00429710     d3d8:globals.obj
 0002:0000f8b0       _D3D__RenderState          00429910     d3d8:globals.obj
 0002:0000fb48       _D3D__pDevice              00429ba8     d3d8:globals.obj
 0002:0000fb50       _D3D__Device               00429bb0     d3d8:globals.obj
 0002:00011ff0       ?g_OverscanColor@D3D@@3KA  0042c050     d3d8:d3dbase.obj
 0002:00011ff4       ?g_SoftDisplayFilterValue@D3D@@3HA 0042c054     d3d8:d3dbase.obj
 0002:00011ff8       ?g_FlickerFilterValue@D3D@@3KA 0042c058     d3d8:d3dbase.obj
 0002:00011ffc       ?g_SoftDisplayFilterSet@D3D@@3HA 0042c05c     d3d8:d3dbase.obj
 0002:00012000       ?g_FlickerFilterSet@D3D@@3HA 0042c060     d3d8:d3dbase.obj
 0002:00012008       ?g_Stream@D3D@@3PAUStream@1@A 0042c068     d3d8:vshader.obj
 0002:000120c8       ?g_DirectVertexShader@D3D@@3UVertexShader@1@A 0042c128     d3d8:vshader.obj
 0002:000121e0       ?g_FvfVertexShader@D3D@@3UVertexShader@1@A 0042c240     d3d8:vshader.obj
 0002:0001233c       ?m_PushSegmentSize@CDevice@D3D@@2KA 0042c39c     d3d8:dxgcreate.obj
 0002:00012340       ?m_PushBufferSize@CDevice@D3D@@2KA 0042c3a0     d3d8:dxgcreate.obj
 0002:00012344       ?g_VideoOffset@D3D@@3KA    0042c3a4     d3d8:mpintr.obj
 0002:00012348       ?g_pFixup@D3D@@3PAUD3DFixup@@A 0042c3a8     d3d8:pushres.obj
 0003:00000000       ?IsUvl@@YAHW4_D3DFORMAT@@@Z 0042c3c0 f   d3dx8:d3dx8tex.obj
 0003:0000003d       _D3DXLoadSurfaceFromMemory@40 0042c3fd f   d3dx8:d3dx8tex.obj
 0003:00000247       _D3DXCheckTextureRequirements@28 0042c607 f   d3dx8:d3dx8tex.obj
 0003:00000406       _D3DXLoadSurfaceFromSurface@32 0042c7c6 f   d3dx8:d3dx8tex.obj
 0003:0000052f       _D3DXFilterTexture@16      0042c8ef f   d3dx8:d3dx8tex.obj
 0003:00000682       _D3DXCreateTextureFromFileInMemoryEx@60 0042ca42 f   d3dx8:d3dx8tex.obj
 0003:00000a1e       _D3DXCreateTextureFromFileExA@56 0042cdde f   d3dx8:d3dx8tex.obj
 0003:00000a80       ??0CD3DXBlt@@QAE@XZ        0042ce40 f   d3dx8:cd3dxblt.obj
 0003:00000a8a       ??1CD3DXBlt@@QAE@XZ        0042ce4a f   d3dx8:cd3dxblt.obj
 0003:00000aa8       ?BltSame_DXTn@CD3DXBlt@@IAEJXZ 0042ce68 f   d3dx8:cd3dxblt.obj
 0003:00000c2c       ?BltBox2D_A8R8G8B8@CD3DXBlt@@IAEJXZ 0042cfec f   d3dx8:cd3dxblt.obj
 0003:00000d8e       ?BltBox2D_X8R8G8B8@CD3DXBlt@@IAEJXZ 0042d14e f   d3dx8:cd3dxblt.obj
 0003:00000ea9       ?BltBox2D_R5G6B5@CD3DXBlt@@IAEJXZ 0042d269 f   d3dx8:cd3dxblt.obj
 0003:00000ffb       ?BltBox2D_X1R5G5B5@CD3DXBlt@@IAEJXZ 0042d3bb f   d3dx8:cd3dxblt.obj
 0003:00001123       ?BltBox2D_A1R5G5B5@CD3DXBlt@@IAEJXZ 0042d4e3 f   d3dx8:cd3dxblt.obj
 0003:00001274       ?BltBox2D_A4R4G4B4@CD3DXBlt@@IAEJXZ 0042d634 f   d3dx8:cd3dxblt.obj
 0003:000013c9       ?BltBox2D_A8@CD3DXBlt@@IAEJXZ 0042d789 f   d3dx8:cd3dxblt.obj
 0003:00001465       ?BltBox2D_A8L8@CD3DXBlt@@IAEJXZ 0042d825 f   d3dx8:cd3dxblt.obj
 0003:000015b2       ??0D3DXCOLOR@@QAE@XZ       0042d972 f i d3dx8:cd3dxblt.obj
 0003:000015b5       ??HD3DXCOLOR@@QBE?AU0@ABU0@@Z 0042d975 f i d3dx8:cd3dxblt.obj
 0003:000015e1       ??DD3DXCOLOR@@QBE?AU0@M@Z  0042d9a1 f i d3dx8:cd3dxblt.obj
 0003:0000160d       ?BltSame@CD3DXBlt@@IAEJXZ  0042d9cd f   d3dx8:cd3dxblt.obj
 0003:0000173c       ?BltCopy@CD3DXBlt@@IAEJXZ  0042dafc f   d3dx8:cd3dxblt.obj
 0003:0000180a       ?BltNone@CD3DXBlt@@IAEJXZ  0042dbca f   d3dx8:cd3dxblt.obj
 0003:000019e4       ?BltPoint@CD3DXBlt@@IAEJXZ 0042dda4 f   d3dx8:cd3dxblt.obj
 0003:00001bd1       ?BltBox2D@CD3DXBlt@@IAEJXZ 0042df91 f   d3dx8:cd3dxblt.obj
 0003:00001f26       ?BltBox3D@CD3DXBlt@@IAEJXZ 0042e2e6 f   d3dx8:cd3dxblt.obj
 0003:000023b4       ?BltLinear2D@CD3DXBlt@@IAEJXZ 0042e774 f   d3dx8:cd3dxblt.obj
 0003:000026da       ?BltLinear3D@CD3DXBlt@@IAEJXZ 0042ea9a f   d3dx8:cd3dxblt.obj
 0003:00002bc5       ??1TF_Row@@QAE@XZ          0042ef85 f i d3dx8:cd3dxblt.obj
 0003:00002bf3       ??_GTF_Row@@QAEPAXI@Z      0042efb3 f i d3dx8:cd3dxblt.obj
 0003:00002ed8       ?BltTriangle2D@CD3DXBlt@@IAEJXZ 0042f298 f   d3dx8:cd3dxblt.obj
 0003:000032f0       ?BltTriangle3D@CD3DXBlt@@IAEJXZ 0042f6b0 f   d3dx8:cd3dxblt.obj
 0003:00003842       ?Blt@CD3DXBlt@@QAEJPAUD3DX_BLT@@0K@Z 0042fc02 f   d3dx8:cd3dxblt.obj
 0003:00003954       ??0CD3DXImage@@QAE@XZ      0042fd14 f   d3dx8:cd3dximage.obj
 0003:00003a1c       ??1CD3DXImage@@QAE@XZ      0042fddc f   d3dx8:cd3dximage.obj
 0003:00003a7c       ??_GCD3DXImage@@QAEPAXI@Z  0042fe3c f i d3dx8:cd3dximage.obj
 0003:00003aa0       ?LoadDIB@CD3DXImage@@AAEJPBXK@Z 0042fe60 f   d3dx8:cd3dximage.obj
 0003:00004189       ?LoadJPG@CD3DXImage@@AAEJPBXK@Z 00430549 f   d3dx8:cd3dximage.obj
 0003:000043e2       ?LoadTGA@CD3DXImage@@AAEJPBXK@Z 004307a2 f   d3dx8:cd3dximage.obj
 0003:00004831       ?LoadPPM@CD3DXImage@@AAEJPBXK@Z 00430bf1 f   d3dx8:cd3dximage.obj
 0003:00004abd       ?LoadPNG@CD3DXImage@@AAEJPBXK@Z 00430e7d f   d3dx8:cd3dximage.obj
 0003:00004fe8       ?LoadDDS@CD3DXImage@@AAEJPBXK@Z 004313a8 f   d3dx8:cd3dximage.obj
 0003:00005313       ?LoadBMP@CD3DXImage@@AAEJPBXK@Z 004316d3 f   d3dx8:cd3dximage.obj
 0003:00005343       ?Load@CD3DXImage@@QAEJPBXKPAU_D3DXIMAGE_INFO@@@Z 00431703 f   d3dx8:cd3dximage.obj
 0003:0000548d       ??0CD3DXFile@@QAE@XZ       0043184d f   d3dx8:cd3dxfile.obj
 0003:00005497       ?Open@CD3DXFile@@QAEJPBXH@Z 00431857 f   d3dx8:cd3dxfile.obj
 0003:00005560       ?Close@CD3DXFile@@QAEJXZ   00431920 f   d3dx8:cd3dxfile.obj
 0003:0000557f       ??1CD3DXFile@@QAE@XZ       0043193f f   d3dx8:cd3dxfile.obj
 0003:00005584       ?Encode@CD3DXCodec@@UAEXIIPAUD3DXCOLOR@@@Z 00431944 f   d3dx8:cd3dxcodec.obj
 0003:00005584       ?Decode@CD3DXCodec@@UAEXIIPAUD3DXCOLOR@@@Z 00431944 f   d3dx8:cd3dxcodec.obj
 0003:00005587       ?Decode@CD3DXCodec_V8U8@@UAEXIIPAUD3DXCOLOR@@@Z 00431947 f   d3dx8:cd3dxcodec.obj
 0003:000055f0       ?Decode@CD3DXCodec_L6V5U5@@UAEXIIPAUD3DXCOLOR@@@Z 004319b0 f   d3dx8:cd3dxcodec.obj
 0003:00005686       ?Decode@CD3DXCodec_Q8W8V8U8@@UAEXIIPAUD3DXCOLOR@@@Z 00431a46 f   d3dx8:cd3dxcodec.obj
 0003:00005704       ?Decode@CD3DXCodec_V16U16@@UAEXIIPAUD3DXCOLOR@@@Z 00431ac4 f   d3dx8:cd3dxcodec.obj
 0003:0000576e       ??0D3DXCOLOR@@QAE@K@Z      00431b2e f i d3dx8:cd3dxcodec.obj
 0003:000057c3       ??GD3DXCOLOR@@QBE?AU0@ABU0@@Z 00431b83 f i d3dx8:cd3dxcodec.obj
 0003:000057ef       ??8D3DXCOLOR@@QBEHABU0@@Z  00431baf f i d3dx8:cd3dxcodec.obj
 0003:00005857       ??0CD3DXCodec@@IAE@PAUD3DX_BLT@@IK@Z 00431c17 f   d3dx8:cd3dxcodec.obj
 0003:00005a55       ?ColorKey@CD3DXCodec@@IAEXPAUD3DXCOLOR@@@Z 00431e15 f   d3dx8:cd3dxcodec.obj
 0003:00005a9a       ?Encode@CD3DXCodec_R8G8B8@@UAEXIIPAUD3DXCOLOR@@@Z 00431e5a f   d3dx8:cd3dxcodec.obj
 0003:00005b61       ?Encode@CD3DXCodec_A8R8G8B8@@UAEXIIPAUD3DXCOLOR@@@Z 00431f21 f   d3dx8:cd3dxcodec.obj
 0003:00005c60       ?Encode@CD3DXCodec_X8R8G8B8@@UAEXIIPAUD3DXCOLOR@@@Z 00432020 f   d3dx8:cd3dxcodec.obj
 0003:00005d3d       ?Encode@CD3DXCodec_R5G6B5@@UAEXIIPAUD3DXCOLOR@@@Z 004320fd f   d3dx8:cd3dxcodec.obj
 0003:00005e1a       ?Encode@CD3DXCodec_X1R5G5B5@@UAEXIIPAUD3DXCOLOR@@@Z 004321da f   d3dx8:cd3dxcodec.obj
 0003:00005ef7       ?Encode@CD3DXCodec_A1R5G5B5@@UAEXIIPAUD3DXCOLOR@@@Z 004322b7 f   d3dx8:cd3dxcodec.obj
 0003:00005ff0       ?Encode@CD3DXCodec_A4R4G4B4@@UAEXIIPAUD3DXCOLOR@@@Z 004323b0 f   d3dx8:cd3dxcodec.obj
 0003:000060ef       ?Encode@CD3DXCodec_A8@@UAEXIIPAUD3DXCOLOR@@@Z 004324af f   d3dx8:cd3dxcodec.obj
 0003:00006175       ?Encode@CD3DXCodec_P8@@UAEXIIPAUD3DXCOLOR@@@Z 00432535 f   d3dx8:cd3dxcodec.obj
 0003:0000622f       ?Encode@CD3DXCodec_L8@@UAEXIIPAUD3DXCOLOR@@@Z 004325ef f   d3dx8:cd3dxcodec.obj
 0003:000062d1       ?Encode@CD3DXCodec_A8L8@@UAEXIIPAUD3DXCOLOR@@@Z 00432691 f   d3dx8:cd3dxcodec.obj
 0003:000063a7       ?Encode@CD3DXCodec_V8U8@@UAEXIIPAUD3DXCOLOR@@@Z 00432767 f   d3dx8:cd3dxcodec.obj
 0003:0000645c       ?Encode@CD3DXCodec_L6V5U5@@UAEXIIPAUD3DXCOLOR@@@Z 0043281c f   d3dx8:cd3dxcodec.obj
 0003:00006541       ?Encode@CD3DXCodec_Q8W8V8U8@@UAEXIIPAUD3DXCOLOR@@@Z 00432901 f   d3dx8:cd3dxcodec.obj
 0003:00006658       ?Encode@CD3DXCodec_V16U16@@UAEXIIPAUD3DXCOLOR@@@Z 00432a18 f   d3dx8:cd3dxcodec.obj
 0003:0000670f       ?Decode@CD3DXCodec_R8G8B8@@UAEXIIPAUD3DXCOLOR@@@Z 00432acf f   d3dx8:cd3dxcodec.obj
 0003:0000679b       ?Decode@CD3DXCodec_A8R8G8B8@@UAEXIIPAUD3DXCOLOR@@@Z 00432b5b f   d3dx8:cd3dxcodec.obj
 0003:00006841       ?Decode@CD3DXCodec_X8R8G8B8@@UAEXIIPAUD3DXCOLOR@@@Z 00432c01 f   d3dx8:cd3dxcodec.obj
 0003:000068dd       ?Decode@CD3DXCodec_R5G6B5@@UAEXIIPAUD3DXCOLOR@@@Z 00432c9d f   d3dx8:cd3dxcodec.obj
 0003:00006982       ?Decode@CD3DXCodec_X1R5G5B5@@UAEXIIPAUD3DXCOLOR@@@Z 00432d42 f   d3dx8:cd3dxcodec.obj
 0003:00006a24       ?Decode@CD3DXCodec_A1R5G5B5@@UAEXIIPAUD3DXCOLOR@@@Z 00432de4 f   d3dx8:cd3dxcodec.obj
 0003:00006ad4       ?Decode@CD3DXCodec_A4R4G4B4@@UAEXIIPAUD3DXCOLOR@@@Z 00432e94 f   d3dx8:cd3dxcodec.obj
 0003:00006b83       ?Decode@CD3DXCodec_A8@@UAEXIIPAUD3DXCOLOR@@@Z 00432f43 f   d3dx8:cd3dxcodec.obj
 0003:00006bf5       ?Decode@CD3DXCodec_P8@@UAEXIIPAUD3DXCOLOR@@@Z 00432fb5 f   d3dx8:cd3dxcodec.obj
 0003:00006c59       ?Decode@CD3DXCodec_L8@@UAEXIIPAUD3DXCOLOR@@@Z 00433019 f   d3dx8:cd3dxcodec.obj
 0003:00006cc7       ?Decode@CD3DXCodec_A8L8@@UAEXIIPAUD3DXCOLOR@@@Z 00433087 f   d3dx8:cd3dxcodec.obj
 0003:00006d50       ??0CD3DXCodecYUV@@QAE@PAUD3DX_BLT@@@Z 00433110 f   d3dx8:cd3dxcodec.obj
 0003:00006e2d       ?Commit@CD3DXCodecYUV@@QAEJXZ 004331ed f   d3dx8:cd3dxcodec.obj
 0003:00007020       ?Fetch@CD3DXCodecYUV@@QAEJIIH@Z 004333e0 f   d3dx8:cd3dxcodec.obj
 0003:000072f1       ?Encode@CD3DXCodecYUV@@UAEXIIPAUD3DXCOLOR@@@Z 004336b1 f   d3dx8:cd3dxcodec.obj
 0003:00007369       ?Decode@CD3DXCodecYUV@@UAEXIIPAUD3DXCOLOR@@@Z 00433729 f   d3dx8:cd3dxcodec.obj
 0003:000073d8       ??0CD3DXCodecDXT@@QAE@PAUD3DX_BLT@@@Z 00433798 f   d3dx8:cd3dxcodec.obj
 0003:000074fc       ?Commit@CD3DXCodecDXT@@QAEJXZ 004338bc f   d3dx8:cd3dxcodec.obj
 0003:00007801       ?Fetch@CD3DXCodecDXT@@QAEJIIH@Z 00433bc1 f   d3dx8:cd3dxcodec.obj
 0003:00007a83       ?Encode@CD3DXCodecDXT@@UAEXIIPAUD3DXCOLOR@@@Z 00433e43 f   d3dx8:cd3dxcodec.obj
 0003:00007b09       ?Decode@CD3DXCodecDXT@@UAEXIIPAUD3DXCOLOR@@@Z 00433ec9 f   d3dx8:cd3dxcodec.obj
 0003:00007b7d       ??0CD3DXCodec_R8G8B8@@QAE@PAUD3DX_BLT@@@Z 00433f3d f i d3dx8:cd3dxcodec.obj
 0003:00007b99       ??0CD3DXCodec_A8R8G8B8@@QAE@PAUD3DX_BLT@@@Z 00433f59 f i d3dx8:cd3dxcodec.obj
 0003:00007bb5       ??0CD3DXCodec_X8R8G8B8@@QAE@PAUD3DX_BLT@@@Z 00433f75 f i d3dx8:cd3dxcodec.obj
 0003:00007bd1       ??0CD3DXCodec_R5G6B5@@QAE@PAUD3DX_BLT@@@Z 00433f91 f i d3dx8:cd3dxcodec.obj
 0003:00007bed       ??_ECD3DXCodec_V16U16@@UAEPAXI@Z 00433fad f i d3dx8:cd3dxcodec.obj
 0003:00007bed       ??_GCD3DXCodec_L6V5U5@@UAEPAXI@Z 00433fad f i d3dx8:cd3dxcodec.obj
 0003:00007bed       ??_ECD3DXCodec_V8U8@@UAEPAXI@Z 00433fad f i d3dx8:cd3dxcodec.obj
 0003:00007bed       ??_ECD3DXCodec_L6V5U5@@UAEPAXI@Z 00433fad f i d3dx8:cd3dxcodec.obj
 0003:00007bed       ??_ECD3DXCodec_X8R8G8B8@@UAEPAXI@Z 00433fad f i d3dx8:cd3dxcodec.obj
 0003:00007bed       ??_ECD3DXCodec_X1R5G5B5@@UAEPAXI@Z 00433fad f i d3dx8:cd3dxcodec.obj
 0003:00007bed       ??_GCD3DXCodec_R5G6B5@@UAEPAXI@Z 00433fad f i d3dx8:cd3dxcodec.obj
 0003:00007bed       ??_GCD3DXCodec_X8R8G8B8@@UAEPAXI@Z 00433fad f i d3dx8:cd3dxcodec.obj
 0003:00007bed       ??_GCD3DXCodec_A1R5G5B5@@UAEPAXI@Z 00433fad f i d3dx8:cd3dxcodec.obj
 0003:00007bed       ??_GCD3DXCodec_Q8W8V8U8@@UAEPAXI@Z 00433fad f i d3dx8:cd3dxcodec.obj
 0003:00007bed       ??_ECD3DXCodec_A1R5G5B5@@UAEPAXI@Z 00433fad f i d3dx8:cd3dxcodec.obj
 0003:00007bed       ??_GCD3DXCodec_V8U8@@UAEPAXI@Z 00433fad f i d3dx8:cd3dxcodec.obj
 0003:00007bed       ??_GCD3DXCodec_L8@@UAEPAXI@Z 00433fad f i d3dx8:cd3dxcodec.obj
 0003:00007bed       ??_ECD3DXCodec_A8L8@@UAEPAXI@Z 00433fad f i d3dx8:cd3dxcodec.obj
 0003:00007bed       ??_GCD3DXCodec_V16U16@@UAEPAXI@Z 00433fad f i d3dx8:cd3dxcodec.obj
 0003:00007bed       ??_GCD3DXCodec@@UAEPAXI@Z  00433fad f i d3dx8:cd3dxcodec.obj
 0003:00007bed       ??_GCD3DXCodec_A8R8G8B8@@UAEPAXI@Z 00433fad f i d3dx8:cd3dxcodec.obj
 0003:00007bed       ??_GCD3DXCodec_A8@@UAEPAXI@Z 00433fad f i d3dx8:cd3dxcodec.obj
 0003:00007bed       ??_ECD3DXCodec_L8@@UAEPAXI@Z 00433fad f i d3dx8:cd3dxcodec.obj
 0003:00007bed       ??_ECD3DXCodec_A4R4G4B4@@UAEPAXI@Z 00433fad f i d3dx8:cd3dxcodec.obj
 0003:00007bed       ??_ECD3DXCodec_A8R8G8B8@@UAEPAXI@Z 00433fad f i d3dx8:cd3dxcodec.obj
 0003:00007bed       ??_GCD3DXCodec_R8G8B8@@UAEPAXI@Z 00433fad f i d3dx8:cd3dxcodec.obj
 0003:00007bed       ??_GCD3DXCodec_X1R5G5B5@@UAEPAXI@Z 00433fad f i d3dx8:cd3dxcodec.obj
 0003:00007bed       ??_ECD3DXCodec_R5G6B5@@UAEPAXI@Z 00433fad f i d3dx8:cd3dxcodec.obj
 0003:00007bed       ??_ECD3DXCodec@@UAEPAXI@Z  00433fad f i d3dx8:cd3dxcodec.obj
[...]
 0001:00019c40       _$E7                       0041a020 f   Main.obj
 0001:00019c60       _$E2                       0041a040 f   Main.obj
 0001:00019c70       _$E5                       0041a050 f   Main.obj
 0002:00001710       ?SwapSaveState@D3D@@YGXPAUSwapSavedState@1@@Z 0041b770 f   d3d8:present.obj
 0002:000017f0       ?SwapFirstFlip@D3D@@YGXPAVCDevice@1@@Z 0041b850 f   d3d8:present.obj
 0002:00001910       ?SwapSetState@D3D@@YGXPAUSwapSavedState@1@@Z 0041b970 f   d3d8:present.obj
 0002:00001a30       ?SwapRestoreState@D3D@@YGXPAUSwapSavedState@1@@Z 0041ba90 f   d3d8:present.obj
 0002:00001bb0       ?SwapSaveSurfaces@D3D@@YGXPAVCDevice@1@@Z 0041bc10 f   d3d8:present.obj
 0002:00001c40       ?SwapRestoreSurfaces@D3D@@YGXPAVCDevice@1@@Z 0041bca0 f   d3d8:present.obj
 0002:00001cb0       ?SwapCopyBlt@D3D@@YGXPAVCDevice@1@@Z 0041bd10 f   d3d8:present.obj
 0002:00001e30       ?SwapCopy@D3D@@YGXPAVCDevice@1@K@Z 0041be90 f   d3d8:present.obj
 0002:00002020       ?SwapFlip@D3D@@YGXPAVCDevice@1@@Z 0041c080 f   d3d8:present.obj
 0002:00002130       ?SwapFinish@D3D@@YGXPAVCDevice@1@@Z 0041c190 f   d3d8:present.obj
 0002:00005b20       ?FindFence@D3D@@YGPAUFence@1@K@Z 0041fb80 f   d3d8:pusher.obj
 0002:00007780       ?GetColorMaterial@D3D@@YGKXZ 004217e0 f   d3d8:lazy.obj
 0002:000084a0       ?SetLightColors@D3D@@YGPCKPCKPBULight@1@KK@Z 00422500 f   d3d8:lazy.obj
 0002:00008590       ?SetSceneAmbientAndMaterialEmission@D3D@@YGPCKPCKK@Z 004225f0 f   d3d8:lazy.obj
 0002:00008750       ?SetSpecularParameters@D3D@@YGPCKPCK@Z 004227b0 f   d3d8:lazy.obj
 0002:0000cfa0       ?CombinerInput@D3D@@YGKKKK@Z 00427000 f   d3d8:combiner.obj
 0003:000022b0       ?LF_SetupLinear@@YAPAEIIH@Z 0042e670 f   d3dx8:cd3dxblt.obj
 0003:00002c17       ?TF_SetupTriangle@@YAPAEIIH@Z 0042efd7 f   d3dx8:cd3dxblt.obj
 0003:0000396e       ?d3dx_jpeg_error_exit@@YAXPAUjpeg_common_struct@D3DX@@@Z 0042fd2e f   d3dx8:cd3dximage.obj
 0003:0000398a       ?output_message@D3DX@@YAXPAUjpeg_common_struct@1@@Z 0042fd4a f   d3dx8:cd3dximage.obj
 0003:0000398a       ?d3dx_jpeg_output_message@@YAXPAUjpeg_common_struct@D3DX@@@Z 0042fd4a f   d3dx8:cd3dximage.obj
 0003:000039a7       ?d3dx_jpeg_fill_input_buffer@@YAEPAUjpeg_decompress_struct@D3DX@@@Z 0042fd67 f   d3dx8:cd3dximage.obj
 0003:000039bc       ?d3dx_jpeg_skip_input_data@@YAXPAUjpeg_decompress_struct@D3DX@@J@Z 0042fd7c f   d3dx8:cd3dximage.obj
 0003:000039cd       ?d3dx_png_read_fn@@YAXPAUpng_struct_def@D3DX@@PAEI@Z 0042fd8d f   d3dx8:cd3dximage.obj
 0003:00003a10       ?d3dx_png_error_fn@@YAXPAUpng_struct_def@D3DX@@PBD@Z 0042fdd0 f   d3dx8:cd3dximage.obj
 0003:00005837       ?F2IBegin@@YAXXZ           00431bf7 f   d3dx8:cd3dxcodec.obj
 0003:0000815c       ?png_format_buffer@D3DX@@YAXPAUpng_struct_def@1@PADPBD@Z 0043451c f   d3dx8:pngerror.obj
 0003:0000833d       ?default_decompress_parms@D3DX@@YAXPAUjpeg_decompress_struct@1@@Z 004346fd f   d3dx8:jdapimin.obj
 0003:00008654       ?output_pass_setup@D3DX@@YAEPAUjpeg_decompress_struct@1@@Z 00434a14 f   d3dx8:jdapistd.obj
 0003:00008840       ?get_soi@D3DX@@YAEPAUjpeg_decompress_struct@1@@Z 00434c00 f   d3dx8:jdmarker.obj
 0003:000088ce       ?get_sof@D3DX@@YAEPAUjpeg_decompress_struct@1@EE@Z 00434c8e f   d3dx8:jdmarker.obj
 0003:00008bc9       ?get_sos@D3DX@@YAEPAUjpeg_decompress_struct@1@@Z 00434f89 f   d3dx8:jdmarker.obj
 0003:00008e7b       ?get_app0@D3DX@@YAEPAUjpeg_decompress_struct@1@@Z 0043523b f   d3dx8:jdmarker.obj
 0003:000090b7       ?get_app14@D3DX@@YAEPAUjpeg_decompress_struct@1@@Z 00435477 f   d3dx8:jdmarker.obj
 0003:00009231       ?get_dac@D3DX@@YAEPAUjpeg_decompress_struct@1@@Z 004355f1 f   d3dx8:jdmarker.obj
 0003:00009388       ?get_dht@D3DX@@YAEPAUjpeg_decompress_struct@1@@Z 00435748 f   d3dx8:jdmarker.obj
 0003:0000961c       ?get_dqt@D3DX@@YAEPAUjpeg_decompress_struct@1@@Z 004359dc f   d3dx8:jdmarker.obj
 0003:00009845       ?get_dri@D3DX@@YAEPAUjpeg_decompress_struct@1@@Z 00435c05 f   d3dx8:jdmarker.obj
 0003:0000991c       ?skip_variable@D3DX@@YAEPAUjpeg_decompress_struct@1@@Z 00435cdc f   d3dx8:jdmarker.obj
 0003:000099b8       ?next_marker@D3DX@@YAEPAUjpeg_decompress_struct@1@@Z 00435d78 f   d3dx8:jdmarker.obj
 0003:00009a8f       ?first_marker@D3DX@@YAEPAUjpeg_decompress_struct@1@@Z 00435e4f f   d3dx8:jdmarker.obj
 0003:00009b26       ?read_markers@D3DX@@YAHPAUjpeg_decompress_struct@1@@Z 00435ee6 f   d3dx8:jdmarker.obj
 0003:00009d13       ?read_restart_marker@D3DX@@YAEPAUjpeg_decompress_struct@1@@Z 004360d3 f   d3dx8:jdmarker.obj
 0003:00009e80       ?reset_marker_reader@D3DX@@YAXPAUjpeg_decompress_struct@1@@Z 00436240 f   d3dx8:jdmarker.obj
 0003:00009f27       ?error_exit@D3DX@@YAXPAUjpeg_common_struct@1@@Z 004362e7 f   d3dx8:jerror.obj
 0003:00009f42       ?emit_message@D3DX@@YAXPAUjpeg_common_struct@1@H@Z 00436302 f   d3dx8:jerror.obj
 0003:00009f73       ?format_message@D3DX@@YAXPAUjpeg_common_struct@1@PAD@Z 00436333 f   d3dx8:jerror.obj
 0003:0000a00a       ?reset_error_mgr@D3DX@@YAXPAUjpeg_common_struct@1@@Z 004363ca f   d3dx8:jerror.obj
 0003:0000c524       ?ColorToFcolor@@YAXPAUS3TC_COLOR@@PAUFCOLOR@@@Z 004388e4 f   d3dx8:s3tc.obj
 0003:0000c556       ?FcolorToColor@@YAXPAUFCOLOR@@PAUS3TC_COLOR@@@Z 00438916 f   d3dx8:s3tc.obj
 0003:0000c58b       ?ColorToRGB@@YAXPAUS3TC_COLOR@@PAG@Z 0043894b f   d3dx8:s3tc.obj
 0003:0000c5bb       ?RGBToColor@@YAXPAGPAUS3TC_COLOR@@@Z 0043897b f   d3dx8:s3tc.obj
 0003:0000c608       ?Square3x3@@YAXQAY02M0@Z   004389c8 f   d3dx8:s3tc.obj
 0003:0000c6a7       ?Quantize@@YAXPAUFCOLOR@@0PAUS3TCBlockRGB@@H@Z 00438a67 f   d3dx8:s3tc.obj
 0003:0000c732       ?ClipExtrema@@YAXPAUFCOLOR@@0@Z 00438af2 f   d3dx8:s3tc.obj
 0003:0000c864       ?AllSame@@YAXPAUS3TC_COLOR@@PAUS3TCBlockRGB@@G@Z 00438c24 f   d3dx8:s3tc.obj
 0003:0000d261       ?initial_setup@D3DX@@YAXPAUjpeg_decompress_struct@1@@Z 00439621 f   d3dx8:jdinput.obj
 0003:0000d41c       ?per_scan_setup@D3DX@@YAXPAUjpeg_decompress_struct@1@@Z 004397dc f   d3dx8:jdinput.obj
 0003:0000d592       ?latch_quant_tables@D3DX@@YAXPAUjpeg_decompress_struct@1@@Z 00439952 f   d3dx8:jdinput.obj
 0003:0000d624       ?start_input_pass@D3DX@@YAXPAUjpeg_decompress_struct@1@@Z 004399e4 f   d3dx8:jdinput.obj
 0003:0000d65e       ?consume_markers@D3DX@@YAHPAUjpeg_decompress_struct@1@@Z 00439a1e f   d3dx8:jdinput.obj
 0003:0000d6f1       ?reset_input_controller@D3DX@@YAXPAUjpeg_decompress_struct@1@@Z 00439ab1 f   d3dx8:jdinput.obj
 0003:0000d728       ?finish_input_pass@D3DX@@YAXPAUjpeg_decompress_struct@1@@Z 00439ae8 f   d3dx8:jdinput.obj
 0003:0000d77a       ?out_of_memory@D3DX@@YAXPAUjpeg_common_struct@1@H@Z 00439b3a f   d3dx8:jmemmgr.obj
 0003:0000d78f       ?alloc_small@D3DX@@YAPAXPAUjpeg_common_struct@1@HI@Z 00439b4f f   d3dx8:jmemmgr.obj
 0003:0000d88b       ?alloc_large@D3DX@@YAPAXPAUjpeg_common_struct@1@HI@Z 00439c4b f   d3dx8:jmemmgr.obj
 0003:0000d919       ?alloc_sarray@D3DX@@YAPAPAEPAUjpeg_common_struct@1@HII@Z 00439cd9 f   d3dx8:jmemmgr.obj
 0003:0000d9ab       ?alloc_barray@D3DX@@YAPAPAY0EA@FPAUjpeg_common_struct@1@HII@Z 00439d6b f   d3dx8:jmemmgr.obj
 0003:0000da49       ?request_virt_sarray@D3DX@@YAPAUjvirt_sarray_control@1@PAUjpeg_common_struct@1@HEIII@Z 00439e09 f   d3dx8:jmemmgr.obj
 0003:0000daaa       ?request_virt_barray@D3DX@@YAPAUjvirt_barray_control@1@PAUjpeg_common_struct@1@HEIII@Z 00439e6a f   d3dx8:jmemmgr.obj
 0003:0000db0b       ?realize_virt_arrays@D3DX@@YAXPAUjpeg_common_struct@1@@Z 00439ecb f   d3dx8:jmemmgr.obj
 0003:0000dc8a       ?do_sarray_io@D3DX@@YAXPAUjpeg_common_struct@1@PAUjvirt_sarray_control@1@E@Z 0043a04a f   d3dx8:jmemmgr.obj
 0003:0000dd12       ?do_barray_io@D3DX@@YAXPAUjpeg_common_struct@1@PAUjvirt_barray_control@1@E@Z 0043a0d2 f   d3dx8:jmemmgr.obj
 0003:0000dd9d       ?access_virt_sarray@D3DX@@YAPAPAEPAUjpeg_common_struct@1@PAUjvirt_sarray_control@1@IIE@Z 0043a15d f   d3dx8:jmemmgr.obj
 0003:0000debb       ?access_virt_barray@D3DX@@YAPAPAY0EA@FPAUjpeg_common_struct@1@PAUjvirt_barray_control@1@IIE@Z 0043a27b f   d3dx8:jmemmgr.obj
 0003:0000dfde       ?free_pool@D3DX@@YAXPAUjpeg_common_struct@1@H@Z 0043a39e f   d3dx8:jmemmgr.obj
 0003:0000e0bf       ?self_destruct@D3DX@@YAXPAUjpeg_common_struct@1@@Z 0043a47f f   d3dx8:jmemmgr.obj
 0003:0000e218       ?use_merged_upsample@D3DX@@YAEPAUjpeg_decompress_struct@1@@Z 0043a5d8 f   d3dx8:jdmaster.obj
 0003:0000e478       ?prepare_range_limit_table@D3DX@@YAXPAUjpeg_decompress_struct@1@@Z 0043a838 f   d3dx8:jdmaster.obj
 0003:0000e4e7       ?master_selection@D3DX@@YAXPAUjpeg_decompress_struct@1@@Z 0043a8a7 f   d3dx8:jdmaster.obj
 0003:0000e694       ?prepare_for_output_pass@D3DX@@YAXPAUjpeg_decompress_struct@1@@Z 0043aa54 f   d3dx8:jdmaster.obj
 0003:0000e7c1       ?finish_output_pass@D3DX@@YAXPAUjpeg_decompress_struct@1@@Z 0043ab81 f   d3dx8:jdmaster.obj
 0003:00010225       ?dummy_consume_data@D3DX@@YAHPAUjpeg_decompress_struct@1@@Z 0043c5e5 f   d3dx8:jmemnobs.obj
 0003:00010228       ?alloc_funny_pointers@D3DX@@YAXPAUjpeg_decompress_struct@1@@Z 0043c5e8 f   d3dx8:jdmainct.obj
 0003:000102d0       ?make_funny_pointers@D3DX@@YAXPAUjpeg_decompress_struct@1@@Z 0043c690 f   d3dx8:jdmainct.obj
 0003:00010401       ?set_wraparound_pointers@D3DX@@YAXPAUjpeg_decompress_struct@1@@Z 0043c7c1 f   d3dx8:jdmainct.obj
 0003:000104d5       ?set_bottom_pointers@D3DX@@YAXPAUjpeg_decompress_struct@1@@Z 0043c895 f   d3dx8:jdmainct.obj
 0003:0001056b       ?process_data_simple_main@D3DX@@YAXPAUjpeg_decompress_struct@1@PAPAEPAII@Z 0043c92b f   d3dx8:jdmainct.obj
 0003:000105d3       ?process_data_context_main@D3DX@@YAXPAUjpeg_decompress_struct@1@PAPAEPAII@Z 0043c993 f   d3dx8:jdmainct.obj
 0003:000106db       ?process_data_crank_post@D3DX@@YAXPAUjpeg_decompress_struct@1@PAPAEPAII@Z 0043ca9b f   d3dx8:jdmainct.obj
 0003:000106fe       ?start_pass_main@D3DX@@YAXPAUjpeg_decompress_struct@1@W4J_BUF_MODE@1@@Z 0043cabe f   d3dx8:jdmainct.obj
 0003:00010839       ?start_iMCU_row@D3DX@@YAXPAUjpeg_decompress_struct@1@@Z 0043cbf9 f   d3dx8:jdcoefct.obj
 0003:00010878       ?start_input_pass@D3DX@@YAXPAUjpeg_decompress_struct@1@@Z 0043cc38 f   d3dx8:jdcoefct.obj
 0003:00010888       ?decompress_onepass@D3DX@@YAHPAUjpeg_decompress_struct@1@PAPAPAE@Z 0043cc48 f   d3dx8:jdcoefct.obj
 0003:00010a62       ?consume_data@D3DX@@YAHPAUjpeg_decompress_struct@1@@Z 0043ce22 f   d3dx8:jdcoefct.obj
 0003:00010c01       ?decompress_data@D3DX@@YAHPAUjpeg_decompress_struct@1@PAPAPAE@Z 0043cfc1 f   d3dx8:jdcoefct.obj
 0003:00010d67       ?smoothing_ok@D3DX@@YAEPAUjpeg_decompress_struct@1@@Z 0043d127 f   d3dx8:jdcoefct.obj
 0003:00010e4a       ?decompress_smooth_data@D3DX@@YAHPAUjpeg_decompress_struct@1@PAPAPAE@Z 0043d20a f   d3dx8:jdcoefct.obj
 0003:00011364       ?start_output_pass@D3DX@@YAXPAUjpeg_decompress_struct@1@@Z 0043d724 f   d3dx8:jdcoefct.obj
 0003:00011815       ?process_restart@D3DX@@YAEPAUjpeg_decompress_struct@1@@Z 0043dbd5 f   d3dx8:jdhuff.obj
 0003:00011873       ?decode_mcu@D3DX@@YAEPAUjpeg_decompress_struct@1@PAPAY0EA@F@Z 0043dc33 f   d3dx8:jdhuff.obj
 0003:00011c40       ?start_pass_huff_decoder@D3DX@@YAXPAUjpeg_decompress_struct@1@@Z 0043e000 f   d3dx8:jdhuff.obj
 0003:00011da9       ?process_restart@D3DX@@YAEPAUjpeg_decompress_struct@1@@Z 0043e169 f   d3dx8:jdphuff.obj
 0003:00011e04       ?decode_mcu_DC_first@D3DX@@YAEPAUjpeg_decompress_struct@1@PAPAY0EA@F@Z 0043e1c4 f   d3dx8:jdphuff.obj
 0003:00012001       ?decode_mcu_AC_first@D3DX@@YAEPAUjpeg_decompress_struct@1@PAPAY0EA@F@Z 0043e3c1 f   d3dx8:jdphuff.obj
 0003:0001222a       ?decode_mcu_DC_refine@D3DX@@YAEPAUjpeg_decompress_struct@1@PAPAY0EA@F@Z 0043e5ea f   d3dx8:jdphuff.obj
 0003:0001230c       ?decode_mcu_AC_refine@D3DX@@YAEPAUjpeg_decompress_struct@1@PAPAY0EA@F@Z 0043e6cc f   d3dx8:jdphuff.obj
 0003:0001267a       ?start_pass_phuff_decoder@D3DX@@YAXPAUjpeg_decompress_struct@1@@Z 0043ea3a f   d3dx8:jdphuff.obj
 0003:0001297e       ?start_pass@D3DX@@YAXPAUjpeg_decompress_struct@1@@Z 0043ed3e f   d3dx8:jddctmgr.obj
 0003:00012ba9       ?post_process_1pass@D3DX@@YAXPAUjpeg_decompress_struct@1@PAPAPAEPAIIPAPAE2I@Z 0043ef69 f   d3dx8:jdpostct.obj
 0003:00012c0e       ?post_process_prepass@D3DX@@YAXPAUjpeg_decompress_struct@1@PAPAPAEPAIIPAPAE2I@Z 0043efce f   d3dx8:jdpostct.obj
 0003:00012c9e       ?post_process_2pass@D3DX@@YAXPAUjpeg_decompress_struct@1@PAPAPAEPAIIPAPAE2I@Z 0043f05e f   d3dx8:jdpostct.obj
 0003:00012d2a       ?start_pass_dpost@D3DX@@YAXPAUjpeg_decompress_struct@1@W4J_BUF_MODE@1@@Z 0043f0ea f   d3dx8:jdpostct.obj
 0003:00012e53       ?start_pass_upsample@D3DX@@YAXPAUjpeg_decompress_struct@1@@Z 0043f213 f   d3dx8:jdsample.obj
 0003:00012e6d       ?sep_upsample@D3DX@@YAXPAUjpeg_decompress_struct@1@PAPAPAEPAIIPAPAE2I@Z 0043f22d f   d3dx8:jdsample.obj
 0003:00012f33       ?fullsize_upsample@D3DX@@YAXPAUjpeg_decompress_struct@1@PAUjpeg_component_info@1@PAPAEPAPAPAE@Z 0043f2f3 f   d3dx8:jdsample.obj
 0003:00012f3e       ?noop_upsample@D3DX@@YAXPAUjpeg_decompress_struct@1@PAUjpeg_component_info@1@PAPAEPAPAPAE@Z 0043f2fe f   d3dx8:jdsample.obj
 0003:00012f46       ?int_upsample@D3DX@@YAXPAUjpeg_decompress_struct@1@PAUjpeg_component_info@1@PAPAEPAPAPAE@Z 0043f306 f   d3dx8:jdsample.obj
 0003:00013023       ?h2v1_upsample@D3DX@@YAXPAUjpeg_decompress_struct@1@PAUjpeg_component_info@1@PAPAEPAPAPAE@Z 0043f3e3 f   d3dx8:jdsample.obj
 0003:0001307a       ?h2v2_upsample@D3DX@@YAXPAUjpeg_decompress_struct@1@PAUjpeg_component_info@1@PAPAEPAPAPAE@Z 0043f43a f   d3dx8:jdsample.obj
 0003:000130e4       ?h2v1_fancy_upsample@D3DX@@YAXPAUjpeg_decompress_struct@1@PAUjpeg_component_info@1@PAPAEPAPAPAE@Z 0043f4a4 f   d3dx8:jdsample.obj
 0003:00013188       ?h2v2_fancy_upsample@D3DX@@YAXPAUjpeg_decompress_struct@1@PAUjpeg_component_info@1@PAPAEPAPAPAE@Z 0043f548 f   d3dx8:jdsample.obj
 0003:0001344e       ?build_ycc_rgb_table@D3DX@@YAXPAUjpeg_decompress_struct@1@@Z 0043f80e f   d3dx8:jdcolor.obj
 0003:000134fe       ?null_convert@D3DX@@YAXPAUjpeg_decompress_struct@1@PAPAPAEIPAPAEH@Z 0043f8be f   d3dx8:jdcolor.obj
 0003:00013569       ?grayscale_convert@D3DX@@YAXPAUjpeg_decompress_struct@1@PAPAPAEIPAPAEH@Z 0043f929 f   d3dx8:jdcolor.obj
 0003:0001358c       ?ycck_cmyk_convert@D3DX@@YAXPAUjpeg_decompress_struct@1@PAPAPAEIPAPAEH@Z 0043f94c f   d3dx8:jdcolor.obj
 0003:000137fa       ?ycc_rgb_convert@D3DX@@YAXPAUjpeg_decompress_struct@1@PAPAPAEIPAPAEH@Z 0043fbba f   d3dx8:jdcolor.obj
 0003:00013b39       ?build_ycc_rgb_table@D3DX@@YAXPAUjpeg_decompress_struct@1@@Z 0043fef9 f   d3dx8:jdmerge.obj
 0003:00013be9       ?start_pass_merged_upsample@D3DX@@YAXPAUjpeg_decompress_struct@1@@Z 0043ffa9 f   d3dx8:jdmerge.obj
 0003:00013bfe       ?merged_2v_upsample@D3DX@@YAXPAUjpeg_decompress_struct@1@PAPAPAEPAIIPAPAE2I@Z 0043ffbe f   d3dx8:jdmerge.obj
 0003:00013ca4       ?merged_1v_upsample@D3DX@@YAXPAUjpeg_decompress_struct@1@PAPAPAEPAIIPAPAE2I@Z 00440064 f   d3dx8:jdmerge.obj
 0003:00013cd5       ?h2v1_merged_upsample@D3DX@@YAXPAUjpeg_decompress_struct@1@PAPAPAEIPAPAE@Z 00440095 f   d3dx8:jdmerge.obj
 0003:00013e2b       ?h2v2_merged_upsample@D3DX@@YAXPAUjpeg_decompress_struct@1@PAPAPAEIPAPAE@Z 004401eb f   d3dx8:jdmerge.obj
 0003:00014086       ?prescan_quantize@D3DX@@YAXPAUjpeg_decompress_struct@1@PAPAE1H@Z 00440446 f   d3dx8:jquant2.obj
 0003:000140f2       ?update_box@D3DX@@YAXPAUjpeg_decompress_struct@1@PAUbox@1@@Z 004404b2 f   d3dx8:jquant2.obj
 0003:0001442a       ?median_cut@D3DX@@YAHPAUjpeg_decompress_struct@1@PAUbox@1@HH@Z 004407ea f   d3dx8:jquant2.obj
 0003:0001457d       ?compute_color@D3DX@@YAXPAUjpeg_decompress_struct@1@PAUbox@1@H@Z 0044093d f   d3dx8:jquant2.obj
 0003:000146b5       ?select_colors@D3DX@@YAXPAUjpeg_decompress_struct@1@H@Z 00440a75 f   d3dx8:jquant2.obj
 0003:00014742       ?find_nearby_colors@D3DX@@YAHPAUjpeg_decompress_struct@1@HHHQAE@Z 00440b02 f   d3dx8:jquant2.obj
 0003:000148c2       ?find_best_colors@D3DX@@YAXPAUjpeg_decompress_struct@1@HHHHQAE1@Z 00440c82 f   d3dx8:jquant2.obj
 0003:000149dc       ?fill_inverse_cmap@D3DX@@YAXPAUjpeg_decompress_struct@1@HHH@Z 00440d9c f   d3dx8:jquant2.obj
 0003:00014aac       ?pass2_no_dither@D3DX@@YAXPAUjpeg_decompress_struct@1@PAPAE1H@Z 00440e6c f   d3dx8:jquant2.obj
 0003:00014b55       ?pass2_fs_dither@D3DX@@YAXPAUjpeg_decompress_struct@1@PAPAE1H@Z 00440f15 f   d3dx8:jquant2.obj
 0003:00014dc3       ?init_error_limit@D3DX@@YAXPAUjpeg_decompress_struct@1@@Z 00441183 f   d3dx8:jquant2.obj
 0003:00014e53       ?finish_pass1@D3DX@@YAXPAUjpeg_decompress_struct@1@@Z 00441213 f   d3dx8:jquant2.obj
 0003:00014e75       ?d3dx_jpeg_init_source@@YAXPAUjpeg_decompress_struct@D3DX@@@Z 00441235 f   d3dx8:jquant2.obj
 0003:00014e75       ?d3dx_png_warning_fn@@YAXPAUpng_struct_def@D3DX@@PBD@Z 00441235 f   d3dx8:jquant2.obj
 0003:00014e75       ?start_pass_dcolor@D3DX@@YAXPAUjpeg_decompress_struct@1@@Z 00441235 f   d3dx8:jquant2.obj
 0003:00014e75       ?d3dx_jpeg_ignore_message@@YAXPAUjpeg_common_struct@D3DX@@@Z 00441235 f   d3dx8:jquant2.obj
 0003:00014e75       ?d3dx_jpeg_term_source@@YAXPAUjpeg_decompress_struct@D3DX@@@Z 00441235 f   d3dx8:jquant2.obj
 0003:00014e75       ?finish_pass2@D3DX@@YAXPAUjpeg_decompress_struct@1@@Z 00441235 f   d3dx8:jquant2.obj
 0003:00014e75       ?finish_pass_1_quant@D3DX@@YAXPAUjpeg_decompress_struct@1@@Z 00441235 f   d3dx8:jquant2.obj
 0003:00014e76       ?start_pass_2_quant@D3DX@@YAXPAUjpeg_decompress_struct@1@E@Z 00441236 f   d3dx8:jquant2.obj
 0003:00014f78       ?new_color_map_2_quant@D3DX@@YAXPAUjpeg_decompress_struct@1@@Z 00441338 f   d3dx8:jquant2.obj
 0003:0001509a       ?select_ncolors@D3DX@@YAHPAUjpeg_decompress_struct@1@QAH@Z 0044145a f   d3dx8:jquant1.obj
 0003:00015165       ?create_colormap@D3DX@@YAXPAUjpeg_decompress_struct@1@@Z 00441525 f   d3dx8:jquant1.obj
 0003:00015292       ?create_colorindex@D3DX@@YAXPAUjpeg_decompress_struct@1@@Z 00441652 f   d3dx8:jquant1.obj
 0003:000153bd       ?create_odither_tables@D3DX@@YAXPAUjpeg_decompress_struct@1@@Z 0044177d f   d3dx8:jquant1.obj
 0003:00015482       ?color_quantize@D3DX@@YAXPAUjpeg_decompress_struct@1@PAPAE1H@Z 00441842 f   d3dx8:jquant1.obj
 0003:0001550a       ?color_quantize3@D3DX@@YAXPAUjpeg_decompress_struct@1@PAPAE1H@Z 004418ca f   d3dx8:jquant1.obj
 0003:00015597       ?quantize_ord_dither@D3DX@@YAXPAUjpeg_decompress_struct@1@PAPAE1H@Z 00441957 f   d3dx8:jquant1.obj
 0003:00015682       ?quantize3_ord_dither@D3DX@@YAXPAUjpeg_decompress_struct@1@PAPAE1H@Z 00441a42 f   d3dx8:jquant1.obj
 0003:00015781       ?quantize_fs_dither@D3DX@@YAXPAUjpeg_decompress_struct@1@PAPAE1H@Z 00441b41 f   d3dx8:jquant1.obj
 0003:00015903       ?alloc_fs_workspace@D3DX@@YAXPAUjpeg_decompress_struct@1@@Z 00441cc3 f   d3dx8:jquant1.obj
 0003:00015939       ?start_pass_1_quant@D3DX@@YAXPAUjpeg_decompress_struct@1@E@Z 00441cf9 f   d3dx8:jquant1.obj
 0003:00015a03       ?new_color_map_1_quant@D3DX@@YAXPAUjpeg_decompress_struct@1@@Z 00441dc3 f   d3dx8:jquant1.obj
 0003:000173c6       ?huft_build@D3DX@@YAHPAIIIPBI1PAPAUinflate_huft_s@1@0PAU21@00@Z 00443786 f   d3dx8:inftrees.obj
 0005:0000001f       ??2@YAPAXI@Z               0044a6bf f   dsound:dsapi.obj
 0005:000000eb       ?FloatToLong@Math@DirectSound@@YGJM@Z 0044a78b f   dsound:dsapi.obj
 0005:000000eb       ?FloatToLong@Math@DirectSound@@YGJM@Z 0044a78b f   dsound:dsapi.obj
 0005:0000013d       ?lsb@Math@DirectSound@@YIII@Z 0044a7dd f   dsound:dsapi.obj
 0005:00001cda       _$E1                       0044c37a f   dsound:dscommon.obj
 0005:00001ce5       _$E3                       0044c385 f   dsound:dscommon.obj
 0005:00002fd4       _$E1                       0044d674 f   dsound:heap.obj
 0005:00002fdf       _$E3                       0044d67f f   dsound:heap.obj
 0005:00002fea       ?and@@YIXPCGG@Z            0044d68a f   dsound:mcpvoice.obj
 0005:00002fea       ?and@@YIXPCGG@Z            0044d68a f   dsound:mcpvoice.obj
 0005:00002fee       ?or@@YIXPCGG@Z             0044d68e f   dsound:mcpvoice.obj
 0005:00002fee       ?or@@YIXPCGG@Z             0044d68e f   dsound:mcpvoice.obj
 0005:0000523c       ?mBToLinear@@YGMJ@Z        0044f8dc f   dsound:i3dl2.obj
